Archive member included to satisfy reference by file (symbol)

basic/display_driver/libdisplay_driver.a(display_driver.c.obj)
                              basic/CMakeFiles/pio_ws2812.dir/ws2812.c.obj (reset_display)
basic/display_driver/libdisplay_driver.a(pio.c.obj)
                              basic/display_driver/libdisplay_driver.a(display_driver.c.obj) (pio_add_program)
c:/progra~1/raspbe~1/picosd~1.0/gcc-ar~1/bin/../lib/gcc/arm-none-eabi/10.3.1/thumb/v6-m/nofp\libgcc.a(_dvmd_tls.o)
                              basic/CMakeFiles/pio_ws2812.dir/C_/Users/dreng/source/repos/pico/pico-sdk/src/rp2_common/pico_divider/divider.S.obj (__aeabi_idiv0)
c:/progra~1/raspbe~1/picosd~1.0/gcc-ar~1/bin/../lib/gcc/arm-none-eabi/10.3.1/../../../../arm-none-eabi/lib/thumb/v6-m/nofp\libg.a(lib_a-calloc.o)
                              basic/CMakeFiles/pio_ws2812.dir/C_/Users/dreng/source/repos/pico/pico-sdk/src/rp2_common/pico_malloc/pico_malloc.c.obj (calloc)
c:/progra~1/raspbe~1/picosd~1.0/gcc-ar~1/bin/../lib/gcc/arm-none-eabi/10.3.1/../../../../arm-none-eabi/lib/thumb/v6-m/nofp\libg.a(lib_a-callocr.o)
                              c:/progra~1/raspbe~1/picosd~1.0/gcc-ar~1/bin/../lib/gcc/arm-none-eabi/10.3.1/../../../../arm-none-eabi/lib/thumb/v6-m/nofp\libg.a(lib_a-calloc.o) (_calloc_r)
c:/progra~1/raspbe~1/picosd~1.0/gcc-ar~1/bin/../lib/gcc/arm-none-eabi/10.3.1/../../../../arm-none-eabi/lib/thumb/v6-m/nofp\libg.a(lib_a-errno.o)
                              c:/progra~1/raspbe~1/picosd~1.0/gcc-ar~1/bin/../lib/gcc/arm-none-eabi/10.3.1/../../../../arm-none-eabi/lib/thumb/v6-m/nofp\libg.a(lib_a-callocr.o) (__errno)
c:/progra~1/raspbe~1/picosd~1.0/gcc-ar~1/bin/../lib/gcc/arm-none-eabi/10.3.1/../../../../arm-none-eabi/lib/thumb/v6-m/nofp\libg.a(lib_a-impure.o)
                              c:/progra~1/raspbe~1/picosd~1.0/gcc-ar~1/bin/../lib/gcc/arm-none-eabi/10.3.1/../../../../arm-none-eabi/lib/thumb/v6-m/nofp\libg.a(lib_a-calloc.o) (_impure_ptr)
c:/progra~1/raspbe~1/picosd~1.0/gcc-ar~1/bin/../lib/gcc/arm-none-eabi/10.3.1/../../../../arm-none-eabi/lib/thumb/v6-m/nofp\libg.a(lib_a-init.o)
                              c:/progra~1/raspbe~1/picosd~1.0/gcc-ar~1/bin/../lib/gcc/arm-none-eabi/10.3.1/../../../../arm-none-eabi/lib/thumb/v6-m/nofp/crt0.o (__libc_init_array)
c:/progra~1/raspbe~1/picosd~1.0/gcc-ar~1/bin/../lib/gcc/arm-none-eabi/10.3.1/../../../../arm-none-eabi/lib/thumb/v6-m/nofp\libg.a(lib_a-malloc.o)
                              basic/CMakeFiles/pio_ws2812.dir/C_/Users/dreng/source/repos/pico/pico-sdk/src/rp2_common/pico_malloc/pico_malloc.c.obj (malloc)
c:/progra~1/raspbe~1/picosd~1.0/gcc-ar~1/bin/../lib/gcc/arm-none-eabi/10.3.1/../../../../arm-none-eabi/lib/thumb/v6-m/nofp\libg.a(lib_a-mallocr.o)
                              c:/progra~1/raspbe~1/picosd~1.0/gcc-ar~1/bin/../lib/gcc/arm-none-eabi/10.3.1/../../../../arm-none-eabi/lib/thumb/v6-m/nofp\libg.a(lib_a-callocr.o) (_malloc_r)
c:/progra~1/raspbe~1/picosd~1.0/gcc-ar~1/bin/../lib/gcc/arm-none-eabi/10.3.1/../../../../arm-none-eabi/lib/thumb/v6-m/nofp\libg.a(lib_a-mlock.o)
                              c:/progra~1/raspbe~1/picosd~1.0/gcc-ar~1/bin/../lib/gcc/arm-none-eabi/10.3.1/../../../../arm-none-eabi/lib/thumb/v6-m/nofp\libg.a(lib_a-mallocr.o) (__malloc_lock)
c:/progra~1/raspbe~1/picosd~1.0/gcc-ar~1/bin/../lib/gcc/arm-none-eabi/10.3.1/../../../../arm-none-eabi/lib/thumb/v6-m/nofp\libg.a(lib_a-rand.o)
                              basic/CMakeFiles/pio_ws2812.dir/ws2812.c.obj (rand)
c:/progra~1/raspbe~1/picosd~1.0/gcc-ar~1/bin/../lib/gcc/arm-none-eabi/10.3.1/../../../../arm-none-eabi/lib/thumb/v6-m/nofp\libg.a(lib_a-realloc.o)
                              basic/CMakeFiles/pio_ws2812.dir/C_/Users/dreng/source/repos/pico/pico-sdk/src/rp2_common/pico_malloc/pico_malloc.c.obj (realloc)
c:/progra~1/raspbe~1/picosd~1.0/gcc-ar~1/bin/../lib/gcc/arm-none-eabi/10.3.1/../../../../arm-none-eabi/lib/thumb/v6-m/nofp\libg.a(lib_a-reallocr.o)
                              c:/progra~1/raspbe~1/picosd~1.0/gcc-ar~1/bin/../lib/gcc/arm-none-eabi/10.3.1/../../../../arm-none-eabi/lib/thumb/v6-m/nofp\libg.a(lib_a-realloc.o) (_realloc_r)
c:/progra~1/raspbe~1/picosd~1.0/gcc-ar~1/bin/../lib/gcc/arm-none-eabi/10.3.1/../../../../arm-none-eabi/lib/thumb/v6-m/nofp\libg.a(lib_a-sbrkr.o)
                              c:/progra~1/raspbe~1/picosd~1.0/gcc-ar~1/bin/../lib/gcc/arm-none-eabi/10.3.1/../../../../arm-none-eabi/lib/thumb/v6-m/nofp\libg.a(lib_a-mallocr.o) (_sbrk_r)
c:/progra~1/raspbe~1/picosd~1.0/gcc-ar~1/bin/../lib/gcc/arm-none-eabi/10.3.1/../../../../arm-none-eabi/lib/thumb/v6-m/nofp\libg.a(lib_a-strlen-stub.o)
                              basic/CMakeFiles/pio_ws2812.dir/C_/Users/dreng/source/repos/pico/pico-sdk/src/rp2_common/pico_stdio/stdio.c.obj (strlen)
c:/progra~1/raspbe~1/picosd~1.0/gcc-ar~1/bin/../lib/gcc/arm-none-eabi/10.3.1/../../../../arm-none-eabi/lib/thumb/v6-m/nofp\libg.a(lib_a-freer.o)
[...]
Memory Configuration

Name             Origin             Length             Attributes
FLASH            0x10000000         0x00200000         xr
RAM              0x20000000         0x00040000         xrw
SCRATCH_X        0x20040000         0x00001000         xrw
SCRATCH_Y        0x20041000         0x00001000         xrw
*default*        0x00000000         0xffffffff

Linker script and memory map

LOAD c:/progra~1/raspbe~1/picosd~1.0/gcc-ar~1/bin/../lib/gcc/arm-none-eabi/10.3.1/thumb/v6-m/nofp/crti.o
LOAD c:/progra~1/raspbe~1/picosd~1.0/gcc-ar~1/bin/../lib/gcc/arm-none-eabi/10.3.1/thumb/v6-m/nofp/crtbegin.o
LOAD c:/progra~1/raspbe~1/picosd~1.0/gcc-ar~1/bin/../lib/gcc/arm-none-eabi/10.3.1/../../../../arm-none-eabi/lib/thumb/v6-m/nofp/crt0.o

.flash_begin    0x10000000        0x0
                0x10000000                __flash_binary_start = .

.boot2          0x10000000      0x100
                0x10000000                __boot2_start__ = .
 *(.boot2)
 .boot2         0x10000000      0x100 C:\Users\dreng\AppData\Local\Temp\ccCZCap1.o
                0x10000100                __boot2_end__ = .
                0x00000001                ASSERT (((__boot2_end__ - __boot2_start__) == 0x100), ERROR: Pico second stage bootloader must be 256 bytes in size)

.text           0x10000100     0x4d48
                0x10000100                __logical_binary_start = .
 *(.vectors)
 .vectors       0x10000100       0xd4 basic/CMakeFiles/pio_ws2812.dir/C_/Users/dreng/source/repos/pico/pico-sdk/src/rp2_common/pico_standard_link/crt0.S.obj
                0x10000100                __VECTOR_TABLE
                0x10000100                __vectors
                0x100001c0                isr_invalid
                0x100001c0                __default_isrs_start
                0x100001c2                isr_nmi
                0x100001c4                isr_hardfault
                0x100001c6                isr_svcall
                0x100001c8                isr_pendsv
                0x100001ca                isr_systick
                0x100001cc                isr_irq23
                0x100001cc                isr_irq18
                0x100001cc                isr_irq11
                0x100001cc                isr_irq28
                0x100001cc                isr_irq19
                0x100001cc                isr_irq0
                0x100001cc                isr_irq6
                0x100001cc                isr_irq5
                0x100001cc                isr_irq12
                0x100001cc                isr_irq22
                0x100001cc                isr_irq31
                0x100001cc                isr_irq17
                0x100001cc                isr_irq27
                0x100001cc                isr_irq30
                0x100001cc                isr_irq2
                0x100001cc                isr_irq10
                0x100001cc                isr_irq8
                0x100001cc                isr_irq24
                0x100001cc                isr_irq1
                0x100001cc                isr_irq7
                0x100001cc                isr_irq21
                0x100001cc                isr_irq20
                0x100001cc                isr_irq15
                0x100001cc                isr_irq25
                0x100001cc                isr_irq13
                0x100001cc                __unhandled_user_irq
                0x100001cc                isr_irq4
                0x100001cc                isr_irq16
                0x100001cc                isr_irq29
                0x100001cc                isr_irq26
                0x100001cc                __default_isrs_end
                0x100001cc                isr_irq3
                0x100001cc                isr_irq14
                0x100001cc                isr_irq9
                0x100001d2                unhandled_user_irq_num_in_r0
 *(.binary_info_header)
 .binary_info_header
                0x100001d4       0x14 basic/CMakeFiles/pio_ws2812.dir/C_/Users/dreng/source/repos/pico/pico-sdk/src/rp2_common/pico_standard_link/crt0.S.obj
                0x100001e8                __binary_info_header_end = .
 *(.reset)
 .reset         0x100001e8       0xa0 basic/CMakeFiles/pio_ws2812.dir/C_/Users/dreng/source/repos/pico/pico-sdk/src/rp2_common/pico_standard_link/crt0.S.obj
                0x100001e8                _entry_point
 .reset         0x10000288       0x30 basic/CMakeFiles/pio_ws2812.dir/C_/Users/dreng/source/repos/pico/pico-sdk/src/rp2_common/pico_standard_link/binary_info.c.obj
 *(.init)
 .init          0x100002b8        0x4 c:/progra~1/raspbe~1/picosd~1.0/gcc-ar~1/bin/../lib/gcc/arm-none-eabi/10.3.1/thumb/v6-m/nofp/crti.o
                0x100002b8                _init
 *(EXCLUDE_FILE(*libm.a: *libc.a:*lib_a-mem*.o *libgcc.a:) .text*)
 .text          0x100002bc       0x48 c:/progra~1/raspbe~1/picosd~1.0/gcc-ar~1/bin/../lib/gcc/arm-none-eabi/10.3.1/thumb/v6-m/nofp/crtbegin.o
 .text.main     0x10000304      0x150 basic/CMakeFiles/pio_ws2812.dir/ws2812.c.obj
                0x10000304                main
 .text.gpio_set_function
                0x10000454       0x30 basic/CMakeFiles/pio_ws2812.dir/C_/Users/dreng/source/repos/pico/pico-sdk/src/rp2_common/hardware_gpio/gpio.c.obj
                0x10000454                gpio_set_function
 .text.running_on_fpga
                0x10000484       0x14 basic/CMakeFiles/pio_ws2812.dir/C_/Users/dreng/source/repos/pico/pico-sdk/src/rp2_common/pico_platform/platform.c.obj
                0x10000484                running_on_fpga
 .text.hw_claim_lock
                0x10000498       0x18 basic/CMakeFiles/pio_ws2812.dir/C_/Users/dreng/source/repos/pico/pico-sdk/src/rp2_common/hardware_claim/claim.c.obj
                0x10000498                hw_claim_lock
 .text.hw_claim_unlock
                0x100004b0       0x14 basic/CMakeFiles/pio_ws2812.dir/C_/Users/dreng/source/repos/pico/pico-sdk/src/rp2_common/hardware_claim/claim.c.obj
                0x100004b0                hw_claim_unlock
 .text.hw_claim_or_assert
                0x100004c4       0x32 basic/CMakeFiles/pio_ws2812.dir/C_/Users/dreng/source/repos/pico/pico-sdk/src/rp2_common/hardware_claim/claim.c.obj
                0x100004c4                hw_claim_or_assert
 *fill*         0x100004f6        0x2 
 .text.spin_locks_reset
                0x100004f8       0x20 basic/CMakeFiles/pio_ws2812.dir/C_/Users/dreng/source/repos/pico/pico-sdk/src/rp2_common/hardware_sync/sync.c.obj
                0x100004f8                spin_locks_reset
 .text.next_striped_spin_lock_num
                0x10000518       0x1c basic/CMakeFiles/pio_ws2812.dir/C_/Users/dreng/source/repos/pico/pico-sdk/src/rp2_common/hardware_sync/sync.c.obj
                0x10000518                next_striped_spin_lock_num
 .text.set_raw_irq_handler_and_unlock
                0x10000534       0x28 basic/CMakeFiles/pio_ws2812.dir/C_/Users/dreng/source/repos/pico/pico-sdk/src/rp2_common/hardware_irq/irq.c.obj
 .text.make_branch
                0x1000055c       0x48 basic/CMakeFiles/pio_ws2812.dir/C_/Users/dreng/source/repos/pico/pico-sdk/src/rp2_common/hardware_irq/irq.c.obj
 .text.insert_branch_and_link
                0x100005a4       0x40 basic/CMakeFiles/pio_ws2812.dir/C_/Users/dreng/source/repos/pico/pico-sdk/src/rp2_common/hardware_irq/irq.c.obj
 .text.irq_is_enabled
                0x100005e4       0x18 basic/CMakeFiles/pio_ws2812.dir/C_/Users/dreng/source/repos/pico/pico-sdk/src/rp2_common/hardware_irq/irq.c.obj
                0x100005e4                irq_is_enabled
 .text.irq_set_mask_enabled
                0x100005fc       0x20 basic/CMakeFiles/pio_ws2812.dir/C_/Users/dreng/source/repos/pico/pico-sdk/src/rp2_common/hardware_irq/irq.c.obj
                0x100005fc                irq_set_mask_enabled
 .text.irq_set_enabled
                0x1000061c        0xe basic/CMakeFiles/pio_ws2812.dir/C_/Users/dreng/source/repos/pico/pico-sdk/src/rp2_common/hardware_irq/irq.c.obj
                0x1000061c                irq_set_enabled
 *fill*         0x1000062a        0x2 
 .text.irq_get_vtable_handler
                0x1000062c       0x10 basic/CMakeFiles/pio_ws2812.dir/C_/Users/dreng/source/repos/pico/pico-sdk/src/rp2_common/hardware_irq/irq.c.obj
                0x1000062c                irq_get_vtable_handler
 .text.irq_set_exclusive_handler
                0x1000063c       0x54 basic/CMakeFiles/pio_ws2812.dir/C_/Users/dreng/source/repos/pico/pico-sdk/src/rp2_common/hardware_irq/irq.c.obj
                0x1000063c                irq_set_exclusive_handler
 .text.irq_remove_handler
                0x10000690      0x1ac basic/CMakeFiles/pio_ws2812.dir/C_/Users/dreng/source/repos/pico/pico-sdk/src/rp2_common/hardware_irq/irq.c.obj
                0x10000690                irq_remove_handler
 .text.irq_add_tail_to_free_list
                0x1000083c       0xf0 basic/CMakeFiles/pio_ws2812.dir/C_/Users/dreng/source/repos/pico/pico-sdk/src/rp2_common/hardware_irq/irq.c.obj
                0x1000083c                irq_add_tail_to_free_list
 .text.irq_init_priorities
                0x1000092c       0x1c basic/CMakeFiles/pio_ws2812.dir/C_/Users/dreng/source/repos/pico/pico-sdk/src/rp2_common/hardware_irq/irq.c.obj
                0x1000092c                irq_init_priorities
 .text.lock_init
                0x10000948       0x10 basic/CMakeFiles/pio_ws2812.dir/C_/Users/dreng/source/repos/pico/pico-sdk/src/common/pico_sync/lock_core.c.obj
                0x10000948                lock_init
 .text.mutex_init
                0x10000958       0x1a basic/CMakeFiles/pio_ws2812.dir/C_/Users/dreng/source/repos/pico/pico-sdk/src/common/pico_sync/mutex.c.obj
                0x10000958                mutex_init
 .text.recursive_mutex_init
                0x10000972       0x1e basic/CMakeFiles/pio_ws2812.dir/C_/Users/dreng/source/repos/pico/pico-sdk/src/common/pico_sync/mutex.c.obj
                0x10000972                recursive_mutex_init
 .text.alarm_pool_post_alloc_init
                0x10000990       0x40 basic/CMakeFiles/pio_ws2812.dir/C_/Users/dreng/source/repos/pico/pico-sdk/src/common/pico_time/time.c.obj
 .text.sleep_until_callback
                0x100009d0       0x30 basic/CMakeFiles/pio_ws2812.dir/C_/Users/dreng/source/repos/pico/pico-sdk/src/common/pico_time/time.c.obj
 .text.timer_pool_entry_comparator
                0x10000a00       0x7c basic/CMakeFiles/pio_ws2812.dir/C_/Users/dreng/source/repos/pico/pico-sdk/src/common/pico_time/time.c.obj
                0x10000a00                timer_pool_entry_comparator
 .text.ph_add_child_node
                0x10000a7c       0xa4 basic/CMakeFiles/pio_ws2812.dir/C_/Users/dreng/source/repos/pico/pico-sdk/src/common/pico_time/time.c.obj
 .text.ph_merge_nodes
                0x10000b20       0x3e basic/CMakeFiles/pio_ws2812.dir/C_/Users/dreng/source/repos/pico/pico-sdk/src/common/pico_time/time.c.obj
 *fill*         0x10000b5e        0x2 
 .text.add_alarm_under_lock
                0x10000b60      0x174 basic/CMakeFiles/pio_ws2812.dir/C_/Users/dreng/source/repos/pico/pico-sdk/src/common/pico_time/time.c.obj
 .text.alarm_pool_alarm_callback
                0x10000cd4      0x33c basic/CMakeFiles/pio_ws2812.dir/C_/Users/dreng/source/repos/pico/pico-sdk/src/common/pico_time/time.c.obj
 .text.alarm_pool_init_default
                0x10001010       0x40 basic/CMakeFiles/pio_ws2812.dir/C_/Users/dreng/source/repos/pico/pico-sdk/src/common/pico_time/time.c.obj
                0x10001010                alarm_pool_init_default
 .text.alarm_pool_get_default
                0x10001050       0x2c basic/CMakeFiles/pio_ws2812.dir/C_/Users/dreng/source/repos/pico/pico-sdk/src/common/pico_time/time.c.obj
                0x10001050                alarm_pool_get_default
 .text.alarm_pool_add_alarm_at
                0x1000107c      0x168 basic/CMakeFiles/pio_ws2812.dir/C_/Users/dreng/source/repos/pico/pico-sdk/src/common/pico_time/time.c.obj
                0x1000107c                alarm_pool_add_alarm_at
 .text.alarm_pool_cancel_alarm
                0x100011e4       0xf0 basic/CMakeFiles/pio_ws2812.dir/C_/Users/dreng/source/repos/pico/pico-sdk/src/common/pico_time/time.c.obj
                0x100011e4                alarm_pool_cancel_alarm
 .text.sleep_until
                0x100012d4       0xfc basic/CMakeFiles/pio_ws2812.dir/C_/Users/dreng/source/repos/pico/pico-sdk/src/common/pico_time/time.c.obj
                0x100012d4                sleep_until
 .text.sleep_us
                0x100013d0       0x58 basic/CMakeFiles/pio_ws2812.dir/C_/Users/dreng/source/repos/pico/pico-sdk/src/common/pico_time/time.c.obj
                0x100013d0                sleep_us
 .text.sleep_ms
                0x10001428       0x14 basic/CMakeFiles/pio_ws2812.dir/C_/Users/dreng/source/repos/pico/pico-sdk/src/common/pico_time/time.c.obj
                0x10001428                sleep_ms
 .text.best_effort_wfe_or_timeout
                0x1000143c       0xac basic/CMakeFiles/pio_ws2812.dir/C_/Users/dreng/source/repos/pico/pico-sdk/src/common/pico_time/time.c.obj
                0x1000143c                best_effort_wfe_or_timeout
 .text.hardware_alarm_irq_handler
                0x100014e8       0x90 basic/CMakeFiles/pio_ws2812.dir/C_/Users/dreng/source/repos/pico/pico-sdk/src/rp2_common/hardware_timer/timer.c.obj
 .text.hardware_alarm_claim
                0x10001578       0x18 basic/CMakeFiles/pio_ws2812.dir/C_/Users/dreng/source/repos/pico/pico-sdk/src/rp2_common/hardware_timer/timer.c.obj
                0x10001578                hardware_alarm_claim
 .text.time_us_64
                0x10001590       0x18 basic/CMakeFiles/pio_ws2812.dir/C_/Users/dreng/source/repos/pico/pico-sdk/src/rp2_common/hardware_timer/timer.c.obj
                0x10001590                time_us_64
 .text.busy_wait_until
                0x100015a8       0x28 basic/CMakeFiles/pio_ws2812.dir/C_/Users/dreng/source/repos/pico/pico-sdk/src/rp2_common/hardware_timer/timer.c.obj
                0x100015a8                busy_wait_until
 .text.hardware_alarm_set_callback
                0x100015d0       0x90 basic/CMakeFiles/pio_ws2812.dir/C_/Users/dreng/source/repos/pico/pico-sdk/src/rp2_common/hardware_timer/timer.c.obj
                0x100015d0                hardware_alarm_set_callback
 .text.hardware_alarm_set_target
                0x10001660       0xe8 basic/CMakeFiles/pio_ws2812.dir/C_/Users/dreng/source/repos/pico/pico-sdk/src/rp2_common/hardware_timer/timer.c.obj
                0x10001660                hardware_alarm_set_target
 .text.hardware_alarm_cancel
                0x10001748       0x40 basic/CMakeFiles/pio_ws2812.dir/C_/Users/dreng/source/repos/pico/pico-sdk/src/rp2_common/hardware_timer/timer.c.obj
                0x10001748                hardware_alarm_cancel
 .text.ph_add_child_node
                0x10001788       0xa4 basic/CMakeFiles/pio_ws2812.dir/C_/Users/dreng/source/repos/pico/pico-sdk/src/common/pico_util/pheap.c.obj
 .text.ph_merge_nodes
                0x1000182c       0x3e basic/CMakeFiles/pio_ws2812.dir/C_/Users/dreng/source/repos/pico/pico-sdk/src/common/pico_util/pheap.c.obj
 *fill*         0x1000186a        0x2 
 .text.ph_clear
                0x1000186c       0x70 basic/CMakeFiles/pio_ws2812.dir/C_/Users/dreng/source/repos/pico/pico-sdk/src/common/pico_util/pheap.c.obj
                0x1000186c                ph_clear
 .text.ph_post_alloc_init
                0x100018dc        0xe basic/CMakeFiles/pio_ws2812.dir/C_/Users/dreng/source/repos/pico/pico-sdk/src/common/pico_util/pheap.c.obj
                0x100018dc                ph_post_alloc_init
 *fill*         0x100018ea        0x2 
 .text.ph_merge_two_pass
                0x100018ec       0xa8 basic/CMakeFiles/pio_ws2812.dir/C_/Users/dreng/source/repos/pico/pico-sdk/src/common/pico_util/pheap.c.obj
                0x100018ec                ph_merge_two_pass
 .text.ph_remove_any_head
                0x10001994      0x128 basic/CMakeFiles/pio_ws2812.dir/C_/Users/dreng/source/repos/pico/pico-sdk/src/common/pico_util/pheap.c.obj
 .text.ph_remove_head
                0x10001abc       0x14 basic/CMakeFiles/pio_ws2812.dir/C_/Users/dreng/source/repos/pico/pico-sdk/src/common/pico_util/pheap.c.obj
                0x10001abc                ph_remove_head
 .text.ph_remove_and_free_node
                0x10001ad0       0xf8 basic/CMakeFiles/pio_ws2812.dir/C_/Users/dreng/source/repos/pico/pico-sdk/src/common/pico_util/pheap.c.obj
                0x10001ad0                ph_remove_and_free_node
 .text.uart_set_baudrate
                0x10001bc8       0x5c basic/CMakeFiles/pio_ws2812.dir/C_/Users/dreng/source/repos/pico/pico-sdk/src/rp2_common/hardware_uart/uart.c.obj
                0x10001bc8                uart_set_baudrate
 .text.uart_set_translate_crlf
                0x10001c24       0x28 basic/CMakeFiles/pio_ws2812.dir/C_/Users/dreng/source/repos/pico/pico-sdk/src/rp2_common/hardware_uart/uart.c.obj
                0x10001c24                uart_set_translate_crlf
 .text.uart_init
                0x10001c4c       0x80 basic/CMakeFiles/pio_ws2812.dir/C_/Users/dreng/source/repos/pico/pico-sdk/src/rp2_common/hardware_uart/uart.c.obj
                0x10001c4c                uart_init
 .text.clock_configure
                0x10001ccc      0x104 basic/CMakeFiles/pio_ws2812.dir/C_/Users/dreng/source/repos/pico/pico-sdk/src/rp2_common/hardware_clocks/clocks.c.obj
                0x10001ccc                clock_configure
 .text.clocks_init
                0x10001dd0      0x100 basic/CMakeFiles/pio_ws2812.dir/C_/Users/dreng/source/repos/pico/pico-sdk/src/rp2_common/hardware_clocks/clocks.c.obj
                0x10001dd0                clocks_init
 .text.clock_get_hz
                0x10001ed0        0xc basic/CMakeFiles/pio_ws2812.dir/C_/Users/dreng/source/repos/pico/pico-sdk/src/rp2_common/hardware_clocks/clocks.c.obj
                0x10001ed0                clock_get_hz
 .text.pll_init
                0x10001edc      0x12c basic/CMakeFiles/pio_ws2812.dir/C_/Users/dreng/source/repos/pico/pico-sdk/src/rp2_common/hardware_pll/pll.c.obj
                0x10001edc                pll_init
 .text.watchdog_start_tick
                0x10002008       0x10 basic/CMakeFiles/pio_ws2812.dir/C_/Users/dreng/source/repos/pico/pico-sdk/src/rp2_common/hardware_watchdog/watchdog.c.obj
                0x10002008                watchdog_start_tick
 .text.xosc_init
                0x10002018       0x28 basic/CMakeFiles/pio_ws2812.dir/C_/Users/dreng/source/repos/pico/pico-sdk/src/rp2_common/hardware_xosc/xosc.c.obj
                0x10002018                xosc_init
 .text._exit    0x10002040        0x4 basic/CMakeFiles/pio_ws2812.dir/C_/Users/dreng/source/repos/pico/pico-sdk/src/rp2_common/pico_runtime/runtime.c.obj
                0x10002040                _exit
 .text.exit     0x10002044        0x6 basic/CMakeFiles/pio_ws2812.dir/C_/Users/dreng/source/repos/pico/pico-sdk/src/rp2_common/pico_runtime/runtime.c.obj
                0x10002044                exit
 *fill*         0x1000204a        0x2 
 .text.__assert_func
                0x1000204c       0x3c basic/CMakeFiles/pio_ws2812.dir/C_/Users/dreng/source/repos/pico/pico-sdk/src/rp2_common/pico_runtime/runtime.c.obj
                0x1000204c                __assert_func
 .text.runtime_init
                0x10002088       0xf8 basic/CMakeFiles/pio_ws2812.dir/C_/Users/dreng/source/repos/pico/pico-sdk/src/rp2_common/pico_runtime/runtime.c.obj
                0x10002088                runtime_init
 .text.panic    0x10002180       0x30 basic/CMakeFiles/pio_ws2812.dir/C_/Users/dreng/source/repos/pico/pico-sdk/src/rp2_common/pico_runtime/runtime.c.obj
                0x10002180                panic
 .text._out_null
                0x100021b0        0x2 basic/CMakeFiles/pio_ws2812.dir/C_/Users/dreng/source/repos/pico/pico-sdk/src/rp2_common/pico_printf/printf.c.obj
 .text._out_fct
                0x100021b2        0xe basic/CMakeFiles/pio_ws2812.dir/C_/Users/dreng/source/repos/pico/pico-sdk/src/rp2_common/pico_printf/printf.c.obj
 .text._atoi    0x100021c0       0x24 basic/CMakeFiles/pio_ws2812.dir/C_/Users/dreng/source/repos/pico/pico-sdk/src/rp2_common/pico_printf/printf.c.obj
 .text._out_rev
                0x100021e4       0xae basic/CMakeFiles/pio_ws2812.dir/C_/Users/dreng/source/repos/pico/pico-sdk/src/rp2_common/pico_printf/printf.c.obj
 .text._ntoa_format
                0x10002292      0x112 basic/CMakeFiles/pio_ws2812.dir/C_/Users/dreng/source/repos/pico/pico-sdk/src/rp2_common/pico_printf/printf.c.obj
 .text._ntoa_long
                0x100023a4       0xbc basic/CMakeFiles/pio_ws2812.dir/C_/Users/dreng/source/repos/pico/pico-sdk/src/rp2_common/pico_printf/printf.c.obj
 .text._ntoa_long_long
                0x10002460       0xe2 basic/CMakeFiles/pio_ws2812.dir/C_/Users/dreng/source/repos/pico/pico-sdk/src/rp2_common/pico_printf/printf.c.obj
 *fill*         0x10002542        0x2 
 .text._etoa    0x10002544      0x414 basic/CMakeFiles/pio_ws2812.dir/C_/Users/dreng/source/repos/pico/pico-sdk/src/rp2_common/pico_printf/printf.c.obj
 .text._ftoa    0x10002958      0x354 basic/CMakeFiles/pio_ws2812.dir/C_/Users/dreng/source/repos/pico/pico-sdk/src/rp2_common/pico_printf/printf.c.obj
 .text._vsnprintf
                0x10002cac      0x624 basic/CMakeFiles/pio_ws2812.dir/C_/Users/dreng/source/repos/pico/pico-sdk/src/rp2_common/pico_printf/printf.c.obj
 .text.vfctprintf
                0x100032d0       0x20 basic/CMakeFiles/pio_ws2812.dir/C_/Users/dreng/source/repos/pico/pico-sdk/src/rp2_common/pico_printf/printf.c.obj
                0x100032d0                vfctprintf
 .text          0x100032f0       0x10 basic/CMakeFiles/pio_ws2812.dir/C_/Users/dreng/source/repos/pico/pico-sdk/src/rp2_common/pico_bit_ops/bit_ops_aeabi.S.obj
 .text.rom_func_lookup
                0x10003300       0x10 basic/CMakeFiles/pio_ws2812.dir/C_/Users/dreng/source/repos/pico/pico-sdk/src/rp2_common/pico_bootrom/bootrom.c.obj
                0x10003300                rom_func_lookup
 .text.rom_data_lookup
                0x10003310       0x10 basic/CMakeFiles/pio_ws2812.dir/C_/Users/dreng/source/repos/pico/pico-sdk/src/rp2_common/pico_bootrom/bootrom.c.obj
                0x10003310                rom_data_lookup
 .text.rom_funcs_lookup
                0x10003320       0x36 basic/CMakeFiles/pio_ws2812.dir/C_/Users/dreng/source/repos/pico/pico-sdk/src/rp2_common/pico_bootrom/bootrom.c.obj
                0x10003320                rom_funcs_lookup
 *fill*         0x10003356        0x2 
 .text.__wrap___aeabi_idiv
                0x10003358       0x50 basic/CMakeFiles/pio_ws2812.dir/C_/Users/dreng/source/repos/pico/pico-sdk/src/rp2_common/pico_divider/divider.S.obj
                0x10003358                __wrap___aeabi_idivmod
                0x10003358                divmod_s32s32
                0x10003358                div_s32s32
                0x10003358                __wrap___aeabi_idiv
                0x10003360                divmod_s32s32_unsafe
                0x1000338c                divmod_s32s32_savestate
 .text.__wrap___aeabi_uidiv
                0x100033a8       0x4c basic/CMakeFiles/pio_ws2812.dir/C_/Users/dreng/source/repos/pico/pico-sdk/src/rp2_common/pico_divider/divider.S.obj
                0x100033a8                __wrap___aeabi_uidiv
                0x100033a8                __wrap___aeabi_uidivmod
                0x100033a8                div_u32u32
                0x100033a8                divmod_u32u32
                0x100033b0                divmod_u32u32_unsafe
                0x100033d8                divmod_u32u32_savestate
 .text.__wrap___aeabi_ldiv
                0x100033f4      0x424 basic/CMakeFiles/pio_ws2812.dir/C_/Users/dreng/source/repos/pico/pico-sdk/src/rp2_common/pico_divider/divider.S.obj
                0x100033f4                div_s64s64
                0x100033f4                divmod_s64s64
                0x100033f4                __wrap___aeabi_ldivmod
                0x10003424                divmod_u64u64
                0x10003424                div_u64u64
                0x10003424                __wrap___aeabi_uldivmod
                0x10003434                divmod_u64u64_savestate
                0x10003454                divmod_s64s64_unsafe
                0x100034dc                divmod_u64u64_unsafe
 .text.__wrap___aeabi_darithmetic
                0x10003818       0x80 basic/CMakeFiles/pio_ws2812.dir/C_/Users/dreng/source/repos/pico/pico-sdk/src/rp2_common/pico_double/double_aeabi.S.obj
                0x10003818                __wrap___aeabi_drsub
                0x1000381e                __wrap___aeabi_dsub
                0x10003830                __wrap___aeabi_dadd
                0x10003842                __wrap___aeabi_ddiv
                0x1000387e                __wrap___aeabi_dmul
 .text.__wrap___aeabi_cdcmple
                0x10003898       0x6c basic/CMakeFiles/pio_ws2812.dir/C_/Users/dreng/source/repos/pico/pico-sdk/src/rp2_common/pico_double/double_aeabi.S.obj
                0x10003898                __wrap___aeabi_cdrcmple
                0x100038a8                __wrap___aeabi_cdcmpeq
                0x100038a8                __wrap___aeabi_cdcmple
 .text.__wrap___aeabi_dcmplt
                0x10003904        0xc basic/CMakeFiles/pio_ws2812.dir/C_/Users/dreng/source/repos/pico/pico-sdk/src/rp2_common/pico_double/double_aeabi.S.obj
                0x10003904                __wrap___aeabi_dcmplt
 .text.__wrap___aeabi_dcmple
                0x10003910       0x10 basic/CMakeFiles/pio_ws2812.dir/C_/Users/dreng/source/repos/pico/pico-sdk/src/rp2_common/pico_double/double_aeabi.S.obj
                0x10003910                __wrap___aeabi_dcmple
 .text.__wrap___aeabi_dcmpge
                0x10003920       0x10 basic/CMakeFiles/pio_ws2812.dir/C_/Users/dreng/source/repos/pico/pico-sdk/src/rp2_common/pico_double/double_aeabi.S.obj
                0x10003920                __wrap___aeabi_dcmpge
 .text.__wrap___aeabi_dcmpgt
                0x10003930        0xa basic/CMakeFiles/pio_ws2812.dir/C_/Users/dreng/source/repos/pico/pico-sdk/src/rp2_common/pico_double/double_aeabi.S.obj
                0x10003930                __wrap___aeabi_dcmpgt
 .text.__wrap___aeabi_dcmpun
                0x1000393a       0x1c basic/CMakeFiles/pio_ws2812.dir/C_/Users/dreng/source/repos/pico/pico-sdk/src/rp2_common/pico_double/double_aeabi.S.obj
                0x1000393a                __wrap___aeabi_dcmpun
 *fill*         0x10003956        0x2 
 .text.__wrap___aeabi_i2d
                0x10003958       0x38 basic/CMakeFiles/pio_ws2812.dir/C_/Users/dreng/source/repos/pico/pico-sdk/src/rp2_common/pico_double/double_aeabi.S.obj
                0x10003958                __wrap___aeabi_ui2d
                0x10003960                __wrap___aeabi_i2d
 .text.__wrap___aeabi_d2iz
                0x10003990       0x48 basic/CMakeFiles/pio_ws2812.dir/C_/Users/dreng/source/repos/pico/pico-sdk/src/rp2_common/pico_double/double_aeabi.S.obj
                0x10003990                double2int_z
                0x10003990                __wrap___aeabi_d2iz
 .text.__wrap___aeabi_d2uiz
                0x100039d8       0x18 basic/CMakeFiles/pio_ws2812.dir/C_/Users/dreng/source/repos/pico/pico-sdk/src/rp2_common/pico_double/double_aeabi.S.obj
                0x100039d8                __wrap___aeabi_d2uiz
                0x100039d8                double2uint
 .text.__aeabi_double_init
                0x100039f0       0xc8 basic/CMakeFiles/pio_ws2812.dir/C_/Users/dreng/source/repos/pico/pico-sdk/src/rp2_common/pico_double/double_init_rom.c.obj
                0x100039f0                __aeabi_double_init
 .text.double_table_shim_on_use_helper
                0x10003ab8       0x34 basic/CMakeFiles/pio_ws2812.dir/C_/Users/dreng/source/repos/pico/pico-sdk/src/rp2_common/pico_double/double_v1_rom_shim.S.obj
                0x10003ab8                double_table_shim_on_use_helper
 .text.__wrap___aeabi_dsub
                0x10003aec       0x10 basic/CMakeFiles/pio_ws2812.dir/C_/Users/dreng/source/repos/pico/pico-sdk/src/rp2_common/pico_double/double_v1_rom_shim.S.obj
                0x10003aec                drsub_shim
                0x10003af2                dsub_shim
 .text.dadd_shim
                0x10003afc      0x15c basic/CMakeFiles/pio_ws2812.dir/C_/Users/dreng/source/repos/pico/pico-sdk/src/rp2_common/pico_double/double_v1_rom_shim.S.obj
                0x10003afc                dadd_shim
 .text.dmul_shim
                0x10003c58      0x15c basic/CMakeFiles/pio_ws2812.dir/C_/Users/dreng/source/repos/pico/pico-sdk/src/rp2_common/pico_double/double_v1_rom_shim.S.obj
                0x10003c58                dmul_shim
 .text.ddiv_shim
                0x10003db4      0x1b0 basic/CMakeFiles/pio_ws2812.dir/C_/Users/dreng/source/repos/pico/pico-sdk/src/rp2_common/pico_double/double_v1_rom_shim.S.obj
                0x10003db4                ddiv_shim
 .text.double2uint_shim
                0x10003f64        0xe basic/CMakeFiles/pio_ws2812.dir/C_/Users/dreng/source/repos/pico/pico-sdk/src/rp2_common/pico_double/double_v1_rom_shim.S.obj
                0x10003f64                double2uint_shim
                0x10003f66                double2ufix_shim
 *fill*         0x10003f72        0x2 
 .text.double2uint64_shim
                0x10003f74       0x70 basic/CMakeFiles/pio_ws2812.dir/C_/Users/dreng/source/repos/pico/pico-sdk/src/rp2_common/pico_double/double_v1_rom_shim.S.obj
                0x10003f74                double2uint64_shim
                0x10003f76                double2ufix64_shim
                0x10003f96                d2fix_a
 .text.dunpacks
                0x10003fe4       0x3c basic/CMakeFiles/pio_ws2812.dir/C_/Users/dreng/source/repos/pico/pico-sdk/src/rp2_common/pico_double/double_v1_rom_shim.S.obj
                0x10003fe4                dunpacks
 .text.__aeabi_lmul
                0x10004020       0x32 basic/CMakeFiles/pio_ws2812.dir/C_/Users/dreng/source/repos/pico/pico-sdk/src/rp2_common/pico_int64_ops/pico_int64_ops_aeabi.S.obj
                0x10004020                __wrap___aeabi_lmul
 *fill*         0x10004052        0x2 
 .text.__wrap___aeabi_farithmetic
                0x10004054       0x58 basic/CMakeFiles/pio_ws2812.dir/C_/Users/dreng/source/repos/pico/pico-sdk/src/rp2_common/pico_float/float_aeabi.S.obj
                0x10004054                __wrap___aeabi_frsub
                0x1000405a                __wrap___aeabi_fsub
                0x10004064                __wrap___aeabi_fadd
                0x1000406e                __wrap___aeabi_fdiv
                0x1000409a                __wrap___aeabi_fmul
 .text.__wrap___aeabi_ui2f
                0x100040ac        0xa basic/CMakeFiles/pio_ws2812.dir/C_/Users/dreng/source/repos/pico/pico-sdk/src/rp2_common/pico_float/float_aeabi.S.obj
                0x100040ac                __wrap___aeabi_ui2f
 *fill*         0x100040b6        0x2 
 .text.__wrap___aeabi_i2f
                0x100040b8       0x44 basic/CMakeFiles/pio_ws2812.dir/C_/Users/dreng/source/repos/pico/pico-sdk/src/rp2_common/pico_float/float_aeabi.S.obj
                0x100040b8                __wrap___aeabi_i2f
 .text.__wrap___aeabi_f2uiz
                0x100040fc       0x10 basic/CMakeFiles/pio_ws2812.dir/C_/Users/dreng/source/repos/pico/pico-sdk/src/rp2_common/pico_float/float_aeabi.S.obj
                0x100040fc                __wrap___aeabi_f2uiz
 .text.__aeabi_float_init
                0x1000410c       0xfc basic/CMakeFiles/pio_ws2812.dir/C_/Users/dreng/source/repos/pico/pico-sdk/src/rp2_common/pico_float/float_init_rom.c.obj
                0x1000410c                __aeabi_float_init
 .text.float_table_shim_on_use_helper
                0x10004208       0x34 basic/CMakeFiles/pio_ws2812.dir/C_/Users/dreng/source/repos/pico/pico-sdk/src/rp2_common/pico_float/float_v1_rom_shim.S.obj
                0x10004208                float_table_shim_on_use_helper
 .text          0x1000423c       0x10 basic/CMakeFiles/pio_ws2812.dir/C_/Users/dreng/source/repos/pico/pico-sdk/src/rp2_common/pico_mem_ops/mem_ops_aeabi.S.obj
                0x1000423c                __aeabi_mem_init
 .text.memset   0x1000424c        0xc basic/CMakeFiles/pio_ws2812.dir/C_/Users/dreng/source/repos/pico/pico-sdk/src/rp2_common/pico_mem_ops/mem_ops_aeabi.S.obj
                0x1000424c                __wrap_memset
 .text.memcpy   0x10004258        0xc basic/CMakeFiles/pio_ws2812.dir/C_/Users/dreng/source/repos/pico/pico-sdk/src/rp2_common/pico_mem_ops/mem_ops_aeabi.S.obj
                0x10004258                __wrap_memcpy
                0x10004258                __wrap___aeabi_memcpy
 .text.stdio_out_chars_no_crlf
                0x10004264        0xe basic/CMakeFiles/pio_ws2812.dir/C_/Users/dreng/source/repos/pico/pico-sdk/src/rp2_common/pico_stdio/stdio.c.obj
 *fill*         0x10004272        0x2 
 .text.stdio_out_chars_crlf
                0x10004274       0x80 basic/CMakeFiles/pio_ws2812.dir/C_/Users/dreng/source/repos/pico/pico-sdk/src/rp2_common/pico_stdio/stdio.c.obj
 .text.stdio_stack_buffer_flush
                0x100042f4       0x44 basic/CMakeFiles/pio_ws2812.dir/C_/Users/dreng/source/repos/pico/pico-sdk/src/rp2_common/pico_stdio/stdio.c.obj
 .text.stdio_buffered_printer
                0x10004338       0x20 basic/CMakeFiles/pio_ws2812.dir/C_/Users/dreng/source/repos/pico/pico-sdk/src/rp2_common/pico_stdio/stdio.c.obj
 .text.stdout_serialize_begin
                0x10004358       0x5c basic/CMakeFiles/pio_ws2812.dir/C_/Users/dreng/source/repos/pico/pico-sdk/src/rp2_common/pico_stdio/stdio.c.obj
                0x10004358                stdout_serialize_begin
 .text.stdout_serialize_end
                0x100043b4       0x10 basic/CMakeFiles/pio_ws2812.dir/C_/Users/dreng/source/repos/pico/pico-sdk/src/rp2_common/pico_stdio/stdio.c.obj
                0x100043b4                stdout_serialize_end
 .text.stdio_put_string
                0x100043c4       0x98 basic/CMakeFiles/pio_ws2812.dir/C_/Users/dreng/source/repos/pico/pico-sdk/src/rp2_common/pico_stdio/stdio.c.obj
 .text.stdio_set_driver_enabled
                0x1000445c       0x2c basic/CMakeFiles/pio_ws2812.dir/C_/Users/dreng/source/repos/pico/pico-sdk/src/rp2_common/pico_stdio/stdio.c.obj
                0x1000445c                stdio_set_driver_enabled
 .text.stdio_flush
                0x10004488       0x20 basic/CMakeFiles/pio_ws2812.dir/C_/Users/dreng/source/repos/pico/pico-sdk/src/rp2_common/pico_stdio/stdio.c.obj
                0x10004488                stdio_flush
 .text.__wrap_puts
                0x100044a8       0x1e basic/CMakeFiles/pio_ws2812.dir/C_/Users/dreng/source/repos/pico/pico-sdk/src/rp2_common/pico_stdio/stdio.c.obj
                0x100044a8                __wrap_puts
 *fill*         0x100044c6        0x2 
 .text.__wrap_vprintf
                0x100044c8       0x40 basic/CMakeFiles/pio_ws2812.dir/C_/Users/dreng/source/repos/pico/pico-sdk/src/rp2_common/pico_stdio/stdio.c.obj
                0x100044c8                __wrap_vprintf
 .text.__wrap_printf
                0x10004508       0x18 basic/CMakeFiles/pio_ws2812.dir/C_/Users/dreng/source/repos/pico/pico-sdk/src/rp2_common/pico_stdio/stdio.c.obj
                0x10004508                __wrap_printf
 .text.stdio_init_all
                0x10004520        0xa basic/CMakeFiles/pio_ws2812.dir/C_/Users/dreng/source/repos/pico/pico-sdk/src/rp2_common/pico_stdio/stdio.c.obj
                0x10004520                stdio_init_all
 *fill*         0x1000452a        0x2 
 .text.stdio_uart_out_chars
                0x1000452c       0x74 basic/CMakeFiles/pio_ws2812.dir/C_/Users/dreng/source/repos/pico/pico-sdk/src/rp2_common/pico_stdio_uart/stdio_uart.c.obj
 .text.stdio_uart_in_chars
                0x100045a0       0x80 basic/CMakeFiles/pio_ws2812.dir/C_/Users/dreng/source/repos/pico/pico-sdk/src/rp2_common/pico_stdio_uart/stdio_uart.c.obj
                0x100045a0                stdio_uart_in_chars
 .text.on_uart_rx
                0x10004620       0x28 basic/CMakeFiles/pio_ws2812.dir/C_/Users/dreng/source/repos/pico/pico-sdk/src/rp2_common/pico_stdio_uart/stdio_uart.c.obj
 .text.stdio_uart_set_chars_available_callback
                0x10004648       0x8c basic/CMakeFiles/pio_ws2812.dir/C_/Users/dreng/source/repos/pico/pico-sdk/src/rp2_common/pico_stdio_uart/stdio_uart.c.obj
 .text.stdio_uart_init_full
                0x100046d4       0x44 basic/CMakeFiles/pio_ws2812.dir/C_/Users/dreng/source/repos/pico/pico-sdk/src/rp2_common/pico_stdio_uart/stdio_uart.c.obj
                0x100046d4                stdio_uart_init_full
 .text.stdio_uart_init
                0x10004718       0x28 basic/CMakeFiles/pio_ws2812.dir/C_/Users/dreng/source/repos/pico/pico-sdk/src/rp2_common/pico_stdio_uart/stdio_uart.c.obj
                0x10004718                stdio_uart_init
 .text.reset_display
                0x10004740       0x3c basic/display_driver/libdisplay_driver.a(display_driver.c.obj)
                0x10004740                reset_display
 .text.apply_mask
                0x1000477c       0x8c basic/display_driver/libdisplay_driver.a(display_driver.c.obj)
                0x1000477c                apply_mask
 .text.update_fill
                0x10004808       0x40 basic/display_driver/libdisplay_driver.a(display_driver.c.obj)
                0x10004808                update_fill
 .text.write_display
                0x10004848       0xd0 basic/display_driver/libdisplay_driver.a(display_driver.c.obj)
                0x10004848                write_display
 .text.display_init
                0x10004918      0x16c basic/display_driver/libdisplay_driver.a(display_driver.c.obj)
                0x10004918                display_init
 .text._pio_can_add_program_at_offset
                0x10004a84       0x3c basic/display_driver/libdisplay_driver.a(pio.c.obj)
 .text._pio_find_offset_for_program
                0x10004ac0       0x7c basic/display_driver/libdisplay_driver.a(pio.c.obj)
 .text._pio_add_program_at_offset
                0x10004b3c       0x78 basic/display_driver/libdisplay_driver.a(pio.c.obj)
 .text.pio_add_program
                0x10004bb4       0x38 basic/display_driver/libdisplay_driver.a(pio.c.obj)
                0x10004bb4                pio_add_program
 .text.pio_sm_set_consecutive_pindirs
                0x10004bec       0xa4 basic/display_driver/libdisplay_driver.a(pio.c.obj)
                0x10004bec                pio_sm_set_consecutive_pindirs
 .text.pio_sm_init
                0x10004c90       0xe4 basic/display_driver/libdisplay_driver.a(pio.c.obj)
                0x10004c90                pio_sm_init
 .text.rand     0x10004d74       0x34 c:/progra~1/raspbe~1/picosd~1.0/gcc-ar~1/bin/../lib/gcc/arm-none-eabi/10.3.1/../../../../arm-none-eabi/lib/thumb/v6-m/nofp\libg.a(lib_a-rand.o)
                0x10004d74                rand
 .text.strlen   0x10004da8       0x5c c:/progra~1/raspbe~1/picosd~1.0/gcc-ar~1/bin/../lib/gcc/arm-none-eabi/10.3.1/../../../../arm-none-eabi/lib/thumb/v6-m/nofp\libg.a(lib_a-strlen-stub.o)
                0x10004da8                strlen
 *(.fini)
 .fini          0x10004e04        0x4 c:/progra~1/raspbe~1/picosd~1.0/gcc-ar~1/bin/../lib/gcc/arm-none-eabi/10.3.1/thumb/v6-m/nofp/crti.o
                0x10004e04                _fini
 .fini.__stub   0x10004e08       0x40 linker stubs
 *crtbegin.o(.ctors)
 *crtbegin?.o(.ctors)
 *(EXCLUDE_FILE(*crtend.o *crtend?.o) .ctors)
 *(SORT_BY_NAME(.ctors.*))
 *(.ctors)
 *crtbegin.o(.dtors)
 *crtbegin?.o(.dtors)
 *(EXCLUDE_FILE(*crtend.o *crtend?.o) .dtors)
 *(SORT_BY_NAME(.dtors.*))
 *(.dtors)
 *(.eh_frame*)
 .eh_frame      0x10004e48        0x0 c:/progra~1/raspbe~1/picosd~1.0/gcc-ar~1/bin/../lib/gcc/arm-none-eabi/10.3.1/thumb/v6-m/nofp/crtbegin.o
                0x10004e48                . = ALIGN (0x4)

.glue_7         0x10004e48        0x0
 .glue_7        0x10004e48        0x0 linker stubs

.glue_7t        0x10004e48        0x0
 .glue_7t       0x10004e48        0x0 linker stubs

.vfp11_veneer   0x10004e48        0x0
 .vfp11_veneer  0x10004e48        0x0 linker stubs

.v4_bx          0x10004e48        0x0
 .v4_bx         0x10004e48        0x0 linker stubs

.iplt           0x10004e48        0x0
 .iplt          0x10004e48        0x0 c:/progra~1/raspbe~1/picosd~1.0/gcc-ar~1/bin/../lib/gcc/arm-none-eabi/10.3.1/thumb/v6-m/nofp/crtbegin.o

.rodata         0x10004e48     0x11d8
 *(EXCLUDE_FILE(*libm.a: *libc.a:*lib_a-mem*.o *libgcc.a:) .rodata*)
 .rodata.main.str1.4
                0x10004e48       0x20 basic/CMakeFiles/pio_ws2812.dir/ws2812.c.obj
 .rodata.make_branch.str1.4
                0x10004e68       0x7c basic/CMakeFiles/pio_ws2812.dir/C_/Users/dreng/source/repos/pico/pico-sdk/src/rp2_common/hardware_irq/irq.c.obj
 .rodata.insert_branch_and_link.str1.4
                0x10004ee4       0x10 basic/CMakeFiles/pio_ws2812.dir/C_/Users/dreng/source/repos/pico/pico-sdk/src/rp2_common/hardware_irq/irq.c.obj
 .rodata.irq_set_exclusive_handler.str1.4
                0x10004ef4       0x36 basic/CMakeFiles/pio_ws2812.dir/C_/Users/dreng/source/repos/pico/pico-sdk/src/rp2_common/hardware_irq/irq.c.obj
 *fill*         0x10004f2a        0x2 
 .rodata.irq_add_shared_handler.str1.4
                0x10004f2c       0xd9 basic/CMakeFiles/pio_ws2812.dir/C_/Users/dreng/source/repos/pico/pico-sdk/src/rp2_common/hardware_irq/irq.c.obj
 *fill*         0x10005005        0x3 
 .rodata.irq_remove_handler.str1.4
                0x10005008       0x3a basic/CMakeFiles/pio_ws2812.dir/C_/Users/dreng/source/repos/pico/pico-sdk/src/rp2_common/hardware_irq/irq.c.obj
 *fill*         0x10005042        0x2 
 .rodata.irq_add_tail_to_free_list.str1.4
                0x10005044       0x3a basic/CMakeFiles/pio_ws2812.dir/C_/Users/dreng/source/repos/pico/pico-sdk/src/rp2_common/hardware_irq/irq.c.obj
 *fill*         0x1000507e        0x2 
 .rodata.__func__.0
                0x10005080       0x1a basic/CMakeFiles/pio_ws2812.dir/C_/Users/dreng/source/repos/pico/pico-sdk/src/rp2_common/hardware_irq/irq.c.obj
 *fill*         0x1000509a        0x2 
 .rodata.__func__.1
                0x1000509c       0x17 basic/CMakeFiles/pio_ws2812.dir/C_/Users/dreng/source/repos/pico/pico-sdk/src/rp2_common/hardware_irq/irq.c.obj
 *fill*         0x100050b3        0x1 
 .rodata.__func__.2
                0x100050b4       0x13 basic/CMakeFiles/pio_ws2812.dir/C_/Users/dreng/source/repos/pico/pico-sdk/src/rp2_common/hardware_irq/irq.c.obj
 *fill*         0x100050c7        0x1 
 .rodata.__func__.3
                0x100050c8        0xc basic/CMakeFiles/pio_ws2812.dir/C_/Users/dreng/source/repos/pico/pico-sdk/src/rp2_common/hardware_irq/irq.c.obj
 .rodata.__func__.4
                0x100050d4        0xf basic/CMakeFiles/pio_ws2812.dir/C_/Users/dreng/source/repos/pico/pico-sdk/src/rp2_common/hardware_irq/irq.c.obj
 *fill*         0x100050e3        0x1 
 .rodata.__func__.6
                0x100050e4       0x1a basic/CMakeFiles/pio_ws2812.dir/C_/Users/dreng/source/repos/pico/pico-sdk/src/rp2_common/hardware_irq/irq.c.obj
 *fill*         0x100050fe        0x2 
 .rodata.str1.4
                0x10005100      0x109 basic/CMakeFiles/pio_ws2812.dir/C_/Users/dreng/source/repos/pico/pico-sdk/src/common/pico_sync/mutex.c.obj
 *fill*         0x10005209        0x3 
 .rodata.__func__.1
                0x1000520c        0xb basic/CMakeFiles/pio_ws2812.dir/C_/Users/dreng/source/repos/pico/pico-sdk/src/common/pico_sync/mutex.c.obj
 *fill*         0x10005217        0x1 
 .rodata.__func__.3
                0x10005218       0x18 basic/CMakeFiles/pio_ws2812.dir/C_/Users/dreng/source/repos/pico/pico-sdk/src/common/pico_sync/mutex.c.obj
 .rodata.repeating_timer_callback.str1.4
                0x10005230       0x5a basic/CMakeFiles/pio_ws2812.dir/C_/Users/dreng/source/repos/pico/pico-sdk/src/common/pico_time/time.c.obj
 *fill*         0x1000528a        0x2 
 .rodata.timer_pool_entry_comparator.str1.4
                0x1000528c       0x22 basic/CMakeFiles/pio_ws2812.dir/C_/Users/dreng/source/repos/pico/pico-sdk/src/common/pico_time/time.c.obj
 *fill*         0x100052ae        0x2 
 .rodata.ph_add_child_node.str1.4
                0x100052b0       0xa6 basic/CMakeFiles/pio_ws2812.dir/C_/Users/dreng/source/repos/pico/pico-sdk/src/common/pico_time/time.c.obj
 *fill*         0x10005356        0x2 
 .rodata.add_alarm_under_lock.str1.4
                0x10005358       0x28 basic/CMakeFiles/pio_ws2812.dir/C_/Users/dreng/source/repos/pico/pico-sdk/src/common/pico_time/time.c.obj
                                 0x2b (size before relaxing)
 .rodata.alarm_pool_alarm_callback.str1.4
                0x10005380       0x98 basic/CMakeFiles/pio_ws2812.dir/C_/Users/dreng/source/repos/pico/pico-sdk/src/common/pico_time/time.c.obj
                                0x108 (size before relaxing)
 .rodata.alarm_pool_get_default.str1.4
                0x10005418       0x21 basic/CMakeFiles/pio_ws2812.dir/C_/Users/dreng/source/repos/pico/pico-sdk/src/common/pico_time/time.c.obj
 *fill*         0x10005439        0x3 
 .rodata.alarm_pool_cancel_alarm.str1.4
                0x1000543c       0x27 basic/CMakeFiles/pio_ws2812.dir/C_/Users/dreng/source/repos/pico/pico-sdk/src/common/pico_time/time.c.obj
 *fill*         0x10005463        0x1 
 .rodata.sleep_until.str1.4
                0x10005464       0x4d basic/CMakeFiles/pio_ws2812.dir/C_/Users/dreng/source/repos/pico/pico-sdk/src/common/pico_time/time.c.obj
 *fill*         0x100054b1        0x3 
 .rodata.__func__.1
                0x100054b4       0x18 basic/CMakeFiles/pio_ws2812.dir/C_/Users/dreng/source/repos/pico/pico-sdk/src/common/pico_time/time.c.obj
 .rodata.__func__.10
                0x100054cc       0x15 basic/CMakeFiles/pio_ws2812.dir/C_/Users/dreng/source/repos/pico/pico-sdk/src/common/pico_time/time.c.obj
 *fill*         0x100054e1        0x3 
 .rodata.__func__.11
                0x100054e4       0x1a basic/CMakeFiles/pio_ws2812.dir/C_/Users/dreng/source/repos/pico/pico-sdk/src/common/pico_time/time.c.obj
 *fill*         0x100054fe        0x2 
 .rodata.__func__.12
                0x10005500        0xa basic/CMakeFiles/pio_ws2812.dir/C_/Users/dreng/source/repos/pico/pico-sdk/src/common/pico_time/time.c.obj
 *fill*         0x1000550a        0x2 
 .rodata.__func__.3
                0x1000550c       0x17 basic/CMakeFiles/pio_ws2812.dir/C_/Users/dreng/source/repos/pico/pico-sdk/src/common/pico_time/time.c.obj
 *fill*         0x10005523        0x1 
 .rodata.__func__.4
                0x10005524       0x12 basic/CMakeFiles/pio_ws2812.dir/C_/Users/dreng/source/repos/pico/pico-sdk/src/common/pico_time/time.c.obj
 *fill*         0x10005536        0x2 
 .rodata.__func__.5
                0x10005538        0xd basic/CMakeFiles/pio_ws2812.dir/C_/Users/dreng/source/repos/pico/pico-sdk/src/common/pico_time/time.c.obj
 *fill*         0x10005545        0x3 
 .rodata.__func__.6
                0x10005548       0x12 basic/CMakeFiles/pio_ws2812.dir/C_/Users/dreng/source/repos/pico/pico-sdk/src/common/pico_time/time.c.obj
 *fill*         0x1000555a        0x2 
 .rodata.__func__.7
                0x1000555c        0xf basic/CMakeFiles/pio_ws2812.dir/C_/Users/dreng/source/repos/pico/pico-sdk/src/common/pico_time/time.c.obj
 *fill*         0x1000556b        0x1 
 .rodata.__func__.8
                0x1000556c        0xc basic/CMakeFiles/pio_ws2812.dir/C_/Users/dreng/source/repos/pico/pico-sdk/src/common/pico_time/time.c.obj
 .rodata.__func__.9
                0x10005578       0x15 basic/CMakeFiles/pio_ws2812.dir/C_/Users/dreng/source/repos/pico/pico-sdk/src/common/pico_time/time.c.obj
 *fill*         0x1000558d        0x3 
 .rodata.hardware_alarm_claim.str1.4
                0x10005590       0x22 basic/CMakeFiles/pio_ws2812.dir/C_/Users/dreng/source/repos/pico/pico-sdk/src/rp2_common/hardware_timer/timer.c.obj
 *fill*         0x100055b2        0x2 
 .rodata.hardware_alarm_set_target.str1.4
                0x100055b4       0x74 basic/CMakeFiles/pio_ws2812.dir/C_/Users/dreng/source/repos/pico/pico-sdk/src/rp2_common/hardware_timer/timer.c.obj
 .rodata.__func__.0
                0x10005628       0x1a basic/CMakeFiles/pio_ws2812.dir/C_/Users/dreng/source/repos/pico/pico-sdk/src/rp2_common/hardware_timer/timer.c.obj
 .rodata.ph_add_child_node.str1.4
                0x10005642       0xa6 basic/CMakeFiles/pio_ws2812.dir/C_/Users/dreng/source/repos/pico/pico-sdk/src/common/pico_util/pheap.c.obj
 *fill*         0x10005642        0x2 
 .rodata.ph_remove_any_head.str1.4
                0x10005644       0x9c basic/CMakeFiles/pio_ws2812.dir/C_/Users/dreng/source/repos/pico/pico-sdk/src/common/pico_util/pheap.c.obj
                                 0xb0 (size before relaxing)
 .rodata.ph_remove_and_free_node.str1.4
                0x100056e0       0x1e basic/CMakeFiles/pio_ws2812.dir/C_/Users/dreng/source/repos/pico/pico-sdk/src/common/pico_util/pheap.c.obj
                                 0x26 (size before relaxing)
 *fill*         0x100056fe        0x2 
 .rodata.__func__.0
                0x10005700       0x18 basic/CMakeFiles/pio_ws2812.dir/C_/Users/dreng/source/repos/pico/pico-sdk/src/common/pico_util/pheap.c.obj
 .rodata.__func__.1
                0x10005718       0x13 basic/CMakeFiles/pio_ws2812.dir/C_/Users/dreng/source/repos/pico/pico-sdk/src/common/pico_util/pheap.c.obj
 *fill*         0x1000572b        0x1 
 .rodata.__func__.2
                0x1000572c       0x12 basic/CMakeFiles/pio_ws2812.dir/C_/Users/dreng/source/repos/pico/pico-sdk/src/common/pico_util/pheap.c.obj
 *fill*         0x1000573e        0x2 
 .rodata.__func__.3
                0x10005740        0xc basic/CMakeFiles/pio_ws2812.dir/C_/Users/dreng/source/repos/pico/pico-sdk/src/common/pico_util/pheap.c.obj
 .rodata.clock_configure.str1.4
                0x1000574c       0x66 basic/CMakeFiles/pio_ws2812.dir/C_/Users/dreng/source/repos/pico/pico-sdk/src/rp2_common/hardware_clocks/clocks.c.obj
 *fill*         0x100057b2        0x2 
 .rodata.__func__.1
                0x100057b4       0x10 basic/CMakeFiles/pio_ws2812.dir/C_/Users/dreng/source/repos/pico/pico-sdk/src/rp2_common/hardware_clocks/clocks.c.obj
 .rodata.pll_init.str1.4
                0x100057c4      0x12f basic/CMakeFiles/pio_ws2812.dir/C_/Users/dreng/source/repos/pico/pico-sdk/src/rp2_common/hardware_pll/pll.c.obj
 *fill*         0x100058f3        0x1 
 .rodata.__func__.0
                0x100058f4        0x9 basic/CMakeFiles/pio_ws2812.dir/C_/Users/dreng/source/repos/pico/pico-sdk/src/rp2_common/hardware_pll/pll.c.obj
 *fill*         0x100058fd        0x3 
 .rodata.__assert_func.str1.4
                0x10005900       0x3f basic/CMakeFiles/pio_ws2812.dir/C_/Users/dreng/source/repos/pico/pico-sdk/src/rp2_common/pico_runtime/runtime.c.obj
                                 0x43 (size before relaxing)
 *fill*         0x1000593f        0x1 
 .rodata.runtime_init.str1.4
                0x10005940       0x70 basic/CMakeFiles/pio_ws2812.dir/C_/Users/dreng/source/repos/pico/pico-sdk/src/rp2_common/pico_runtime/runtime.c.obj
 .rodata.panic.str1.4
                0x100059b0       0x10 basic/CMakeFiles/pio_ws2812.dir/C_/Users/dreng/source/repos/pico/pico-sdk/src/rp2_common/pico_runtime/runtime.c.obj
                                 0x12 (size before relaxing)
 .rodata.__func__.2
                0x100059c0        0xd basic/CMakeFiles/pio_ws2812.dir/C_/Users/dreng/source/repos/pico/pico-sdk/src/rp2_common/pico_runtime/runtime.c.obj
 *fill*         0x100059cd        0x3 
 .rodata._ftoa.str1.4
                0x100059d0       0x15 basic/CMakeFiles/pio_ws2812.dir/C_/Users/dreng/source/repos/pico/pico-sdk/src/rp2_common/pico_printf/printf.c.obj
 *fill*         0x100059e5        0x3 
 .rodata._vsnprintf
                0x100059e8      0x1e0 basic/CMakeFiles/pio_ws2812.dir/C_/Users/dreng/source/repos/pico/pico-sdk/src/rp2_common/pico_printf/printf.c.obj
 .rodata.pow10.0
                0x10005bc8       0x50 basic/CMakeFiles/pio_ws2812.dir/C_/Users/dreng/source/repos/pico/pico-sdk/src/rp2_common/pico_printf/printf.c.obj
 .rodata.__aeabi_double_init.str1.4
                0x10005c18       0xb7 basic/CMakeFiles/pio_ws2812.dir/C_/Users/dreng/source/repos/pico/pico-sdk/src/rp2_common/pico_double/double_init_rom.c.obj
 *fill*         0x10005ccf        0x1 
 .rodata.__func__.0
                0x10005cd0       0x14 basic/CMakeFiles/pio_ws2812.dir/C_/Users/dreng/source/repos/pico/pico-sdk/src/rp2_common/pico_double/double_init_rom.c.obj
 .rodata.__aeabi_float_init.str1.4
                0x10005ce4       0x89 basic/CMakeFiles/pio_ws2812.dir/C_/Users/dreng/source/repos/pico/pico-sdk/src/rp2_common/pico_float/float_init_rom.c.obj
                                 0x8d (size before relaxing)
 *fill*         0x10005d6d        0x3 
 .rodata.__func__.0
                0x10005d70       0x13 basic/CMakeFiles/pio_ws2812.dir/C_/Users/dreng/source/repos/pico/pico-sdk/src/rp2_common/pico_float/float_init_rom.c.obj
 *fill*         0x10005d83        0x1 
 .rodata.str1.4
                0x10005d84       0x40 basic/CMakeFiles/pio_ws2812.dir/C_/Users/dreng/source/repos/pico/pico-sdk/src/rp2_common/pico_standard_link/binary_info.c.obj
 .rodata.__bi_44
                0x10005dc4        0xc basic/CMakeFiles/pio_ws2812.dir/C_/Users/dreng/source/repos/pico/pico-sdk/src/rp2_common/pico_standard_link/binary_info.c.obj
 .rodata.__bi_75
                0x10005dd0        0xc basic/CMakeFiles/pio_ws2812.dir/C_/Users/dreng/source/repos/pico/pico-sdk/src/rp2_common/pico_standard_link/binary_info.c.obj
 .rodata.__bi_81
                0x10005ddc        0xc basic/CMakeFiles/pio_ws2812.dir/C_/Users/dreng/source/repos/pico/pico-sdk/src/rp2_common/pico_standard_link/binary_info.c.obj
 .rodata.stdout_serialize_begin.str1.4
                0x10005de8       0x70 basic/CMakeFiles/pio_ws2812.dir/C_/Users/dreng/source/repos/pico/pico-sdk/src/rp2_common/pico_stdio/stdio.c.obj
 .rodata.__func__.3
                0x10005de8       0x15 basic/CMakeFiles/pio_ws2812.dir/C_/Users/dreng/source/repos/pico/pico-sdk/src/rp2_common/pico_stdio/stdio.c.obj
 *fill*         0x10005dfd        0x3 
 .rodata.crlf_str.2
                0x10005e00        0x2 basic/CMakeFiles/pio_ws2812.dir/C_/Users/dreng/source/repos/pico/pico-sdk/src/rp2_common/pico_stdio/stdio.c.obj
 *fill*         0x10005e02        0x2 
 .rodata.str1.4
                0x10005e04       0x2c basic/CMakeFiles/pio_ws2812.dir/C_/Users/dreng/source/repos/pico/pico-sdk/src/rp2_common/pico_stdio_uart/stdio_uart.c.obj
 .rodata.__bi_33.4
                0x10005e30        0xc basic/CMakeFiles/pio_ws2812.dir/C_/Users/dreng/source/repos/pico/pico-sdk/src/rp2_common/pico_stdio_uart/stdio_uart.c.obj
 .rodata.__bi_34.5
                0x10005e3c        0x8 basic/CMakeFiles/pio_ws2812.dir/C_/Users/dreng/source/repos/pico/pico-sdk/src/rp2_common/pico_stdio_uart/stdio_uart.c.obj
 .rodata.write_display.str1.4
                0x10005e44       0x12 basic/display_driver/libdisplay_driver.a(display_driver.c.obj)
 *fill*         0x10005e56        0x2 
 .rodata.str1.4
                0x10005e58       0x41 basic/display_driver/libdisplay_driver.a(display_driver.c.obj)
 *fill*         0x10005e99        0x3 
 .rodata.mask_array_eight
                0x10005e9c        0x4 basic/display_driver/libdisplay_driver.a(display_driver.c.obj)
 .rodata.mask_array_five
                0x10005ea0        0x4 basic/display_driver/libdisplay_driver.a(display_driver.c.obj)
 .rodata.mask_array_four
                0x10005ea4        0x4 basic/display_driver/libdisplay_driver.a(display_driver.c.obj)
 .rodata.mask_array_nine
                0x10005ea8        0x4 basic/display_driver/libdisplay_driver.a(display_driver.c.obj)
 .rodata.mask_array_one
                0x10005eac        0x4 basic/display_driver/libdisplay_driver.a(display_driver.c.obj)
 .rodata.mask_array_seven
                0x10005eb0        0x4 basic/display_driver/libdisplay_driver.a(display_driver.c.obj)
 .rodata.mask_array_six
                0x10005eb4        0x4 basic/display_driver/libdisplay_driver.a(display_driver.c.obj)
 .rodata.mask_array_three
                0x10005eb8        0x4 basic/display_driver/libdisplay_driver.a(display_driver.c.obj)
 .rodata.mask_array_two
                0x10005ebc        0x4 basic/display_driver/libdisplay_driver.a(display_driver.c.obj)
 .rodata.mask_array_zero
                0x10005ec0        0x4 basic/display_driver/libdisplay_driver.a(display_driver.c.obj)
 .rodata.mask_eight
                0x10005ec4        0x8 basic/display_driver/libdisplay_driver.a(display_driver.c.obj)
 .rodata.mask_five
                0x10005ecc        0x8 basic/display_driver/libdisplay_driver.a(display_driver.c.obj)
 .rodata.mask_four
                0x10005ed4        0x8 basic/display_driver/libdisplay_driver.a(display_driver.c.obj)
 .rodata.mask_nine
                0x10005edc        0x8 basic/display_driver/libdisplay_driver.a(display_driver.c.obj)
 .rodata.mask_one
                0x10005ee4        0x8 basic/display_driver/libdisplay_driver.a(display_driver.c.obj)
 .rodata.mask_seven
                0x10005eec        0x8 basic/display_driver/libdisplay_driver.a(display_driver.c.obj)
 .rodata.mask_six
                0x10005ef4        0x8 basic/display_driver/libdisplay_driver.a(display_driver.c.obj)
 .rodata.mask_table
                0x10005efc       0x50 basic/display_driver/libdisplay_driver.a(display_driver.c.obj)
 .rodata.mask_three
                0x10005f4c        0x8 basic/display_driver/libdisplay_driver.a(display_driver.c.obj)
 .rodata.mask_two
                0x10005f54        0x8 basic/display_driver/libdisplay_driver.a(display_driver.c.obj)
 .rodata.mask_zero
                0x10005f5c        0x8 basic/display_driver/libdisplay_driver.a(display_driver.c.obj)
 .rodata.ws2812_program
                0x10005f64        0x6 basic/display_driver/libdisplay_driver.a(display_driver.c.obj)
 *fill*         0x10005f6a        0x2 
 .rodata.ws2812_program_instructions
                0x10005f6c        0x8 basic/display_driver/libdisplay_driver.a(display_driver.c.obj)
 .rodata._pio_find_offset_for_program.str1.4
                0x10005f74       0x78 basic/display_driver/libdisplay_driver.a(pio.c.obj)
 .rodata._pio_add_program_at_offset.str1.4
                0x10005fec       0x11 basic/display_driver/libdisplay_driver.a(pio.c.obj)
 *fill*         0x10005ffd        0x3 
 .rodata.__func__.1
                0x10006000       0x1d basic/display_driver/libdisplay_driver.a(pio.c.obj)
                0x10006020                . = ALIGN (0x4)
 *fill*         0x1000601d        0x3 
 *(SORT_BY_ALIGNMENT(SORT_BY_NAME(.flashdata*)))
                0x10006020                . = ALIGN (0x4)

.rel.dyn        0x10006020        0x0
 .rel.iplt      0x10006020        0x0 c:/progra~1/raspbe~1/picosd~1.0/gcc-ar~1/bin/../lib/gcc/arm-none-eabi/10.3.1/thumb/v6-m/nofp/crtbegin.o

.ARM.extab
 *(.ARM.extab* .gnu.linkonce.armextab.*)
                0x10006020                __exidx_start = .

.ARM.exidx
 *(.ARM.exidx* .gnu.linkonce.armexidx.*)
                0x10006020                __exidx_end = .
                0x10006020                . = ALIGN (0x4)
                0x10006020                __binary_info_start = .

.binary_info    0x10006020       0x24
 *(.binary_info.keep.*)
 .binary_info.keep.__bi_ptr22
                0x10006020        0x4 basic/CMakeFiles/pio_ws2812.dir/C_/Users/dreng/source/repos/pico/pico-sdk/src/rp2_common/pico_standard_link/binary_info.c.obj
 .binary_info.keep.__bi_ptr30
                0x10006024        0x4 basic/CMakeFiles/pio_ws2812.dir/C_/Users/dreng/source/repos/pico/pico-sdk/src/rp2_common/pico_standard_link/binary_info.c.obj
 .binary_info.keep.__bi_ptr38
                0x10006028        0x4 basic/CMakeFiles/pio_ws2812.dir/C_/Users/dreng/source/repos/pico/pico-sdk/src/rp2_common/pico_standard_link/binary_info.c.obj
 .binary_info.keep.__bi_ptr44
                0x1000602c        0x4 basic/CMakeFiles/pio_ws2812.dir/C_/Users/dreng/source/repos/pico/pico-sdk/src/rp2_common/pico_standard_link/binary_info.c.obj
 .binary_info.keep.__bi_ptr50
                0x10006030        0x4 basic/CMakeFiles/pio_ws2812.dir/C_/Users/dreng/source/repos/pico/pico-sdk/src/rp2_common/pico_standard_link/binary_info.c.obj
 .binary_info.keep.__bi_ptr75
                0x10006034        0x4 basic/CMakeFiles/pio_ws2812.dir/C_/Users/dreng/source/repos/pico/pico-sdk/src/rp2_common/pico_standard_link/binary_info.c.obj
 .binary_info.keep.__bi_ptr81
                0x10006038        0x4 basic/CMakeFiles/pio_ws2812.dir/C_/Users/dreng/source/repos/pico/pico-sdk/src/rp2_common/pico_standard_link/binary_info.c.obj
 *(.binary_info.*)
 .binary_info.__bi_ptr33
                0x1000603c        0x4 basic/CMakeFiles/pio_ws2812.dir/C_/Users/dreng/source/repos/pico/pico-sdk/src/rp2_common/pico_stdio_uart/stdio_uart.c.obj
 .binary_info.__bi_ptr34
                0x10006040        0x4 basic/CMakeFiles/pio_ws2812.dir/C_/Users/dreng/source/repos/pico/pico-sdk/src/rp2_common/pico_stdio_uart/stdio_uart.c.obj
                0x10006044                __binary_info_end = .
                0x10006044                . = ALIGN (0x4)
                0x10006044                __etext = .

.ram_vector_table
                0x20000000       0xc0
 *(.ram_vector_table)
 .ram_vector_table
                0x20000000       0xc0 basic/CMakeFiles/pio_ws2812.dir/C_/Users/dreng/source/repos/pico/pico-sdk/src/rp2_common/pico_runtime/runtime.c.obj
                0x20000000                ram_vector_table

.data           0x200000c0      0x674 load address 0x10006044
                0x200000c0                __data_start__ = .
 *(vtable)
 *(.time_critical*)
 .time_critical.mutex_try_enter
                0x200000c0       0x46 basic/CMakeFiles/pio_ws2812.dir/C_/Users/dreng/source/repos/pico/pico-sdk/src/common/pico_sync/mutex.c.obj
                0x200000c0                mutex_try_enter
 *fill*         0x20000106        0x2 
 .time_critical.mutex_enter_block_until
                0x20000108       0x8c basic/CMakeFiles/pio_ws2812.dir/C_/Users/dreng/source/repos/pico/pico-sdk/src/common/pico_sync/mutex.c.obj
                0x20000108                mutex_enter_block_until
 .time_critical.mutex_try_enter_block_until
                0x20000194       0x34 basic/CMakeFiles/pio_ws2812.dir/C_/Users/dreng/source/repos/pico/pico-sdk/src/common/pico_sync/mutex.c.obj
                0x20000194                mutex_try_enter_block_until
 .time_critical.mutex_exit
                0x200001c8       0x4c basic/CMakeFiles/pio_ws2812.dir/C_/Users/dreng/source/repos/pico/pico-sdk/src/common/pico_sync/mutex.c.obj
                0x200001c8                mutex_exit
 *(.text*)
 .text          0x20000214        0x4 c:/progra~1/raspbe~1/picosd~1.0/gcc-ar~1/bin/../lib/gcc/arm-none-eabi/10.3.1/thumb/v6-m/nofp\libgcc.a(_dvmd_tls.o)
                0x20000214                __aeabi_idiv0
                0x20000214                __aeabi_ldiv0
 .text.__stub   0x20000218       0x20 linker stubs
                0x20000238                . = ALIGN (0x4)
 *(.rodata*)
                0x20000238                . = ALIGN (0x4)
 *(.data*)
 .data.striped_spin_lock_num
                0x20000238        0x1 basic/CMakeFiles/pio_ws2812.dir/C_/Users/dreng/source/repos/pico/pico-sdk/src/rp2_common/hardware_sync/sync.c.obj
 *fill*         0x20000239        0x3 
 .data          0x2000023c       0x48 basic/CMakeFiles/pio_ws2812.dir/C_/Users/dreng/source/repos/pico/pico-sdk/src/rp2_common/hardware_irq/irq_handler_chain.S.obj
                0x2000023c                irq_handler_chain_slots
                0x2000026c                irq_handler_chain_first_slot
                0x20000276                irq_handler_chain_remove_tail
 .data.default_alarm_pool
                0x20000284       0x18 basic/CMakeFiles/pio_ws2812.dir/C_/Users/dreng/source/repos/pico/pico-sdk/src/common/pico_time/time.c.obj
 .data.default_alarm_pool_heap
                0x2000029c       0x10 basic/CMakeFiles/pio_ws2812.dir/C_/Users/dreng/source/repos/pico/pico-sdk/src/common/pico_time/time.c.obj
 *fill*         0x200002ac        0x4 
 .data.aeabi_bits_funcs
                0x200002b0       0x10 basic/CMakeFiles/pio_ws2812.dir/C_/Users/dreng/source/repos/pico/pico-sdk/src/rp2_common/pico_bit_ops/bit_ops_aeabi.S.obj
                0x200002b0                aeabi_bits_funcs
                0x200002c0                aeabi_bits_funcs_end
 .data.aeabi_mem_funcs
                0x200002c0       0x10 basic/CMakeFiles/pio_ws2812.dir/C_/Users/dreng/source/repos/pico/pico-sdk/src/rp2_common/pico_mem_ops/mem_ops_aeabi.S.obj
                0x200002c0                aeabi_mem_funcs
                0x200002d0                aeabi_mem_funcs_end
 .data.stdio_uart
                0x200002d0       0x18 basic/CMakeFiles/pio_ws2812.dir/C_/Users/dreng/source/repos/pico/pico-sdk/src/rp2_common/pico_stdio_uart/stdio_uart.c.obj
                0x200002d0                stdio_uart
 .data._impure_ptr
                0x200002e8        0x4 c:/progra~1/raspbe~1/picosd~1.0/gcc-ar~1/bin/../lib/gcc/arm-none-eabi/10.3.1/../../../../arm-none-eabi/lib/thumb/v6-m/nofp\libg.a(lib_a-impure.o)
                0x200002e8                _impure_ptr
 *fill*         0x200002ec        0x4 
 .data.impure_data
                0x200002f0      0x428 c:/progra~1/raspbe~1/picosd~1.0/gcc-ar~1/bin/../lib/gcc/arm-none-eabi/10.3.1/../../../../arm-none-eabi/lib/thumb/v6-m/nofp\libg.a(lib_a-impure.o)
                0x20000718                . = ALIGN (0x4)
 *(.after_data.*)
                0x20000718                . = ALIGN (0x4)
                0x20000718                PROVIDE (__mutex_array_start = .)
 *(SORT_BY_NAME(.mutex_array.*))
 *(.mutex_array)
 .mutex_array   0x20000718        0x8 basic/CMakeFiles/pio_ws2812.dir/C_/Users/dreng/source/repos/pico/pico-sdk/src/rp2_common/pico_stdio/stdio.c.obj
                0x20000720                PROVIDE (__mutex_array_end = .)
                0x20000720                . = ALIGN (0x4)
                0x20000720                PROVIDE (__preinit_array_start = .)
 *(SORT_BY_NAME(.preinit_array.*))
 .preinit_array.00001
                0x20000720        0x4 basic/CMakeFiles/pio_ws2812.dir/C_/Users/dreng/source/repos/pico/pico-sdk/src/rp2_common/pico_mem_ops/mem_ops_aeabi.S.obj
 .preinit_array.00010
                0x20000724        0x4 basic/CMakeFiles/pio_ws2812.dir/C_/Users/dreng/source/repos/pico/pico-sdk/src/rp2_common/pico_bit_ops/bit_ops_aeabi.S.obj
 .preinit_array.00020
                0x20000728        0x4 basic/CMakeFiles/pio_ws2812.dir/C_/Users/dreng/source/repos/pico/pico-sdk/src/rp2_common/pico_double/double_aeabi.S.obj
 .preinit_array.00020
                0x2000072c        0x4 basic/CMakeFiles/pio_ws2812.dir/C_/Users/dreng/source/repos/pico/pico-sdk/src/rp2_common/pico_float/float_aeabi.S.obj
 *(.preinit_array)
                0x20000730                PROVIDE (__preinit_array_end = .)
                0x20000730                . = ALIGN (0x4)
                0x20000730                PROVIDE (__init_array_start = .)
 *(SORT_BY_NAME(.init_array.*))
 *(.init_array)
 .init_array    0x20000730        0x4 c:/progra~1/raspbe~1/picosd~1.0/gcc-ar~1/bin/../lib/gcc/arm-none-eabi/10.3.1/thumb/v6-m/nofp/crtbegin.o
                0x20000734                PROVIDE (__init_array_end = .)
                0x20000734                . = ALIGN (0x4)
                [!provide]                PROVIDE (__fini_array_start = .)
 *(SORT_BY_NAME(.fini_array.*))
 *(.fini_array)
                [!provide]                PROVIDE (__fini_array_end = .)
 *(.jcr)
                0x20000734                . = ALIGN (0x4)
                0x20000734                __data_end__ = .

.igot.plt       0x20000734        0x0 load address 0x100066b8
 .igot.plt      0x20000734        0x0 c:/progra~1/raspbe~1/picosd~1.0/gcc-ar~1/bin/../lib/gcc/arm-none-eabi/10.3.1/thumb/v6-m/nofp/crtbegin.o

.uninitialized_data
                0x20000734        0x0 load address 0x100066b8
                0x20000734                . = ALIGN (0x4)
 *(.uninitialized_data*)

.scratch_x      0x20040000        0x0 load address 0x100066b8
                0x20040000                __scratch_x_start__ = .
 *(.scratch_x.*)
                0x20040000                . = ALIGN (0x4)
                0x20040000                __scratch_x_end__ = .
                0x100066b8                __scratch_x_source__ = LOADADDR (.scratch_x)

.scratch_y      0x20041000        0x0 load address 0x100066b8
                0x20041000                __scratch_y_start__ = .
 *(.scratch_y.*)
                0x20041000                . = ALIGN (0x4)
                0x20041000                __scratch_y_end__ = .
                0x100066b8                __scratch_y_source__ = LOADADDR (.scratch_y)

.bss            0x20000738      0x700
                0x20000738                . = ALIGN (0x4)
                0x20000738                __bss_start__ = .
 *(SORT_BY_ALIGNMENT(SORT_BY_NAME(.bss*)))
 .bss.default_alarm_pool_entries
                0x20000738      0x100 basic/CMakeFiles/pio_ws2812.dir/C_/Users/dreng/source/repos/pico/pico-sdk/src/common/pico_time/time.c.obj
 .bss           0x20000838       0x1c c:/progra~1/raspbe~1/picosd~1.0/gcc-ar~1/bin/../lib/gcc/arm-none-eabi/10.3.1/thumb/v6-m/nofp/crtbegin.o
 .bss._used_instruction_space
                0x20000854        0x8 basic/display_driver/libdisplay_driver.a(pio.c.obj)
 .bss.alarm_callbacks
                0x2000085c       0x10 basic/CMakeFiles/pio_ws2812.dir/C_/Users/dreng/source/repos/pico/pico-sdk/src/rp2_common/hardware_timer/timer.c.obj
 .bss.chars_available_callback
                0x2000086c        0x4 basic/CMakeFiles/pio_ws2812.dir/C_/Users/dreng/source/repos/pico/pico-sdk/src/rp2_common/pico_stdio_uart/stdio_uart.c.obj
 .bss.chars_available_param
                0x20000870        0x4 basic/CMakeFiles/pio_ws2812.dir/C_/Users/dreng/source/repos/pico/pico-sdk/src/rp2_common/pico_stdio_uart/stdio_uart.c.obj
 .bss.configured_freq
                0x20000874       0x28 basic/CMakeFiles/pio_ws2812.dir/C_/Users/dreng/source/repos/pico/pico-sdk/src/rp2_common/hardware_clocks/clocks.c.obj
 .bss.default_alarm_pool_entry_ids_high
                0x2000089c       0x10 basic/CMakeFiles/pio_ws2812.dir/C_/Users/dreng/source/repos/pico/pico-sdk/src/common/pico_time/time.c.obj
 .bss.default_alarm_pool_heap_nodes
                0x200008ac       0x30 basic/CMakeFiles/pio_ws2812.dir/C_/Users/dreng/source/repos/pico/pico-sdk/src/common/pico_time/time.c.obj
 .bss.display   0x200008dc      0x18f basic/display_driver/libdisplay_driver.a(display_driver.c.obj)
 *fill*         0x20000a6b        0x1 
 .bss.drivers   0x20000a6c        0x4 basic/CMakeFiles/pio_ws2812.dir/C_/Users/dreng/source/repos/pico/pico-sdk/src/rp2_common/pico_stdio/stdio.c.obj
 .bss.fill      0x20000a70      0x18f basic/display_driver/libdisplay_driver.a(display_driver.c.obj)
 *fill*         0x20000bff        0x1 
 .bss.filter    0x20000c00        0x4 basic/CMakeFiles/pio_ws2812.dir/C_/Users/dreng/source/repos/pico/pico-sdk/src/rp2_common/pico_stdio/stdio.c.obj
 .bss.pools     0x20000c04       0x10 basic/CMakeFiles/pio_ws2812.dir/C_/Users/dreng/source/repos/pico/pico-sdk/src/common/pico_time/time.c.obj
 .bss.sd_table  0x20000c14      0x100 basic/CMakeFiles/pio_ws2812.dir/C_/Users/dreng/source/repos/pico/pico-sdk/src/rp2_common/pico_double/double_init_rom.c.obj
                0x20000c14                sd_table
 .bss.sf_clz_func
                0x20000d14        0x4 basic/CMakeFiles/pio_ws2812.dir/C_/Users/dreng/source/repos/pico/pico-sdk/src/rp2_common/pico_double/double_init_rom.c.obj
                0x20000d14                sf_clz_func
 .bss.sf_table  0x20000d18      0x100 basic/CMakeFiles/pio_ws2812.dir/C_/Users/dreng/source/repos/pico/pico-sdk/src/rp2_common/pico_float/float_init_rom.c.obj
                0x20000d18                sf_table
 .bss.sleep_notifier
                0x20000e18        0x4 basic/CMakeFiles/pio_ws2812.dir/C_/Users/dreng/source/repos/pico/pico-sdk/src/common/pico_time/time.c.obj
 .bss.target_hi
                0x20000e1c       0x10 basic/CMakeFiles/pio_ws2812.dir/C_/Users/dreng/source/repos/pico/pico-sdk/src/rp2_common/hardware_timer/timer.c.obj
 .bss.uart_char_to_line_feed
                0x20000e2c        0x4 basic/CMakeFiles/pio_ws2812.dir/C_/Users/dreng/source/repos/pico/pico-sdk/src/rp2_common/hardware_uart/uart.c.obj
                0x20000e2c                uart_char_to_line_feed
 .bss.uart_instance
                0x20000e30        0x4 basic/CMakeFiles/pio_ws2812.dir/C_/Users/dreng/source/repos/pico/pico-sdk/src/rp2_common/pico_stdio_uart/stdio_uart.c.obj
 .bss.claimed   0x20000e34        0x1 basic/CMakeFiles/pio_ws2812.dir/C_/Users/dreng/source/repos/pico/pico-sdk/src/rp2_common/hardware_timer/timer.c.obj
 .bss.irq_hander_chain_free_slot_head
                0x20000e35        0x1 basic/CMakeFiles/pio_ws2812.dir/C_/Users/dreng/source/repos/pico/pico-sdk/src/rp2_common/hardware_irq/irq.c.obj
 .bss.timer_callbacks_pending
                0x20000e36        0x1 basic/CMakeFiles/pio_ws2812.dir/C_/Users/dreng/source/repos/pico/pico-sdk/src/rp2_common/hardware_timer/timer.c.obj
 *(COMMON)
                0x20000e38                . = ALIGN (0x4)
 *fill*         0x20000e37        0x1 
                0x20000e38                __bss_end__ = .

.heap           0x20000e38      0x800
                0x20000e38                __end__ = .
                0x20000e38                end = __end__
 *(.heap*)
 .heap          0x20000e38      0x800 basic/CMakeFiles/pio_ws2812.dir/C_/Users/dreng/source/repos/pico/pico-sdk/src/rp2_common/pico_standard_link/crt0.S.obj
                0x20001638                __HeapLimit = .

.stack1_dummy   0x20040000        0x0
 *(.stack1*)

.stack_dummy    0x20041000      0x800
 *(.stack*)
 .stack         0x20041000      0x800 basic/CMakeFiles/pio_ws2812.dir/C_/Users/dreng/source/repos/pico/pico-sdk/src/rp2_common/pico_standard_link/crt0.S.obj

.flash_end      0x100066b8        0x0
                0x100066b8                __flash_binary_end = .
                0x20040000                __StackLimit = (ORIGIN (RAM) + LENGTH (RAM))
                0x20041000                __StackOneTop = (ORIGIN (SCRATCH_X) + LENGTH (SCRATCH_X))
                0x20042000                __StackTop = (ORIGIN (SCRATCH_Y) + LENGTH (SCRATCH_Y))
                0x20041000                __StackOneBottom = (__StackOneTop - SIZEOF (.stack1_dummy))
                0x20041800                __StackBottom = (__StackTop - SIZEOF (.stack_dummy))
                0x20042000                PROVIDE (__stack = __StackTop)
                0x00000001                ASSERT ((__StackLimit >= __HeapLimit), region RAM overflowed)
                0x00000001                ASSERT (((__binary_info_header_end - __logical_binary_start) <= 0x100), Binary info must be in first 256 bytes of the binary)
LOAD basic/CMakeFiles/pio_ws2812.dir/ws2812.c.obj
LOAD basic/CMakeFiles/pio_ws2812.dir/C_/Users/dreng/source/repos/pico/pico-sdk/src/rp2_common/pico_stdlib/stdlib.c.obj
LOAD basic/CMakeFiles/pio_ws2812.dir/C_/Users/dreng/source/repos/pico/pico-sdk/src/rp2_common/hardware_gpio/gpio.c.obj
LOAD basic/CMakeFiles/pio_ws2812.dir/C_/Users/dreng/source/repos/pico/pico-sdk/src/rp2_common/pico_platform/platform.c.obj
LOAD basic/CMakeFiles/pio_ws2812.dir/C_/Users/dreng/source/repos/pico/pico-sdk/src/rp2_common/hardware_claim/claim.c.obj
LOAD basic/CMakeFiles/pio_ws2812.dir/C_/Users/dreng/source/repos/pico/pico-sdk/src/rp2_common/hardware_sync/sync.c.obj
LOAD basic/CMakeFiles/pio_ws2812.dir/C_/Users/dreng/source/repos/pico/pico-sdk/src/rp2_common/hardware_irq/irq.c.obj
LOAD basic/CMakeFiles/pio_ws2812.dir/C_/Users/dreng/source/repos/pico/pico-sdk/src/rp2_common/hardware_irq/irq_handler_chain.S.obj
LOAD basic/CMakeFiles/pio_ws2812.dir/C_/Users/dreng/source/repos/pico/pico-sdk/src/common/pico_sync/sem.c.obj
LOAD basic/CMakeFiles/pio_ws2812.dir/C_/Users/dreng/source/repos/pico/pico-sdk/src/common/pico_sync/lock_core.c.obj
LOAD basic/CMakeFiles/pio_ws2812.dir/C_/Users/dreng/source/repos/pico/pico-sdk/src/common/pico_sync/mutex.c.obj
LOAD basic/CMakeFiles/pio_ws2812.dir/C_/Users/dreng/source/repos/pico/pico-sdk/src/common/pico_sync/critical_section.c.obj
LOAD basic/CMakeFiles/pio_ws2812.dir/C_/Users/dreng/source/repos/pico/pico-sdk/src/common/pico_time/time.c.obj
LOAD basic/CMakeFiles/pio_ws2812.dir/C_/Users/dreng/source/repos/pico/pico-sdk/src/common/pico_time/timeout_helper.c.obj
LOAD basic/CMakeFiles/pio_ws2812.dir/C_/Users/dreng/source/repos/pico/pico-sdk/src/rp2_common/hardware_timer/timer.c.obj
LOAD basic/CMakeFiles/pio_ws2812.dir/C_/Users/dreng/source/repos/pico/pico-sdk/src/common/pico_util/datetime.c.obj
LOAD basic/CMakeFiles/pio_ws2812.dir/C_/Users/dreng/source/repos/pico/pico-sdk/src/common/pico_util/pheap.c.obj
LOAD basic/CMakeFiles/pio_ws2812.dir/C_/Users/dreng/source/repos/pico/pico-sdk/src/common/pico_util/queue.c.obj
LOAD basic/CMakeFiles/pio_ws2812.dir/C_/Users/dreng/source/repos/pico/pico-sdk/src/rp2_common/hardware_uart/uart.c.obj
LOAD basic/CMakeFiles/pio_ws2812.dir/C_/Users/dreng/source/repos/pico/pico-sdk/src/rp2_common/hardware_clocks/clocks.c.obj
LOAD basic/CMakeFiles/pio_ws2812.dir/C_/Users/dreng/source/repos/pico/pico-sdk/src/rp2_common/hardware_pll/pll.c.obj
LOAD basic/CMakeFiles/pio_ws2812.dir/C_/Users/dreng/source/repos/pico/pico-sdk/src/rp2_common/hardware_vreg/vreg.c.obj
LOAD basic/CMakeFiles/pio_ws2812.dir/C_/Users/dreng/source/repos/pico/pico-sdk/src/rp2_common/hardware_watchdog/watchdog.c.obj
LOAD basic/CMakeFiles/pio_ws2812.dir/C_/Users/dreng/source/repos/pico/pico-sdk/src/rp2_common/hardware_xosc/xosc.c.obj
LOAD basic/CMakeFiles/pio_ws2812.dir/C_/Users/dreng/source/repos/pico/pico-sdk/src/rp2_common/hardware_divider/divider.S.obj
LOAD basic/CMakeFiles/pio_ws2812.dir/C_/Users/dreng/source/repos/pico/pico-sdk/src/rp2_common/pico_runtime/runtime.c.obj
LOAD basic/CMakeFiles/pio_ws2812.dir/C_/Users/dreng/source/repos/pico/pico-sdk/src/rp2_common/pico_printf/printf.c.obj
LOAD basic/CMakeFiles/pio_ws2812.dir/C_/Users/dreng/source/repos/pico/pico-sdk/src/rp2_common/pico_bit_ops/bit_ops_aeabi.S.obj
LOAD basic/CMakeFiles/pio_ws2812.dir/C_/Users/dreng/source/repos/pico/pico-sdk/src/rp2_common/pico_bootrom/bootrom.c.obj
LOAD basic/CMakeFiles/pio_ws2812.dir/C_/Users/dreng/source/repos/pico/pico-sdk/src/rp2_common/pico_divider/divider.S.obj
LOAD basic/CMakeFiles/pio_ws2812.dir/C_/Users/dreng/source/repos/pico/pico-sdk/src/rp2_common/pico_double/double_aeabi.S.obj
LOAD basic/CMakeFiles/pio_ws2812.dir/C_/Users/dreng/source/repos/pico/pico-sdk/src/rp2_common/pico_double/double_init_rom.c.obj
LOAD basic/CMakeFiles/pio_ws2812.dir/C_/Users/dreng/source/repos/pico/pico-sdk/src/rp2_common/pico_double/double_math.c.obj
LOAD basic/CMakeFiles/pio_ws2812.dir/C_/Users/dreng/source/repos/pico/pico-sdk/src/rp2_common/pico_double/double_v1_rom_shim.S.obj
LOAD basic/CMakeFiles/pio_ws2812.dir/C_/Users/dreng/source/repos/pico/pico-sdk/src/rp2_common/pico_int64_ops/pico_int64_ops_aeabi.S.obj
LOAD basic/CMakeFiles/pio_ws2812.dir/C_/Users/dreng/source/repos/pico/pico-sdk/src/rp2_common/pico_float/float_aeabi.S.obj
LOAD basic/CMakeFiles/pio_ws2812.dir/C_/Users/dreng/source/repos/pico/pico-sdk/src/rp2_common/pico_float/float_init_rom.c.obj
LOAD basic/CMakeFiles/pio_ws2812.dir/C_/Users/dreng/source/repos/pico/pico-sdk/src/rp2_common/pico_float/float_math.c.obj
LOAD basic/CMakeFiles/pio_ws2812.dir/C_/Users/dreng/source/repos/pico/pico-sdk/src/rp2_common/pico_float/float_v1_rom_shim.S.obj
LOAD basic/CMakeFiles/pio_ws2812.dir/C_/Users/dreng/source/repos/pico/pico-sdk/src/rp2_common/pico_malloc/pico_malloc.c.obj
LOAD basic/CMakeFiles/pio_ws2812.dir/C_/Users/dreng/source/repos/pico/pico-sdk/src/rp2_common/pico_mem_ops/mem_ops_aeabi.S.obj
LOAD basic/CMakeFiles/pio_ws2812.dir/C_/Users/dreng/source/repos/pico/pico-sdk/src/rp2_common/pico_standard_link/crt0.S.obj
LOAD basic/CMakeFiles/pio_ws2812.dir/C_/Users/dreng/source/repos/pico/pico-sdk/src/rp2_common/pico_standard_link/new_delete.cpp.obj
LOAD basic/CMakeFiles/pio_ws2812.dir/C_/Users/dreng/source/repos/pico/pico-sdk/src/rp2_common/pico_standard_link/binary_info.c.obj
LOAD basic/CMakeFiles/pio_ws2812.dir/C_/Users/dreng/source/repos/pico/pico-sdk/src/rp2_common/pico_stdio/stdio.c.obj
LOAD basic/CMakeFiles/pio_ws2812.dir/C_/Users/dreng/source/repos/pico/pico-sdk/src/rp2_common/pico_stdio_uart/stdio_uart.c.obj
LOAD basic/display_driver/libdisplay_driver.a
LOAD C:\Users\dreng\AppData\Local\Temp\ccCZCap1.o
LOAD c:/progra~1/raspbe~1/picosd~1.0/gcc-ar~1/bin/../lib/gcc/arm-none-eabi/10.3.1/../../../../arm-none-eabi/lib/thumb/v6-m/nofp\libstdc++.a
LOAD c:/progra~1/raspbe~1/picosd~1.0/gcc-ar~1/bin/../lib/gcc/arm-none-eabi/10.3.1/../../../../arm-none-eabi/lib/thumb/v6-m/nofp\libm.a
START GROUP
LOAD c:/progra~1/raspbe~1/picosd~1.0/gcc-ar~1/bin/../lib/gcc/arm-none-eabi/10.3.1/thumb/v6-m/nofp\libgcc.a
LOAD c:/progra~1/raspbe~1/picosd~1.0/gcc-ar~1/bin/../lib/gcc/arm-none-eabi/10.3.1/../../../../arm-none-eabi/lib/thumb/v6-m/nofp\libg.a
LOAD c:/progra~1/raspbe~1/picosd~1.0/gcc-ar~1/bin/../lib/gcc/arm-none-eabi/10.3.1/../../../../arm-none-eabi/lib/thumb/v6-m/nofp\libc.a
END GROUP
START GROUP
LOAD c:/progra~1/raspbe~1/picosd~1.0/gcc-ar~1/bin/../lib/gcc/arm-none-eabi/10.3.1/thumb/v6-m/nofp\libgcc.a
LOAD c:/progra~1/raspbe~1/picosd~1.0/gcc-ar~1/bin/../lib/gcc/arm-none-eabi/10.3.1/../../../../arm-none-eabi/lib/thumb/v6-m/nofp\libc.a
LOAD c:/progra~1/raspbe~1/picosd~1.0/gcc-ar~1/bin/../lib/gcc/arm-none-eabi/10.3.1/../../../../arm-none-eabi/lib/thumb/v6-m/nofp\libnosys.a
END GROUP
LOAD c:/progra~1/raspbe~1/picosd~1.0/gcc-ar~1/bin/../lib/gcc/arm-none-eabi/10.3.1/thumb/v6-m/nofp/crtend.o
LOAD c:/progra~1/raspbe~1/picosd~1.0/gcc-ar~1/bin/../lib/gcc/arm-none-eabi/10.3.1/thumb/v6-m/nofp/crtn.o
OUTPUT(basic\pio_ws2812.elf elf32-littlearm)
LOAD linker stubs

.ARM.attributes
                0x00000000       0x28
 .ARM.attributes
                0x00000000       0x1e c:/progra~1/raspbe~1/picosd~1.0/gcc-ar~1/bin/../lib/gcc/arm-none-eabi/10.3.1/thumb/v6-m/nofp/crti.o
 .ARM.attributes
                0x0000001e       0x2c c:/progra~1/raspbe~1/picosd~1.0/gcc-ar~1/bin/../lib/gcc/arm-none-eabi/10.3.1/thumb/v6-m/nofp/crtbegin.o
 .ARM.attributes
                0x0000004a       0x2c basic/CMakeFiles/pio_ws2812.dir/ws2812.c.obj
 .ARM.attributes
                0x00000076       0x2c basic/CMakeFiles/pio_ws2812.dir/C_/Users/dreng/source/repos/pico/pico-sdk/src/rp2_common/hardware_gpio/gpio.c.obj
 .ARM.attributes
                0x000000a2       0x2c basic/CMakeFiles/pio_ws2812.dir/C_/Users/dreng/source/repos/pico/pico-sdk/src/rp2_common/pico_platform/platform.c.obj
 .ARM.attributes
                0x000000ce       0x2c basic/CMakeFiles/pio_ws2812.dir/C_/Users/dreng/source/repos/pico/pico-sdk/src/rp2_common/hardware_claim/claim.c.obj
 .ARM.attributes
                0x000000fa       0x2c basic/CMakeFiles/pio_ws2812.dir/C_/Users/dreng/source/repos/pico/pico-sdk/src/rp2_common/hardware_sync/sync.c.obj
 .ARM.attributes
                0x00000126       0x2c basic/CMakeFiles/pio_ws2812.dir/C_/Users/dreng/source/repos/pico/pico-sdk/src/rp2_common/hardware_irq/irq.c.obj
 .ARM.attributes
                0x00000152       0x22 basic/CMakeFiles/pio_ws2812.dir/C_/Users/dreng/source/repos/pico/pico-sdk/src/rp2_common/hardware_irq/irq_handler_chain.S.obj
 .ARM.attributes
                0x00000174       0x2c basic/CMakeFiles/pio_ws2812.dir/C_/Users/dreng/source/repos/pico/pico-sdk/src/common/pico_sync/lock_core.c.obj
 .ARM.attributes
                0x000001a0       0x2c basic/CMakeFiles/pio_ws2812.dir/C_/Users/dreng/source/repos/pico/pico-sdk/src/common/pico_sync/mutex.c.obj
 .ARM.attributes
                0x000001cc       0x2c basic/CMakeFiles/pio_ws2812.dir/C_/Users/dreng/source/repos/pico/pico-sdk/src/common/pico_time/time.c.obj
 .ARM.attributes
                0x000001f8       0x2c basic/CMakeFiles/pio_ws2812.dir/C_/Users/dreng/source/repos/pico/pico-sdk/src/rp2_common/hardware_timer/timer.c.obj
 .ARM.attributes
                0x00000224       0x2c basic/CMakeFiles/pio_ws2812.dir/C_/Users/dreng/source/repos/pico/pico-sdk/src/common/pico_util/pheap.c.obj
 .ARM.attributes
                0x00000250       0x2c basic/CMakeFiles/pio_ws2812.dir/C_/Users/dreng/source/repos/pico/pico-sdk/src/rp2_common/hardware_uart/uart.c.obj
 .ARM.attributes
                0x0000027c       0x2c basic/CMakeFiles/pio_ws2812.dir/C_/Users/dreng/source/repos/pico/pico-sdk/src/rp2_common/hardware_clocks/clocks.c.obj
 .ARM.attributes
                0x000002a8       0x2c basic/CMakeFiles/pio_ws2812.dir/C_/Users/dreng/source/repos/pico/pico-sdk/src/rp2_common/hardware_pll/pll.c.obj
 .ARM.attributes
                0x000002d4       0x2c basic/CMakeFiles/pio_ws2812.dir/C_/Users/dreng/source/repos/pico/pico-sdk/src/rp2_common/hardware_watchdog/watchdog.c.obj
 .ARM.attributes
                0x00000300       0x2c basic/CMakeFiles/pio_ws2812.dir/C_/Users/dreng/source/repos/pico/pico-sdk/src/rp2_common/hardware_xosc/xosc.c.obj
 .ARM.attributes
                0x0000032c       0x2c basic/CMakeFiles/pio_ws2812.dir/C_/Users/dreng/source/repos/pico/pico-sdk/src/rp2_common/pico_runtime/runtime.c.obj
 .ARM.attributes
                0x00000358       0x2c basic/CMakeFiles/pio_ws2812.dir/C_/Users/dreng/source/repos/pico/pico-sdk/src/rp2_common/pico_printf/printf.c.obj
 .ARM.attributes
                0x00000384       0x22 basic/CMakeFiles/pio_ws2812.dir/C_/Users/dreng/source/repos/pico/pico-sdk/src/rp2_common/pico_bit_ops/bit_ops_aeabi.S.obj
 .ARM.attributes
                0x000003a6       0x2c basic/CMakeFiles/pio_ws2812.dir/C_/Users/dreng/source/repos/pico/pico-sdk/src/rp2_common/pico_bootrom/bootrom.c.obj
 .ARM.attributes
                0x000003d2       0x22 basic/CMakeFiles/pio_ws2812.dir/C_/Users/dreng/source/repos/pico/pico-sdk/src/rp2_common/pico_divider/divider.S.obj
 .ARM.attributes
                0x000003f4       0x22 basic/CMakeFiles/pio_ws2812.dir/C_/Users/dreng/source/repos/pico/pico-sdk/src/rp2_common/pico_double/double_aeabi.S.obj
 .ARM.attributes
                0x00000416       0x2c basic/CMakeFiles/pio_ws2812.dir/C_/Users/dreng/source/repos/pico/pico-sdk/src/rp2_common/pico_double/double_init_rom.c.obj
 .ARM.attributes
                0x00000442       0x22 basic/CMakeFiles/pio_ws2812.dir/C_/Users/dreng/source/repos/pico/pico-sdk/src/rp2_common/pico_double/double_v1_rom_shim.S.obj
 .ARM.attributes
                0x00000464       0x22 basic/CMakeFiles/pio_ws2812.dir/C_/Users/dreng/source/repos/pico/pico-sdk/src/rp2_common/pico_int64_ops/pico_int64_ops_aeabi.S.obj
 .ARM.attributes
                0x00000486       0x22 basic/CMakeFiles/pio_ws2812.dir/C_/Users/dreng/source/repos/pico/pico-sdk/src/rp2_common/pico_float/float_aeabi.S.obj
 .ARM.attributes
                0x000004a8       0x2c basic/CMakeFiles/pio_ws2812.dir/C_/Users/dreng/source/repos/pico/pico-sdk/src/rp2_common/pico_float/float_init_rom.c.obj
 .ARM.attributes
                0x000004d4       0x22 basic/CMakeFiles/pio_ws2812.dir/C_/Users/dreng/source/repos/pico/pico-sdk/src/rp2_common/pico_float/float_v1_rom_shim.S.obj
 .ARM.attributes
                0x000004f6       0x22 basic/CMakeFiles/pio_ws2812.dir/C_/Users/dreng/source/repos/pico/pico-sdk/src/rp2_common/pico_mem_ops/mem_ops_aeabi.S.obj
 .ARM.attributes
                0x00000518       0x22 basic/CMakeFiles/pio_ws2812.dir/C_/Users/dreng/source/repos/pico/pico-sdk/src/rp2_common/pico_standard_link/crt0.S.obj
 .ARM.attributes
                0x0000053a       0x2c basic/CMakeFiles/pio_ws2812.dir/C_/Users/dreng/source/repos/pico/pico-sdk/src/rp2_common/pico_standard_link/binary_info.c.obj
 .ARM.attributes
                0x00000566       0x2c basic/CMakeFiles/pio_ws2812.dir/C_/Users/dreng/source/repos/pico/pico-sdk/src/rp2_common/pico_stdio/stdio.c.obj
 .ARM.attributes
                0x00000592       0x2c basic/CMakeFiles/pio_ws2812.dir/C_/Users/dreng/source/repos/pico/pico-sdk/src/rp2_common/pico_stdio_uart/stdio_uart.c.obj
 .ARM.attributes
                0x000005be       0x2c basic/display_driver/libdisplay_driver.a(display_driver.c.obj)
 .ARM.attributes
                0x000005ea       0x2c basic/display_driver/libdisplay_driver.a(pio.c.obj)
 .ARM.attributes
                0x00000616       0x22 C:\Users\dreng\AppData\Local\Temp\ccCZCap1.o
 .ARM.attributes
                0x00000638       0x1e c:/progra~1/raspbe~1/picosd~1.0/gcc-ar~1/bin/../lib/gcc/arm-none-eabi/10.3.1/thumb/v6-m/nofp\libgcc.a(_dvmd_tls.o)
 .ARM.attributes
                0x00000656       0x2c c:/progra~1/raspbe~1/picosd~1.0/gcc-ar~1/bin/../lib/gcc/arm-none-eabi/10.3.1/../../../../arm-none-eabi/lib/thumb/v6-m/nofp\libg.a(lib_a-impure.o)
 .ARM.attributes
                0x00000682       0x2c c:/progra~1/raspbe~1/picosd~1.0/gcc-ar~1/bin/../lib/gcc/arm-none-eabi/10.3.1/../../../../arm-none-eabi/lib/thumb/v6-m/nofp\libg.a(lib_a-rand.o)
 .ARM.attributes
                0x000006ae       0x2c c:/progra~1/raspbe~1/picosd~1.0/gcc-ar~1/bin/../lib/gcc/arm-none-eabi/10.3.1/../../../../arm-none-eabi/lib/thumb/v6-m/nofp\libg.a(lib_a-strlen-stub.o)

.comment        0x00000000       0x49
 .comment       0x00000000       0x49 basic/CMakeFiles/pio_ws2812.dir/ws2812.c.obj
                                 0x4a (size before relaxing)
 .comment       0x00000049       0x4a basic/CMakeFiles/pio_ws2812.dir/C_/Users/dreng/source/repos/pico/pico-sdk/src/rp2_common/hardware_gpio/gpio.c.obj
 .comment       0x00000049       0x4a basic/CMakeFiles/pio_ws2812.dir/C_/Users/dreng/source/repos/pico/pico-sdk/src/rp2_common/pico_platform/platform.c.obj
 .comment       0x00000049       0x4a basic/CMakeFiles/pio_ws2812.dir/C_/Users/dreng/source/repos/pico/pico-sdk/src/rp2_common/hardware_claim/claim.c.obj
 .comment       0x00000049       0x4a basic/CMakeFiles/pio_ws2812.dir/C_/Users/dreng/source/repos/pico/pico-sdk/src/rp2_common/hardware_sync/sync.c.obj
 .comment       0x00000049       0x4a basic/CMakeFiles/pio_ws2812.dir/C_/Users/dreng/source/repos/pico/pico-sdk/src/rp2_common/hardware_irq/irq.c.obj
 .comment       0x00000049       0x4a basic/CMakeFiles/pio_ws2812.dir/C_/Users/dreng/source/repos/pico/pico-sdk/src/common/pico_sync/lock_core.c.obj
 .comment       0x00000049       0x4a basic/CMakeFiles/pio_ws2812.dir/C_/Users/dreng/source/repos/pico/pico-sdk/src/common/pico_sync/mutex.c.obj
 .comment       0x00000049       0x4a basic/CMakeFiles/pio_ws2812.dir/C_/Users/dreng/source/repos/pico/pico-sdk/src/common/pico_time/time.c.obj
 .comment       0x00000049       0x4a basic/CMakeFiles/pio_ws2812.dir/C_/Users/dreng/source/repos/pico/pico-sdk/src/rp2_common/hardware_timer/timer.c.obj
 .comment       0x00000049       0x4a basic/CMakeFiles/pio_ws2812.dir/C_/Users/dreng/source/repos/pico/pico-sdk/src/common/pico_util/pheap.c.obj
 .comment       0x00000049       0x4a basic/CMakeFiles/pio_ws2812.dir/C_/Users/dreng/source/repos/pico/pico-sdk/src/rp2_common/hardware_uart/uart.c.obj
 .comment       0x00000049       0x4a basic/CMakeFiles/pio_ws2812.dir/C_/Users/dreng/source/repos/pico/pico-sdk/src/rp2_common/hardware_clocks/clocks.c.obj
 .comment       0x00000049       0x4a basic/CMakeFiles/pio_ws2812.dir/C_/Users/dreng/source/repos/pico/pico-sdk/src/rp2_common/hardware_pll/pll.c.obj
 .comment       0x00000049       0x4a basic/CMakeFiles/pio_ws2812.dir/C_/Users/dreng/source/repos/pico/pico-sdk/src/rp2_common/hardware_watchdog/watchdog.c.obj
 .comment       0x00000049       0x4a basic/CMakeFiles/pio_ws2812.dir/C_/Users/dreng/source/repos/pico/pico-sdk/src/rp2_common/hardware_xosc/xosc.c.obj
 .comment       0x00000049       0x4a basic/CMakeFiles/pio_ws2812.dir/C_/Users/dreng/source/repos/pico/pico-sdk/src/rp2_common/pico_runtime/runtime.c.obj
 .comment       0x00000049       0x4a basic/CMakeFiles/pio_ws2812.dir/C_/Users/dreng/source/repos/pico/pico-sdk/src/rp2_common/pico_printf/printf.c.obj
 .comment       0x00000049       0x4a basic/CMakeFiles/pio_ws2812.dir/C_/Users/dreng/source/repos/pico/pico-sdk/src/rp2_common/pico_bootrom/bootrom.c.obj
 .comment       0x00000049       0x4a basic/CMakeFiles/pio_ws2812.dir/C_/Users/dreng/source/repos/pico/pico-sdk/src/rp2_common/pico_double/double_init_rom.c.obj
 .comment       0x00000049       0x4a basic/CMakeFiles/pio_ws2812.dir/C_/Users/dreng/source/repos/pico/pico-sdk/src/rp2_common/pico_float/float_init_rom.c.obj
 .comment       0x00000049       0x4a basic/CMakeFiles/pio_ws2812.dir/C_/Users/dreng/source/repos/pico/pico-sdk/src/rp2_common/pico_standard_link/binary_info.c.obj
 .comment       0x00000049       0x4a basic/CMakeFiles/pio_ws2812.dir/C_/Users/dreng/source/repos/pico/pico-sdk/src/rp2_common/pico_stdio/stdio.c.obj
 .comment       0x00000049       0x4a basic/CMakeFiles/pio_ws2812.dir/C_/Users/dreng/source/repos/pico/pico-sdk/src/rp2_common/pico_stdio_uart/stdio_uart.c.obj
 .comment       0x00000049       0x4a basic/display_driver/libdisplay_driver.a(display_driver.c.obj)
 .comment       0x00000049       0x4a basic/display_driver/libdisplay_driver.a(pio.c.obj)

.debug_info     0x00000000    0x191fe
 .debug_info    0x00000000      0x63c basic/CMakeFiles/pio_ws2812.dir/ws2812.c.obj
 .debug_info    0x0000063c     0x16d8 basic/CMakeFiles/pio_ws2812.dir/C_/Users/dreng/source/repos/pico/pico-sdk/src/rp2_common/hardware_gpio/gpio.c.obj
 .debug_info    0x00001d14      0x1e3 basic/CMakeFiles/pio_ws2812.dir/C_/Users/dreng/source/repos/pico/pico-sdk/src/rp2_common/pico_platform/platform.c.obj
 .debug_info    0x00001ef7      0x6bc basic/CMakeFiles/pio_ws2812.dir/C_/Users/dreng/source/repos/pico/pico-sdk/src/rp2_common/hardware_claim/claim.c.obj
 .debug_info    0x000025b3      0x58e basic/CMakeFiles/pio_ws2812.dir/C_/Users/dreng/source/repos/pico/pico-sdk/src/rp2_common/hardware_sync/sync.c.obj
 .debug_info    0x00002b41     0x1c9c basic/CMakeFiles/pio_ws2812.dir/C_/Users/dreng/source/repos/pico/pico-sdk/src/rp2_common/hardware_irq/irq.c.obj
 .debug_info    0x000047dd      0x1a4 basic/CMakeFiles/pio_ws2812.dir/C_/Users/dreng/source/repos/pico/pico-sdk/src/common/pico_sync/lock_core.c.obj
 .debug_info    0x00004981     0x20d3 basic/CMakeFiles/pio_ws2812.dir/C_/Users/dreng/source/repos/pico/pico-sdk/src/common/pico_sync/mutex.c.obj
 .debug_info    0x00006a54     0x4066 basic/CMakeFiles/pio_ws2812.dir/C_/Users/dreng/source/repos/pico/pico-sdk/src/common/pico_time/time.c.obj
 .debug_info    0x0000aaba     0x13ee basic/CMakeFiles/pio_ws2812.dir/C_/Users/dreng/source/repos/pico/pico-sdk/src/rp2_common/hardware_timer/timer.c.obj
 .debug_info    0x0000bea8     0x123b basic/CMakeFiles/pio_ws2812.dir/C_/Users/dreng/source/repos/pico/pico-sdk/src/common/pico_util/pheap.c.obj
 .debug_info    0x0000d0e3      0xb65 basic/CMakeFiles/pio_ws2812.dir/C_/Users/dreng/source/repos/pico/pico-sdk/src/rp2_common/hardware_uart/uart.c.obj
 .debug_info    0x0000dc48      0xf8d basic/CMakeFiles/pio_ws2812.dir/C_/Users/dreng/source/repos/pico/pico-sdk/src/rp2_common/hardware_clocks/clocks.c.obj