Archive member included to satisfy reference by file (symbol)

c:/progra~1/raspbe~1/picosd~1.0/gcc-ar~1/bin/../lib/gcc/arm-none-eabi/10.3.1/thumb/v6-m/nofp\libgcc.a(_dvmd_tls.o)
                              utils/CMakeFiles/pio_ws2812_2.dir/C_/Users/dreng/source/repos/pico/pico-sdk/src/rp2_common/pico_divider/divider.S.obj (__aeabi_idiv0)
c:/progra~1/raspbe~1/picosd~1.0/gcc-ar~1/bin/../lib/gcc/arm-none-eabi/10.3.1/../../../../arm-none-eabi/lib/thumb/v6-m/nofp\libg.a(lib_a-calloc.o)
                              utils/CMakeFiles/pio_ws2812_2.dir/C_/Users/dreng/source/repos/pico/pico-sdk/src/rp2_common/pico_malloc/pico_malloc.c.obj (calloc)
c:/progra~1/raspbe~1/picosd~1.0/gcc-ar~1/bin/../lib/gcc/arm-none-eabi/10.3.1/../../../../arm-none-eabi/lib/thumb/v6-m/nofp\libg.a(lib_a-callocr.o)
                              c:/progra~1/raspbe~1/picosd~1.0/gcc-ar~1/bin/../lib/gcc/arm-none-eabi/10.3.1/../../../../arm-none-eabi/lib/thumb/v6-m/nofp\libg.a(lib_a-calloc.o) (_calloc_r)
c:/progra~1/raspbe~1/picosd~1.0/gcc-ar~1/bin/../lib/gcc/arm-none-eabi/10.3.1/../../../../arm-none-eabi/lib/thumb/v6-m/nofp\libg.a(lib_a-errno.o)
                              c:/progra~1/raspbe~1/picosd~1.0/gcc-ar~1/bin/../lib/gcc/arm-none-eabi/10.3.1/../../../../arm-none-eabi/lib/thumb/v6-m/nofp\libg.a(lib_a-callocr.o) (__errno)
c:/progra~1/raspbe~1/picosd~1.0/gcc-ar~1/bin/../lib/gcc/arm-none-eabi/10.3.1/../../../../arm-none-eabi/lib/thumb/v6-m/nofp\libg.a(lib_a-impure.o)
                              c:/progra~1/raspbe~1/picosd~1.0/gcc-ar~1/bin/../lib/gcc/arm-none-eabi/10.3.1/../../../../arm-none-eabi/lib/thumb/v6-m/nofp\libg.a(lib_a-calloc.o) (_impure_ptr)
c:/progra~1/raspbe~1/picosd~1.0/gcc-ar~1/bin/../lib/gcc/arm-none-eabi/10.3.1/../../../../arm-none-eabi/lib/thumb/v6-m/nofp\libg.a(lib_a-init.o)
                              c:/progra~1/raspbe~1/picosd~1.0/gcc-ar~1/bin/../lib/gcc/arm-none-eabi/10.3.1/../../../../arm-none-eabi/lib/thumb/v6-m/nofp/crt0.o (__libc_init_array)
c:/progra~1/raspbe~1/picosd~1.0/gcc-ar~1/bin/../lib/gcc/arm-none-eabi/10.3.1/../../../../arm-none-eabi/lib/thumb/v6-m/nofp\libg.a(lib_a-malloc.o)
                              utils/CMakeFiles/pio_ws2812_2.dir/C_/Users/dreng/source/repos/pico/pico-sdk/src/rp2_common/pico_malloc/pico_malloc.c.obj (malloc)
c:/progra~1/raspbe~1/picosd~1.0/gcc-ar~1/bin/../lib/gcc/arm-none-eabi/10.3.1/../../../../arm-none-eabi/lib/thumb/v6-m/nofp\libg.a(lib_a-mallocr.o)
                              c:/progra~1/raspbe~1/picosd~1.0/gcc-ar~1/bin/../lib/gcc/arm-none-eabi/10.3.1/../../../../arm-none-eabi/lib/thumb/v6-m/nofp\libg.a(lib_a-callocr.o) (_malloc_r)
c:/progra~1/raspbe~1/picosd~1.0/gcc-ar~1/bin/../lib/gcc/arm-none-eabi/10.3.1/../../../../arm-none-eabi/lib/thumb/v6-m/nofp\libg.a(lib_a-mlock.o)
                              c:/progra~1/raspbe~1/picosd~1.0/gcc-ar~1/bin/../lib/gcc/arm-none-eabi/10.3.1/../../../../arm-none-eabi/lib/thumb/v6-m/nofp\libg.a(lib_a-mallocr.o) (__malloc_lock)
c:/progra~1/raspbe~1/picosd~1.0/gcc-ar~1/bin/../lib/gcc/arm-none-eabi/10.3.1/../../../../arm-none-eabi/lib/thumb/v6-m/nofp\libg.a(lib_a-realloc.o)
                              utils/CMakeFiles/pio_ws2812_2.dir/C_/Users/dreng/source/repos/pico/pico-sdk/src/rp2_common/pico_malloc/pico_malloc.c.obj (realloc)
c:/progra~1/raspbe~1/picosd~1.0/gcc-ar~1/bin/../lib/gcc/arm-none-eabi/10.3.1/../../../../arm-none-eabi/lib/thumb/v6-m/nofp\libg.a(lib_a-reallocr.o)
                              c:/progra~1/raspbe~1/picosd~1.0/gcc-ar~1/bin/../lib/gcc/arm-none-eabi/10.3.1/../../../../arm-none-eabi/lib/thumb/v6-m/nofp\libg.a(lib_a-realloc.o) (_realloc_r)
c:/progra~1/raspbe~1/picosd~1.0/gcc-ar~1/bin/../lib/gcc/arm-none-eabi/10.3.1/../../../../arm-none-eabi/lib/thumb/v6-m/nofp\libg.a(lib_a-sbrkr.o)
                              c:/progra~1/raspbe~1/picosd~1.0/gcc-ar~1/bin/../lib/gcc/arm-none-eabi/10.3.1/../../../../arm-none-eabi/lib/thumb/v6-m/nofp\libg.a(lib_a-mallocr.o) (_sbrk_r)
c:/progra~1/raspbe~1/picosd~1.0/gcc-ar~1/bin/../lib/gcc/arm-none-eabi/10.3.1/../../../../arm-none-eabi/lib/thumb/v6-m/nofp\libg.a(lib_a-strlen-stub.o)
                              utils/CMakeFiles/pio_ws2812_2.dir/C_/Users/dreng/source/repos/pico/pico-sdk/src/rp2_common/pico_stdio/stdio.c.obj (strlen)
c:/progra~1/raspbe~1/picosd~1.0/gcc-ar~1/bin/../lib/gcc/arm-none-eabi/10.3.1/../../../../arm-none-eabi/lib/thumb/v6-m/nofp\libg.a(lib_a-freer.o)
                              c:/progra~1/raspbe~1/picosd~1.0/gcc-ar~1/bin/../lib/gcc/arm-none-eabi/10.3.1/../../../../arm-none-eabi/lib/thumb/v6-m/nofp\libg.a(lib_a-malloc.o) (_free_r)
c:/progra~1/raspbe~1/picosd~1.0/gcc-ar~1/bin/../lib/gcc/arm-none-eabi/10.3.1/../../../../arm-none-eabi/lib/thumb/v6-m/nofp\libg.a(lib_a-lock.o)
                              c:/progra~1/raspbe~1/picosd~1.0/gcc-ar~1/bin/../lib/gcc/arm-none-eabi/10.3.1/../../../../arm-none-eabi/lib/thumb/v6-m/nofp\libg.a(lib_a-mlock.o) (__retarget_lock_acquire_recursive)
[...]
Memory Configuration

Name             Origin             Length             Attributes
FLASH            0x10000000         0x00200000         xr
RAM              0x20000000         0x00040000         xrw
SCRATCH_X        0x20040000         0x00001000         xrw
SCRATCH_Y        0x20041000         0x00001000         xrw
*default*        0x00000000         0xffffffff

Linker script and memory map

LOAD c:/progra~1/raspbe~1/picosd~1.0/gcc-ar~1/bin/../lib/gcc/arm-none-eabi/10.3.1/thumb/v6-m/nofp/crti.o
LOAD c:/progra~1/raspbe~1/picosd~1.0/gcc-ar~1/bin/../lib/gcc/arm-none-eabi/10.3.1/thumb/v6-m/nofp/crtbegin.o
LOAD c:/progra~1/raspbe~1/picosd~1.0/gcc-ar~1/bin/../lib/gcc/arm-none-eabi/10.3.1/../../../../arm-none-eabi/lib/thumb/v6-m/nofp/crt0.o

.flash_begin    0x10000000        0x0
                0x10000000                __flash_binary_start = .

.boot2          0x10000000      0x100
                0x10000000                __boot2_start__ = .
 *(.boot2)
 .boot2         0x10000000      0x100 C:\Users\dreng\AppData\Local\Temp\ccsQExRk.o
                0x10000100                __boot2_end__ = .
                0x00000001                ASSERT (((__boot2_end__ - __boot2_start__) == 0x100), ERROR: Pico second stage bootloader must be 256 bytes in size)

.text           0x10000100     0x4b78
                0x10000100                __logical_binary_start = .
 *(.vectors)
 .vectors       0x10000100       0xd4 utils/CMakeFiles/pio_ws2812_2.dir/C_/Users/dreng/source/repos/pico/pico-sdk/src/rp2_common/pico_standard_link/crt0.S.obj
                0x10000100                __VECTOR_TABLE
                0x10000100                __vectors
                0x100001c0                isr_invalid
                0x100001c0                __default_isrs_start
                0x100001c2                isr_nmi
                0x100001c4                isr_hardfault
                0x100001c6                isr_svcall
                0x100001c8                isr_pendsv
                0x100001ca                isr_systick
                0x100001cc                isr_irq23
                0x100001cc                isr_irq18
                0x100001cc                isr_irq11
                0x100001cc                isr_irq28
                0x100001cc                isr_irq19
                0x100001cc                isr_irq0
                0x100001cc                isr_irq6
                0x100001cc                isr_irq5
                0x100001cc                isr_irq12
                0x100001cc                isr_irq22
                0x100001cc                isr_irq31
                0x100001cc                isr_irq17
                0x100001cc                isr_irq27
                0x100001cc                isr_irq30
                0x100001cc                isr_irq2
                0x100001cc                isr_irq10
                0x100001cc                isr_irq8
                0x100001cc                isr_irq24
                0x100001cc                isr_irq1
                0x100001cc                isr_irq7
                0x100001cc                isr_irq21
                0x100001cc                isr_irq20
                0x100001cc                isr_irq15
                0x100001cc                isr_irq25
                0x100001cc                isr_irq13
                0x100001cc                __unhandled_user_irq
                0x100001cc                isr_irq4
                0x100001cc                isr_irq16
                0x100001cc                isr_irq29
                0x100001cc                isr_irq26
                0x100001cc                __default_isrs_end
                0x100001cc                isr_irq3
                0x100001cc                isr_irq14
                0x100001cc                isr_irq9
                0x100001d2                unhandled_user_irq_num_in_r0
 *(.binary_info_header)
 .binary_info_header
                0x100001d4       0x14 utils/CMakeFiles/pio_ws2812_2.dir/C_/Users/dreng/source/repos/pico/pico-sdk/src/rp2_common/pico_standard_link/crt0.S.obj
                0x100001e8                __binary_info_header_end = .
 *(.reset)
 .reset         0x100001e8       0xa0 utils/CMakeFiles/pio_ws2812_2.dir/C_/Users/dreng/source/repos/pico/pico-sdk/src/rp2_common/pico_standard_link/crt0.S.obj
                0x100001e8                _entry_point
 .reset         0x10000288       0x30 utils/CMakeFiles/pio_ws2812_2.dir/C_/Users/dreng/source/repos/pico/pico-sdk/src/rp2_common/pico_standard_link/binary_info.c.obj
 *(.init)
 .init          0x100002b8        0x4 c:/progra~1/raspbe~1/picosd~1.0/gcc-ar~1/bin/../lib/gcc/arm-none-eabi/10.3.1/thumb/v6-m/nofp/crti.o
                0x100002b8                _init
 *(EXCLUDE_FILE(*libm.a: *libc.a:*lib_a-mem*.o *libgcc.a:) .text*)
 .text          0x100002bc       0x48 c:/progra~1/raspbe~1/picosd~1.0/gcc-ar~1/bin/../lib/gcc/arm-none-eabi/10.3.1/thumb/v6-m/nofp/crtbegin.o
 .text.ws2812_program_init
                0x10000304      0x16c utils/CMakeFiles/pio_ws2812_2.dir/ws2812.c.obj
 .text.main     0x10000470      0x16c utils/CMakeFiles/pio_ws2812_2.dir/ws2812.c.obj
                0x10000470                main
 .text.gpio_set_function
                0x100005dc       0x30 utils/CMakeFiles/pio_ws2812_2.dir/C_/Users/dreng/source/repos/pico/pico-sdk/src/rp2_common/hardware_gpio/gpio.c.obj
                0x100005dc                gpio_set_function
 .text.running_on_fpga
                0x1000060c       0x14 utils/CMakeFiles/pio_ws2812_2.dir/C_/Users/dreng/source/repos/pico/pico-sdk/src/rp2_common/pico_platform/platform.c.obj
                0x1000060c                running_on_fpga
 .text.hw_claim_lock
                0x10000620       0x18 utils/CMakeFiles/pio_ws2812_2.dir/C_/Users/dreng/source/repos/pico/pico-sdk/src/rp2_common/hardware_claim/claim.c.obj
                0x10000620                hw_claim_lock
 .text.hw_claim_unlock
                0x10000638       0x14 utils/CMakeFiles/pio_ws2812_2.dir/C_/Users/dreng/source/repos/pico/pico-sdk/src/rp2_common/hardware_claim/claim.c.obj
                0x10000638                hw_claim_unlock
 .text.hw_claim_or_assert
                0x1000064c       0x32 utils/CMakeFiles/pio_ws2812_2.dir/C_/Users/dreng/source/repos/pico/pico-sdk/src/rp2_common/hardware_claim/claim.c.obj
                0x1000064c                hw_claim_or_assert
 *fill*         0x1000067e        0x2 
 .text.spin_locks_reset
                0x10000680       0x20 utils/CMakeFiles/pio_ws2812_2.dir/C_/Users/dreng/source/repos/pico/pico-sdk/src/rp2_common/hardware_sync/sync.c.obj
                0x10000680                spin_locks_reset
 .text.next_striped_spin_lock_num
                0x100006a0       0x1c utils/CMakeFiles/pio_ws2812_2.dir/C_/Users/dreng/source/repos/pico/pico-sdk/src/rp2_common/hardware_sync/sync.c.obj
                0x100006a0                next_striped_spin_lock_num
 .text.set_raw_irq_handler_and_unlock
                0x100006bc       0x28 utils/CMakeFiles/pio_ws2812_2.dir/C_/Users/dreng/source/repos/pico/pico-sdk/src/rp2_common/hardware_irq/irq.c.obj
 .text.make_branch
                0x100006e4       0x48 utils/CMakeFiles/pio_ws2812_2.dir/C_/Users/dreng/source/repos/pico/pico-sdk/src/rp2_common/hardware_irq/irq.c.obj
 .text.insert_branch_and_link
                0x1000072c       0x40 utils/CMakeFiles/pio_ws2812_2.dir/C_/Users/dreng/source/repos/pico/pico-sdk/src/rp2_common/hardware_irq/irq.c.obj
 .text.irq_is_enabled
                0x1000076c       0x18 utils/CMakeFiles/pio_ws2812_2.dir/C_/Users/dreng/source/repos/pico/pico-sdk/src/rp2_common/hardware_irq/irq.c.obj
                0x1000076c                irq_is_enabled
 .text.irq_set_mask_enabled
                0x10000784       0x20 utils/CMakeFiles/pio_ws2812_2.dir/C_/Users/dreng/source/repos/pico/pico-sdk/src/rp2_common/hardware_irq/irq.c.obj
                0x10000784                irq_set_mask_enabled
 .text.irq_set_enabled
                0x100007a4        0xe utils/CMakeFiles/pio_ws2812_2.dir/C_/Users/dreng/source/repos/pico/pico-sdk/src/rp2_common/hardware_irq/irq.c.obj
                0x100007a4                irq_set_enabled
 *fill*         0x100007b2        0x2 
 .text.irq_get_vtable_handler
                0x100007b4       0x10 utils/CMakeFiles/pio_ws2812_2.dir/C_/Users/dreng/source/repos/pico/pico-sdk/src/rp2_common/hardware_irq/irq.c.obj
                0x100007b4                irq_get_vtable_handler
 .text.irq_set_exclusive_handler
                0x100007c4       0x54 utils/CMakeFiles/pio_ws2812_2.dir/C_/Users/dreng/source/repos/pico/pico-sdk/src/rp2_common/hardware_irq/irq.c.obj
                0x100007c4                irq_set_exclusive_handler
 .text.irq_remove_handler
                0x10000818      0x1ac utils/CMakeFiles/pio_ws2812_2.dir/C_/Users/dreng/source/repos/pico/pico-sdk/src/rp2_common/hardware_irq/irq.c.obj
                0x10000818                irq_remove_handler
 .text.irq_add_tail_to_free_list
                0x100009c4       0xf0 utils/CMakeFiles/pio_ws2812_2.dir/C_/Users/dreng/source/repos/pico/pico-sdk/src/rp2_common/hardware_irq/irq.c.obj
                0x100009c4                irq_add_tail_to_free_list
 .text.irq_init_priorities
                0x10000ab4       0x1c utils/CMakeFiles/pio_ws2812_2.dir/C_/Users/dreng/source/repos/pico/pico-sdk/src/rp2_common/hardware_irq/irq.c.obj
                0x10000ab4                irq_init_priorities
 .text.lock_init
                0x10000ad0       0x10 utils/CMakeFiles/pio_ws2812_2.dir/C_/Users/dreng/source/repos/pico/pico-sdk/src/common/pico_sync/lock_core.c.obj
                0x10000ad0                lock_init
 .text.mutex_init
                0x10000ae0       0x1a utils/CMakeFiles/pio_ws2812_2.dir/C_/Users/dreng/source/repos/pico/pico-sdk/src/common/pico_sync/mutex.c.obj
                0x10000ae0                mutex_init
 .text.recursive_mutex_init
                0x10000afa       0x1e utils/CMakeFiles/pio_ws2812_2.dir/C_/Users/dreng/source/repos/pico/pico-sdk/src/common/pico_sync/mutex.c.obj
                0x10000afa                recursive_mutex_init
 .text.alarm_pool_post_alloc_init
                0x10000b18       0x40 utils/CMakeFiles/pio_ws2812_2.dir/C_/Users/dreng/source/repos/pico/pico-sdk/src/common/pico_time/time.c.obj
 .text.sleep_until_callback
                0x10000b58       0x30 utils/CMakeFiles/pio_ws2812_2.dir/C_/Users/dreng/source/repos/pico/pico-sdk/src/common/pico_time/time.c.obj
 .text.timer_pool_entry_comparator
                0x10000b88       0x7c utils/CMakeFiles/pio_ws2812_2.dir/C_/Users/dreng/source/repos/pico/pico-sdk/src/common/pico_time/time.c.obj
                0x10000b88                timer_pool_entry_comparator
 .text.ph_add_child_node
                0x10000c04       0xa4 utils/CMakeFiles/pio_ws2812_2.dir/C_/Users/dreng/source/repos/pico/pico-sdk/src/common/pico_time/time.c.obj
 .text.ph_merge_nodes
                0x10000ca8       0x3e utils/CMakeFiles/pio_ws2812_2.dir/C_/Users/dreng/source/repos/pico/pico-sdk/src/common/pico_time/time.c.obj
 *fill*         0x10000ce6        0x2 
 .text.add_alarm_under_lock
                0x10000ce8      0x174 utils/CMakeFiles/pio_ws2812_2.dir/C_/Users/dreng/source/repos/pico/pico-sdk/src/common/pico_time/time.c.obj
 .text.alarm_pool_alarm_callback
                0x10000e5c      0x33c utils/CMakeFiles/pio_ws2812_2.dir/C_/Users/dreng/source/repos/pico/pico-sdk/src/common/pico_time/time.c.obj
 .text.alarm_pool_init_default
                0x10001198       0x40 utils/CMakeFiles/pio_ws2812_2.dir/C_/Users/dreng/source/repos/pico/pico-sdk/src/common/pico_time/time.c.obj
                0x10001198                alarm_pool_init_default
 .text.alarm_pool_get_default
                0x100011d8       0x2c utils/CMakeFiles/pio_ws2812_2.dir/C_/Users/dreng/source/repos/pico/pico-sdk/src/common/pico_time/time.c.obj
                0x100011d8                alarm_pool_get_default
 .text.alarm_pool_add_alarm_at
                0x10001204      0x168 utils/CMakeFiles/pio_ws2812_2.dir/C_/Users/dreng/source/repos/pico/pico-sdk/src/common/pico_time/time.c.obj
                0x10001204                alarm_pool_add_alarm_at
 .text.alarm_pool_cancel_alarm
                0x1000136c       0xf0 utils/CMakeFiles/pio_ws2812_2.dir/C_/Users/dreng/source/repos/pico/pico-sdk/src/common/pico_time/time.c.obj
                0x1000136c                alarm_pool_cancel_alarm
 .text.sleep_until
                0x1000145c       0xfc utils/CMakeFiles/pio_ws2812_2.dir/C_/Users/dreng/source/repos/pico/pico-sdk/src/common/pico_time/time.c.obj
                0x1000145c                sleep_until
 .text.sleep_us
                0x10001558       0x58 utils/CMakeFiles/pio_ws2812_2.dir/C_/Users/dreng/source/repos/pico/pico-sdk/src/common/pico_time/time.c.obj
                0x10001558                sleep_us
 .text.sleep_ms
                0x100015b0       0x14 utils/CMakeFiles/pio_ws2812_2.dir/C_/Users/dreng/source/repos/pico/pico-sdk/src/common/pico_time/time.c.obj
                0x100015b0                sleep_ms
 .text.best_effort_wfe_or_timeout
                0x100015c4       0xac utils/CMakeFiles/pio_ws2812_2.dir/C_/Users/dreng/source/repos/pico/pico-sdk/src/common/pico_time/time.c.obj
                0x100015c4                best_effort_wfe_or_timeout
 .text.hardware_alarm_irq_handler
                0x10001670       0x90 utils/CMakeFiles/pio_ws2812_2.dir/C_/Users/dreng/source/repos/pico/pico-sdk/src/rp2_common/hardware_timer/timer.c.obj
 .text.hardware_alarm_claim
                0x10001700       0x18 utils/CMakeFiles/pio_ws2812_2.dir/C_/Users/dreng/source/repos/pico/pico-sdk/src/rp2_common/hardware_timer/timer.c.obj
                0x10001700                hardware_alarm_claim
 .text.time_us_64
                0x10001718       0x18 utils/CMakeFiles/pio_ws2812_2.dir/C_/Users/dreng/source/repos/pico/pico-sdk/src/rp2_common/hardware_timer/timer.c.obj
                0x10001718                time_us_64
 .text.busy_wait_until
                0x10001730       0x28 utils/CMakeFiles/pio_ws2812_2.dir/C_/Users/dreng/source/repos/pico/pico-sdk/src/rp2_common/hardware_timer/timer.c.obj
                0x10001730                busy_wait_until
 .text.hardware_alarm_set_callback
                0x10001758       0x90 utils/CMakeFiles/pio_ws2812_2.dir/C_/Users/dreng/source/repos/pico/pico-sdk/src/rp2_common/hardware_timer/timer.c.obj
                0x10001758                hardware_alarm_set_callback
 .text.hardware_alarm_set_target
                0x100017e8       0xe8 utils/CMakeFiles/pio_ws2812_2.dir/C_/Users/dreng/source/repos/pico/pico-sdk/src/rp2_common/hardware_timer/timer.c.obj
                0x100017e8                hardware_alarm_set_target
 .text.hardware_alarm_cancel
                0x100018d0       0x40 utils/CMakeFiles/pio_ws2812_2.dir/C_/Users/dreng/source/repos/pico/pico-sdk/src/rp2_common/hardware_timer/timer.c.obj
                0x100018d0                hardware_alarm_cancel
 .text.ph_add_child_node
                0x10001910       0xa4 utils/CMakeFiles/pio_ws2812_2.dir/C_/Users/dreng/source/repos/pico/pico-sdk/src/common/pico_util/pheap.c.obj
 .text.ph_merge_nodes
                0x100019b4       0x3e utils/CMakeFiles/pio_ws2812_2.dir/C_/Users/dreng/source/repos/pico/pico-sdk/src/common/pico_util/pheap.c.obj
 *fill*         0x100019f2        0x2 
 .text.ph_clear
                0x100019f4       0x70 utils/CMakeFiles/pio_ws2812_2.dir/C_/Users/dreng/source/repos/pico/pico-sdk/src/common/pico_util/pheap.c.obj
                0x100019f4                ph_clear
 .text.ph_post_alloc_init
                0x10001a64        0xe utils/CMakeFiles/pio_ws2812_2.dir/C_/Users/dreng/source/repos/pico/pico-sdk/src/common/pico_util/pheap.c.obj
                0x10001a64                ph_post_alloc_init
 *fill*         0x10001a72        0x2 
 .text.ph_merge_two_pass
                0x10001a74       0xa8 utils/CMakeFiles/pio_ws2812_2.dir/C_/Users/dreng/source/repos/pico/pico-sdk/src/common/pico_util/pheap.c.obj
                0x10001a74                ph_merge_two_pass
 .text.ph_remove_any_head
                0x10001b1c      0x128 utils/CMakeFiles/pio_ws2812_2.dir/C_/Users/dreng/source/repos/pico/pico-sdk/src/common/pico_util/pheap.c.obj
 .text.ph_remove_head
                0x10001c44       0x14 utils/CMakeFiles/pio_ws2812_2.dir/C_/Users/dreng/source/repos/pico/pico-sdk/src/common/pico_util/pheap.c.obj
                0x10001c44                ph_remove_head
 .text.ph_remove_and_free_node
                0x10001c58       0xf8 utils/CMakeFiles/pio_ws2812_2.dir/C_/Users/dreng/source/repos/pico/pico-sdk/src/common/pico_util/pheap.c.obj
                0x10001c58                ph_remove_and_free_node
 .text.uart_set_baudrate
                0x10001d50       0x5c utils/CMakeFiles/pio_ws2812_2.dir/C_/Users/dreng/source/repos/pico/pico-sdk/src/rp2_common/hardware_uart/uart.c.obj
                0x10001d50                uart_set_baudrate
 .text.uart_set_translate_crlf
                0x10001dac       0x28 utils/CMakeFiles/pio_ws2812_2.dir/C_/Users/dreng/source/repos/pico/pico-sdk/src/rp2_common/hardware_uart/uart.c.obj
                0x10001dac                uart_set_translate_crlf
 .text.uart_init
                0x10001dd4       0x80 utils/CMakeFiles/pio_ws2812_2.dir/C_/Users/dreng/source/repos/pico/pico-sdk/src/rp2_common/hardware_uart/uart.c.obj
                0x10001dd4                uart_init
 .text.clock_configure
                0x10001e54      0x104 utils/CMakeFiles/pio_ws2812_2.dir/C_/Users/dreng/source/repos/pico/pico-sdk/src/rp2_common/hardware_clocks/clocks.c.obj
                0x10001e54                clock_configure
 .text.clocks_init
                0x10001f58      0x100 utils/CMakeFiles/pio_ws2812_2.dir/C_/Users/dreng/source/repos/pico/pico-sdk/src/rp2_common/hardware_clocks/clocks.c.obj
                0x10001f58                clocks_init
 .text.clock_get_hz
                0x10002058        0xc utils/CMakeFiles/pio_ws2812_2.dir/C_/Users/dreng/source/repos/pico/pico-sdk/src/rp2_common/hardware_clocks/clocks.c.obj
                0x10002058                clock_get_hz
 .text.pll_init
                0x10002064      0x12c utils/CMakeFiles/pio_ws2812_2.dir/C_/Users/dreng/source/repos/pico/pico-sdk/src/rp2_common/hardware_pll/pll.c.obj
                0x10002064                pll_init
 .text.watchdog_start_tick
                0x10002190       0x10 utils/CMakeFiles/pio_ws2812_2.dir/C_/Users/dreng/source/repos/pico/pico-sdk/src/rp2_common/hardware_watchdog/watchdog.c.obj
                0x10002190                watchdog_start_tick
 .text.xosc_init
                0x100021a0       0x28 utils/CMakeFiles/pio_ws2812_2.dir/C_/Users/dreng/source/repos/pico/pico-sdk/src/rp2_common/hardware_xosc/xosc.c.obj
                0x100021a0                xosc_init
 .text._exit    0x100021c8        0x4 utils/CMakeFiles/pio_ws2812_2.dir/C_/Users/dreng/source/repos/pico/pico-sdk/src/rp2_common/pico_runtime/runtime.c.obj
                0x100021c8                _exit
 .text.exit     0x100021cc        0x6 utils/CMakeFiles/pio_ws2812_2.dir/C_/Users/dreng/source/repos/pico/pico-sdk/src/rp2_common/pico_runtime/runtime.c.obj
                0x100021cc                exit
 *fill*         0x100021d2        0x2 
 .text.__assert_func
                0x100021d4       0x3c utils/CMakeFiles/pio_ws2812_2.dir/C_/Users/dreng/source/repos/pico/pico-sdk/src/rp2_common/pico_runtime/runtime.c.obj
                0x100021d4                __assert_func
 .text.runtime_init
                0x10002210       0xf8 utils/CMakeFiles/pio_ws2812_2.dir/C_/Users/dreng/source/repos/pico/pico-sdk/src/rp2_common/pico_runtime/runtime.c.obj
                0x10002210                runtime_init
 .text.panic    0x10002308       0x30 utils/CMakeFiles/pio_ws2812_2.dir/C_/Users/dreng/source/repos/pico/pico-sdk/src/rp2_common/pico_runtime/runtime.c.obj
                0x10002308                panic
 .text._out_null
                0x10002338        0x2 utils/CMakeFiles/pio_ws2812_2.dir/C_/Users/dreng/source/repos/pico/pico-sdk/src/rp2_common/pico_printf/printf.c.obj
 .text._out_fct
                0x1000233a        0xe utils/CMakeFiles/pio_ws2812_2.dir/C_/Users/dreng/source/repos/pico/pico-sdk/src/rp2_common/pico_printf/printf.c.obj
 .text._atoi    0x10002348       0x24 utils/CMakeFiles/pio_ws2812_2.dir/C_/Users/dreng/source/repos/pico/pico-sdk/src/rp2_common/pico_printf/printf.c.obj
 .text._out_rev
                0x1000236c       0xae utils/CMakeFiles/pio_ws2812_2.dir/C_/Users/dreng/source/repos/pico/pico-sdk/src/rp2_common/pico_printf/printf.c.obj
 .text._ntoa_format
                0x1000241a      0x112 utils/CMakeFiles/pio_ws2812_2.dir/C_/Users/dreng/source/repos/pico/pico-sdk/src/rp2_common/pico_printf/printf.c.obj
 .text._ntoa_long
                0x1000252c       0xbc utils/CMakeFiles/pio_ws2812_2.dir/C_/Users/dreng/source/repos/pico/pico-sdk/src/rp2_common/pico_printf/printf.c.obj
 .text._ntoa_long_long
                0x100025e8       0xe2 utils/CMakeFiles/pio_ws2812_2.dir/C_/Users/dreng/source/repos/pico/pico-sdk/src/rp2_common/pico_printf/printf.c.obj
 *fill*         0x100026ca        0x2 
 .text._etoa    0x100026cc      0x414 utils/CMakeFiles/pio_ws2812_2.dir/C_/Users/dreng/source/repos/pico/pico-sdk/src/rp2_common/pico_printf/printf.c.obj
 .text._ftoa    0x10002ae0      0x354 utils/CMakeFiles/pio_ws2812_2.dir/C_/Users/dreng/source/repos/pico/pico-sdk/src/rp2_common/pico_printf/printf.c.obj
 .text._vsnprintf
                0x10002e34      0x624 utils/CMakeFiles/pio_ws2812_2.dir/C_/Users/dreng/source/repos/pico/pico-sdk/src/rp2_common/pico_printf/printf.c.obj
 .text.vfctprintf
                0x10003458       0x20 utils/CMakeFiles/pio_ws2812_2.dir/C_/Users/dreng/source/repos/pico/pico-sdk/src/rp2_common/pico_printf/printf.c.obj
                0x10003458                vfctprintf
 .text          0x10003478       0x10 utils/CMakeFiles/pio_ws2812_2.dir/C_/Users/dreng/source/repos/pico/pico-sdk/src/rp2_common/pico_bit_ops/bit_ops_aeabi.S.obj
 .text.rom_func_lookup
                0x10003488       0x10 utils/CMakeFiles/pio_ws2812_2.dir/C_/Users/dreng/source/repos/pico/pico-sdk/src/rp2_common/pico_bootrom/bootrom.c.obj
                0x10003488                rom_func_lookup
 .text.rom_data_lookup
                0x10003498       0x10 utils/CMakeFiles/pio_ws2812_2.dir/C_/Users/dreng/source/repos/pico/pico-sdk/src/rp2_common/pico_bootrom/bootrom.c.obj
                0x10003498                rom_data_lookup
 .text.rom_funcs_lookup
                0x100034a8       0x36 utils/CMakeFiles/pio_ws2812_2.dir/C_/Users/dreng/source/repos/pico/pico-sdk/src/rp2_common/pico_bootrom/bootrom.c.obj
                0x100034a8                rom_funcs_lookup
 *fill*         0x100034de        0x2 
 .text.__wrap___aeabi_idiv
                0x100034e0       0x50 utils/CMakeFiles/pio_ws2812_2.dir/C_/Users/dreng/source/repos/pico/pico-sdk/src/rp2_common/pico_divider/divider.S.obj
                0x100034e0                __wrap___aeabi_idivmod
                0x100034e0                divmod_s32s32
                0x100034e0                div_s32s32
                0x100034e0                __wrap___aeabi_idiv
                0x100034e8                divmod_s32s32_unsafe
                0x10003514                divmod_s32s32_savestate
 .text.__wrap___aeabi_uidiv
                0x10003530       0x4c utils/CMakeFiles/pio_ws2812_2.dir/C_/Users/dreng/source/repos/pico/pico-sdk/src/rp2_common/pico_divider/divider.S.obj
                0x10003530                __wrap___aeabi_uidiv
                0x10003530                __wrap___aeabi_uidivmod
                0x10003530                div_u32u32
                0x10003530                divmod_u32u32
                0x10003538                divmod_u32u32_unsafe
                0x10003560                divmod_u32u32_savestate
 .text.__wrap___aeabi_ldiv
                0x1000357c      0x424 utils/CMakeFiles/pio_ws2812_2.dir/C_/Users/dreng/source/repos/pico/pico-sdk/src/rp2_common/pico_divider/divider.S.obj
                0x1000357c                div_s64s64
                0x1000357c                divmod_s64s64
                0x1000357c                __wrap___aeabi_ldivmod
                0x100035ac                divmod_u64u64
                0x100035ac                div_u64u64
                0x100035ac                __wrap___aeabi_uldivmod
                0x100035bc                divmod_u64u64_savestate
                0x100035dc                divmod_s64s64_unsafe
                0x10003664                divmod_u64u64_unsafe
 .text.__wrap___aeabi_darithmetic
                0x100039a0       0x80 utils/CMakeFiles/pio_ws2812_2.dir/C_/Users/dreng/source/repos/pico/pico-sdk/src/rp2_common/pico_double/double_aeabi.S.obj
                0x100039a0                __wrap___aeabi_drsub
                0x100039a6                __wrap___aeabi_dsub
                0x100039b8                __wrap___aeabi_dadd
                0x100039ca                __wrap___aeabi_ddiv
                0x10003a06                __wrap___aeabi_dmul
 .text.__wrap___aeabi_cdcmple
                0x10003a20       0x6c utils/CMakeFiles/pio_ws2812_2.dir/C_/Users/dreng/source/repos/pico/pico-sdk/src/rp2_common/pico_double/double_aeabi.S.obj
                0x10003a20                __wrap___aeabi_cdrcmple
                0x10003a30                __wrap___aeabi_cdcmpeq
                0x10003a30                __wrap___aeabi_cdcmple
 .text.__wrap___aeabi_dcmplt
                0x10003a8c        0xc utils/CMakeFiles/pio_ws2812_2.dir/C_/Users/dreng/source/repos/pico/pico-sdk/src/rp2_common/pico_double/double_aeabi.S.obj
                0x10003a8c                __wrap___aeabi_dcmplt
 .text.__wrap___aeabi_dcmple
                0x10003a98       0x10 utils/CMakeFiles/pio_ws2812_2.dir/C_/Users/dreng/source/repos/pico/pico-sdk/src/rp2_common/pico_double/double_aeabi.S.obj
                0x10003a98                __wrap___aeabi_dcmple
 .text.__wrap___aeabi_dcmpge
                0x10003aa8       0x10 utils/CMakeFiles/pio_ws2812_2.dir/C_/Users/dreng/source/repos/pico/pico-sdk/src/rp2_common/pico_double/double_aeabi.S.obj
                0x10003aa8                __wrap___aeabi_dcmpge
 .text.__wrap___aeabi_dcmpgt
                0x10003ab8        0xa utils/CMakeFiles/pio_ws2812_2.dir/C_/Users/dreng/source/repos/pico/pico-sdk/src/rp2_common/pico_double/double_aeabi.S.obj
                0x10003ab8                __wrap___aeabi_dcmpgt
 .text.__wrap___aeabi_dcmpun
                0x10003ac2       0x1c utils/CMakeFiles/pio_ws2812_2.dir/C_/Users/dreng/source/repos/pico/pico-sdk/src/rp2_common/pico_double/double_aeabi.S.obj
                0x10003ac2                __wrap___aeabi_dcmpun
 *fill*         0x10003ade        0x2 
 .text.__wrap___aeabi_i2d
                0x10003ae0       0x38 utils/CMakeFiles/pio_ws2812_2.dir/C_/Users/dreng/source/repos/pico/pico-sdk/src/rp2_common/pico_double/double_aeabi.S.obj
                0x10003ae0                __wrap___aeabi_ui2d
                0x10003ae8                __wrap___aeabi_i2d
 .text.__wrap___aeabi_d2iz
                0x10003b18       0x48 utils/CMakeFiles/pio_ws2812_2.dir/C_/Users/dreng/source/repos/pico/pico-sdk/src/rp2_common/pico_double/double_aeabi.S.obj
                0x10003b18                double2int_z
                0x10003b18                __wrap___aeabi_d2iz
 .text.__wrap___aeabi_d2uiz
                0x10003b60       0x18 utils/CMakeFiles/pio_ws2812_2.dir/C_/Users/dreng/source/repos/pico/pico-sdk/src/rp2_common/pico_double/double_aeabi.S.obj
                0x10003b60                __wrap___aeabi_d2uiz
                0x10003b60                double2uint
 .text.__aeabi_double_init
                0x10003b78       0xc8 utils/CMakeFiles/pio_ws2812_2.dir/C_/Users/dreng/source/repos/pico/pico-sdk/src/rp2_common/pico_double/double_init_rom.c.obj
                0x10003b78                __aeabi_double_init
 .text.double_table_shim_on_use_helper
                0x10003c40       0x34 utils/CMakeFiles/pio_ws2812_2.dir/C_/Users/dreng/source/repos/pico/pico-sdk/src/rp2_common/pico_double/double_v1_rom_shim.S.obj
                0x10003c40                double_table_shim_on_use_helper
 .text.__wrap___aeabi_dsub
                0x10003c74       0x10 utils/CMakeFiles/pio_ws2812_2.dir/C_/Users/dreng/source/repos/pico/pico-sdk/src/rp2_common/pico_double/double_v1_rom_shim.S.obj
                0x10003c74                drsub_shim
                0x10003c7a                dsub_shim
 .text.dadd_shim
                0x10003c84      0x15c utils/CMakeFiles/pio_ws2812_2.dir/C_/Users/dreng/source/repos/pico/pico-sdk/src/rp2_common/pico_double/double_v1_rom_shim.S.obj
                0x10003c84                dadd_shim
 .text.dmul_shim
                0x10003de0      0x15c utils/CMakeFiles/pio_ws2812_2.dir/C_/Users/dreng/source/repos/pico/pico-sdk/src/rp2_common/pico_double/double_v1_rom_shim.S.obj
                0x10003de0                dmul_shim
 .text.ddiv_shim
                0x10003f3c      0x1b0 utils/CMakeFiles/pio_ws2812_2.dir/C_/Users/dreng/source/repos/pico/pico-sdk/src/rp2_common/pico_double/double_v1_rom_shim.S.obj
                0x10003f3c                ddiv_shim
 .text.double2uint_shim
                0x100040ec        0xe utils/CMakeFiles/pio_ws2812_2.dir/C_/Users/dreng/source/repos/pico/pico-sdk/src/rp2_common/pico_double/double_v1_rom_shim.S.obj
                0x100040ec                double2uint_shim
                0x100040ee                double2ufix_shim
 *fill*         0x100040fa        0x2 
 .text.double2uint64_shim
                0x100040fc       0x70 utils/CMakeFiles/pio_ws2812_2.dir/C_/Users/dreng/source/repos/pico/pico-sdk/src/rp2_common/pico_double/double_v1_rom_shim.S.obj
                0x100040fc                double2uint64_shim
                0x100040fe                double2ufix64_shim
                0x1000411e                d2fix_a
 .text.dunpacks
                0x1000416c       0x3c utils/CMakeFiles/pio_ws2812_2.dir/C_/Users/dreng/source/repos/pico/pico-sdk/src/rp2_common/pico_double/double_v1_rom_shim.S.obj
                0x1000416c                dunpacks
 .text.__aeabi_lmul
                0x100041a8       0x32 utils/CMakeFiles/pio_ws2812_2.dir/C_/Users/dreng/source/repos/pico/pico-sdk/src/rp2_common/pico_int64_ops/pico_int64_ops_aeabi.S.obj
                0x100041a8                __wrap___aeabi_lmul
 *fill*         0x100041da        0x2 
 .text.__wrap___aeabi_farithmetic
                0x100041dc       0x58 utils/CMakeFiles/pio_ws2812_2.dir/C_/Users/dreng/source/repos/pico/pico-sdk/src/rp2_common/pico_float/float_aeabi.S.obj
                0x100041dc                __wrap___aeabi_frsub
                0x100041e2                __wrap___aeabi_fsub
                0x100041ec                __wrap___aeabi_fadd
                0x100041f6                __wrap___aeabi_fdiv
                0x10004222                __wrap___aeabi_fmul
 .text.__wrap___aeabi_ui2f
                0x10004234        0xa utils/CMakeFiles/pio_ws2812_2.dir/C_/Users/dreng/source/repos/pico/pico-sdk/src/rp2_common/pico_float/float_aeabi.S.obj
                0x10004234                __wrap___aeabi_ui2f
 *fill*         0x1000423e        0x2 
 .text.__wrap___aeabi_i2f
                0x10004240       0x44 utils/CMakeFiles/pio_ws2812_2.dir/C_/Users/dreng/source/repos/pico/pico-sdk/src/rp2_common/pico_float/float_aeabi.S.obj
                0x10004240                __wrap___aeabi_i2f
 .text.__wrap___aeabi_f2uiz
                0x10004284       0x10 utils/CMakeFiles/pio_ws2812_2.dir/C_/Users/dreng/source/repos/pico/pico-sdk/src/rp2_common/pico_float/float_aeabi.S.obj
                0x10004284                __wrap___aeabi_f2uiz
 .text.__aeabi_float_init
                0x10004294       0xfc utils/CMakeFiles/pio_ws2812_2.dir/C_/Users/dreng/source/repos/pico/pico-sdk/src/rp2_common/pico_float/float_init_rom.c.obj
                0x10004294                __aeabi_float_init
 .text.float_table_shim_on_use_helper
                0x10004390       0x34 utils/CMakeFiles/pio_ws2812_2.dir/C_/Users/dreng/source/repos/pico/pico-sdk/src/rp2_common/pico_float/float_v1_rom_shim.S.obj
                0x10004390                float_table_shim_on_use_helper
 .text          0x100043c4       0x10 utils/CMakeFiles/pio_ws2812_2.dir/C_/Users/dreng/source/repos/pico/pico-sdk/src/rp2_common/pico_mem_ops/mem_ops_aeabi.S.obj
                0x100043c4                __aeabi_mem_init
 .text.memset   0x100043d4        0xc utils/CMakeFiles/pio_ws2812_2.dir/C_/Users/dreng/source/repos/pico/pico-sdk/src/rp2_common/pico_mem_ops/mem_ops_aeabi.S.obj
                0x100043d4                __wrap_memset
 .text.memcpy   0x100043e0        0xc utils/CMakeFiles/pio_ws2812_2.dir/C_/Users/dreng/source/repos/pico/pico-sdk/src/rp2_common/pico_mem_ops/mem_ops_aeabi.S.obj
                0x100043e0                __wrap_memcpy
                0x100043e0                __wrap___aeabi_memcpy
 .text.stdio_out_chars_no_crlf
                0x100043ec        0xe utils/CMakeFiles/pio_ws2812_2.dir/C_/Users/dreng/source/repos/pico/pico-sdk/src/rp2_common/pico_stdio/stdio.c.obj
 *fill*         0x100043fa        0x2 
 .text.stdio_out_chars_crlf
                0x100043fc       0x80 utils/CMakeFiles/pio_ws2812_2.dir/C_/Users/dreng/source/repos/pico/pico-sdk/src/rp2_common/pico_stdio/stdio.c.obj
 .text.stdio_stack_buffer_flush
                0x1000447c       0x44 utils/CMakeFiles/pio_ws2812_2.dir/C_/Users/dreng/source/repos/pico/pico-sdk/src/rp2_common/pico_stdio/stdio.c.obj
 .text.stdio_buffered_printer
                0x100044c0       0x20 utils/CMakeFiles/pio_ws2812_2.dir/C_/Users/dreng/source/repos/pico/pico-sdk/src/rp2_common/pico_stdio/stdio.c.obj
 .text.stdout_serialize_begin
                0x100044e0       0x5c utils/CMakeFiles/pio_ws2812_2.dir/C_/Users/dreng/source/repos/pico/pico-sdk/src/rp2_common/pico_stdio/stdio.c.obj
                0x100044e0                stdout_serialize_begin
 .text.stdout_serialize_end
                0x1000453c       0x10 utils/CMakeFiles/pio_ws2812_2.dir/C_/Users/dreng/source/repos/pico/pico-sdk/src/rp2_common/pico_stdio/stdio.c.obj
                0x1000453c                stdout_serialize_end
 .text.stdio_put_string
                0x1000454c       0x98 utils/CMakeFiles/pio_ws2812_2.dir/C_/Users/dreng/source/repos/pico/pico-sdk/src/rp2_common/pico_stdio/stdio.c.obj
 .text.__wrap_putchar
                0x100045e4       0x1c utils/CMakeFiles/pio_ws2812_2.dir/C_/Users/dreng/source/repos/pico/pico-sdk/src/rp2_common/pico_stdio/stdio.c.obj
                0x100045e4                __wrap_putchar
 .text.stdio_set_driver_enabled
                0x10004600       0x2c utils/CMakeFiles/pio_ws2812_2.dir/C_/Users/dreng/source/repos/pico/pico-sdk/src/rp2_common/pico_stdio/stdio.c.obj
                0x10004600                stdio_set_driver_enabled
 .text.stdio_flush
                0x1000462c       0x20 utils/CMakeFiles/pio_ws2812_2.dir/C_/Users/dreng/source/repos/pico/pico-sdk/src/rp2_common/pico_stdio/stdio.c.obj
                0x1000462c                stdio_flush
 .text.__wrap_puts
                0x1000464c       0x1e utils/CMakeFiles/pio_ws2812_2.dir/C_/Users/dreng/source/repos/pico/pico-sdk/src/rp2_common/pico_stdio/stdio.c.obj
                0x1000464c                __wrap_puts
 *fill*         0x1000466a        0x2 
 .text.__wrap_vprintf
                0x1000466c       0x40 utils/CMakeFiles/pio_ws2812_2.dir/C_/Users/dreng/source/repos/pico/pico-sdk/src/rp2_common/pico_stdio/stdio.c.obj
                0x1000466c                __wrap_vprintf
 .text.__wrap_printf
                0x100046ac       0x18 utils/CMakeFiles/pio_ws2812_2.dir/C_/Users/dreng/source/repos/pico/pico-sdk/src/rp2_common/pico_stdio/stdio.c.obj
                0x100046ac                __wrap_printf
 .text.stdio_init_all
                0x100046c4        0xa utils/CMakeFiles/pio_ws2812_2.dir/C_/Users/dreng/source/repos/pico/pico-sdk/src/rp2_common/pico_stdio/stdio.c.obj
                0x100046c4                stdio_init_all
 *fill*         0x100046ce        0x2 
 .text.stdio_uart_out_chars
                0x100046d0       0x74 utils/CMakeFiles/pio_ws2812_2.dir/C_/Users/dreng/source/repos/pico/pico-sdk/src/rp2_common/pico_stdio_uart/stdio_uart.c.obj
 .text.stdio_uart_in_chars
                0x10004744       0x80 utils/CMakeFiles/pio_ws2812_2.dir/C_/Users/dreng/source/repos/pico/pico-sdk/src/rp2_common/pico_stdio_uart/stdio_uart.c.obj
                0x10004744                stdio_uart_in_chars
 .text.on_uart_rx
                0x100047c4       0x28 utils/CMakeFiles/pio_ws2812_2.dir/C_/Users/dreng/source/repos/pico/pico-sdk/src/rp2_common/pico_stdio_uart/stdio_uart.c.obj
 .text.stdio_uart_set_chars_available_callback
                0x100047ec       0x8c utils/CMakeFiles/pio_ws2812_2.dir/C_/Users/dreng/source/repos/pico/pico-sdk/src/rp2_common/pico_stdio_uart/stdio_uart.c.obj
 .text.stdio_uart_init_full
                0x10004878       0x44 utils/CMakeFiles/pio_ws2812_2.dir/C_/Users/dreng/source/repos/pico/pico-sdk/src/rp2_common/pico_stdio_uart/stdio_uart.c.obj
                0x10004878                stdio_uart_init_full
 .text.stdio_uart_init
                0x100048bc       0x28 utils/CMakeFiles/pio_ws2812_2.dir/C_/Users/dreng/source/repos/pico/pico-sdk/src/rp2_common/pico_stdio_uart/stdio_uart.c.obj
                0x100048bc                stdio_uart_init
 .text._pio_can_add_program_at_offset
                0x100048e4       0x3c utils/CMakeFiles/pio_ws2812_2.dir/C_/Users/dreng/source/repos/pico/pico-sdk/src/rp2_common/hardware_pio/pio.c.obj
 .text._pio_find_offset_for_program
                0x10004920       0x7c utils/CMakeFiles/pio_ws2812_2.dir/C_/Users/dreng/source/repos/pico/pico-sdk/src/rp2_common/hardware_pio/pio.c.obj
 .text._pio_add_program_at_offset
                0x1000499c       0x78 utils/CMakeFiles/pio_ws2812_2.dir/C_/Users/dreng/source/repos/pico/pico-sdk/src/rp2_common/hardware_pio/pio.c.obj
 .text.pio_add_program
                0x10004a14       0x38 utils/CMakeFiles/pio_ws2812_2.dir/C_/Users/dreng/source/repos/pico/pico-sdk/src/rp2_common/hardware_pio/pio.c.obj
                0x10004a14                pio_add_program
 .text.pio_sm_set_consecutive_pindirs
                0x10004a4c       0xa4 utils/CMakeFiles/pio_ws2812_2.dir/C_/Users/dreng/source/repos/pico/pico-sdk/src/rp2_common/hardware_pio/pio.c.obj
                0x10004a4c                pio_sm_set_consecutive_pindirs
 .text.pio_sm_init
                0x10004af0       0xe4 utils/CMakeFiles/pio_ws2812_2.dir/C_/Users/dreng/source/repos/pico/pico-sdk/src/rp2_common/hardware_pio/pio.c.obj
                0x10004af0                pio_sm_init
 .text.strlen   0x10004bd4       0x5c c:/progra~1/raspbe~1/picosd~1.0/gcc-ar~1/bin/../lib/gcc/arm-none-eabi/10.3.1/../../../../arm-none-eabi/lib/thumb/v6-m/nofp\libg.a(lib_a-strlen-stub.o)
                0x10004bd4                strlen
 *(.fini)
 .fini          0x10004c30        0x4 c:/progra~1/raspbe~1/picosd~1.0/gcc-ar~1/bin/../lib/gcc/arm-none-eabi/10.3.1/thumb/v6-m/nofp/crti.o
                0x10004c30                _fini
 *fill*         0x10004c34        0x4 
 .fini.__stub   0x10004c38       0x40 linker stubs
 *crtbegin.o(.ctors)
 *crtbegin?.o(.ctors)
 *(EXCLUDE_FILE(*crtend.o *crtend?.o) .ctors)
 *(SORT_BY_NAME(.ctors.*))
 *(.ctors)
 *crtbegin.o(.dtors)
 *crtbegin?.o(.dtors)
 *(EXCLUDE_FILE(*crtend.o *crtend?.o) .dtors)
 *(SORT_BY_NAME(.dtors.*))
 *(.dtors)
 *(.eh_frame*)
 .eh_frame      0x10004c78        0x0 c:/progra~1/raspbe~1/picosd~1.0/gcc-ar~1/bin/../lib/gcc/arm-none-eabi/10.3.1/thumb/v6-m/nofp/crtbegin.o
                0x10004c78                . = ALIGN (0x4)

.glue_7         0x10004c78        0x0
 .glue_7        0x10004c78        0x0 linker stubs

.glue_7t        0x10004c78        0x0
 .glue_7t       0x10004c78        0x0 linker stubs

.vfp11_veneer   0x10004c78        0x0
 .vfp11_veneer  0x10004c78        0x0 linker stubs

.v4_bx          0x10004c78        0x0
 .v4_bx         0x10004c78        0x0 linker stubs

.iplt           0x10004c78        0x0
 .iplt          0x10004c78        0x0 c:/progra~1/raspbe~1/picosd~1.0/gcc-ar~1/bin/../lib/gcc/arm-none-eabi/10.3.1/thumb/v6-m/nofp/crtbegin.o

.rodata         0x10004c78     0x10e4
 *(EXCLUDE_FILE(*libm.a: *libc.a:*lib_a-mem*.o *libgcc.a:) .rodata*)
 .rodata.main.str1.4
                0x10004c78       0x41 utils/CMakeFiles/pio_ws2812_2.dir/ws2812.c.obj
 *fill*         0x10004cb9        0x3 
 .rodata.ws2812_program
                0x10004cbc        0x6 utils/CMakeFiles/pio_ws2812_2.dir/ws2812.c.obj
 *fill*         0x10004cc2        0x2 
 .rodata.ws2812_program_instructions
                0x10004cc4        0x8 utils/CMakeFiles/pio_ws2812_2.dir/ws2812.c.obj
 .rodata.make_branch.str1.4
                0x10004ccc       0x7c utils/CMakeFiles/pio_ws2812_2.dir/C_/Users/dreng/source/repos/pico/pico-sdk/src/rp2_common/hardware_irq/irq.c.obj
 .rodata.insert_branch_and_link.str1.4
                0x10004d48       0x10 utils/CMakeFiles/pio_ws2812_2.dir/C_/Users/dreng/source/repos/pico/pico-sdk/src/rp2_common/hardware_irq/irq.c.obj
 .rodata.irq_set_exclusive_handler.str1.4
                0x10004d58       0x36 utils/CMakeFiles/pio_ws2812_2.dir/C_/Users/dreng/source/repos/pico/pico-sdk/src/rp2_common/hardware_irq/irq.c.obj
 *fill*         0x10004d8e        0x2 
 .rodata.irq_add_shared_handler.str1.4
                0x10004d90       0xd9 utils/CMakeFiles/pio_ws2812_2.dir/C_/Users/dreng/source/repos/pico/pico-sdk/src/rp2_common/hardware_irq/irq.c.obj
 *fill*         0x10004e69        0x3 
 .rodata.irq_remove_handler.str1.4
                0x10004e6c       0x3a utils/CMakeFiles/pio_ws2812_2.dir/C_/Users/dreng/source/repos/pico/pico-sdk/src/rp2_common/hardware_irq/irq.c.obj
 *fill*         0x10004ea6        0x2 
 .rodata.irq_add_tail_to_free_list.str1.4
                0x10004ea8       0x3a utils/CMakeFiles/pio_ws2812_2.dir/C_/Users/dreng/source/repos/pico/pico-sdk/src/rp2_common/hardware_irq/irq.c.obj
 *fill*         0x10004ee2        0x2 
 .rodata.__func__.0
                0x10004ee4       0x1a utils/CMakeFiles/pio_ws2812_2.dir/C_/Users/dreng/source/repos/pico/pico-sdk/src/rp2_common/hardware_irq/irq.c.obj
 *fill*         0x10004efe        0x2 
 .rodata.__func__.1
                0x10004f00       0x17 utils/CMakeFiles/pio_ws2812_2.dir/C_/Users/dreng/source/repos/pico/pico-sdk/src/rp2_common/hardware_irq/irq.c.obj
 *fill*         0x10004f17        0x1 
 .rodata.__func__.2
                0x10004f18       0x13 utils/CMakeFiles/pio_ws2812_2.dir/C_/Users/dreng/source/repos/pico/pico-sdk/src/rp2_common/hardware_irq/irq.c.obj
 *fill*         0x10004f2b        0x1 
 .rodata.__func__.3
                0x10004f2c        0xc utils/CMakeFiles/pio_ws2812_2.dir/C_/Users/dreng/source/repos/pico/pico-sdk/src/rp2_common/hardware_irq/irq.c.obj
 .rodata.__func__.4
                0x10004f38        0xf utils/CMakeFiles/pio_ws2812_2.dir/C_/Users/dreng/source/repos/pico/pico-sdk/src/rp2_common/hardware_irq/irq.c.obj
 *fill*         0x10004f47        0x1 
 .rodata.__func__.6
                0x10004f48       0x1a utils/CMakeFiles/pio_ws2812_2.dir/C_/Users/dreng/source/repos/pico/pico-sdk/src/rp2_common/hardware_irq/irq.c.obj
 *fill*         0x10004f62        0x2 
 .rodata.str1.4
                0x10004f64      0x109 utils/CMakeFiles/pio_ws2812_2.dir/C_/Users/dreng/source/repos/pico/pico-sdk/src/common/pico_sync/mutex.c.obj
 *fill*         0x1000506d        0x3 
 .rodata.__func__.1
                0x10005070        0xb utils/CMakeFiles/pio_ws2812_2.dir/C_/Users/dreng/source/repos/pico/pico-sdk/src/common/pico_sync/mutex.c.obj
 *fill*         0x1000507b        0x1 
 .rodata.__func__.3
                0x1000507c       0x18 utils/CMakeFiles/pio_ws2812_2.dir/C_/Users/dreng/source/repos/pico/pico-sdk/src/common/pico_sync/mutex.c.obj
 .rodata.repeating_timer_callback.str1.4
                0x10005094       0x5a utils/CMakeFiles/pio_ws2812_2.dir/C_/Users/dreng/source/repos/pico/pico-sdk/src/common/pico_time/time.c.obj
 *fill*         0x100050ee        0x2 
 .rodata.timer_pool_entry_comparator.str1.4
                0x100050f0       0x22 utils/CMakeFiles/pio_ws2812_2.dir/C_/Users/dreng/source/repos/pico/pico-sdk/src/common/pico_time/time.c.obj
 *fill*         0x10005112        0x2 
 .rodata.ph_add_child_node.str1.4
                0x10005114       0xa6 utils/CMakeFiles/pio_ws2812_2.dir/C_/Users/dreng/source/repos/pico/pico-sdk/src/common/pico_time/time.c.obj
 *fill*         0x100051ba        0x2 
 .rodata.add_alarm_under_lock.str1.4
                0x100051bc       0x28 utils/CMakeFiles/pio_ws2812_2.dir/C_/Users/dreng/source/repos/pico/pico-sdk/src/common/pico_time/time.c.obj
                                 0x2b (size before relaxing)
 .rodata.alarm_pool_alarm_callback.str1.4
                0x100051e4       0x98 utils/CMakeFiles/pio_ws2812_2.dir/C_/Users/dreng/source/repos/pico/pico-sdk/src/common/pico_time/time.c.obj
                                0x108 (size before relaxing)
 .rodata.alarm_pool_get_default.str1.4
                0x1000527c       0x21 utils/CMakeFiles/pio_ws2812_2.dir/C_/Users/dreng/source/repos/pico/pico-sdk/src/common/pico_time/time.c.obj
 *fill*         0x1000529d        0x3 
 .rodata.alarm_pool_cancel_alarm.str1.4
                0x100052a0       0x27 utils/CMakeFiles/pio_ws2812_2.dir/C_/Users/dreng/source/repos/pico/pico-sdk/src/common/pico_time/time.c.obj
 *fill*         0x100052c7        0x1 
 .rodata.sleep_until.str1.4
                0x100052c8       0x4d utils/CMakeFiles/pio_ws2812_2.dir/C_/Users/dreng/source/repos/pico/pico-sdk/src/common/pico_time/time.c.obj
 *fill*         0x10005315        0x3 
 .rodata.__func__.1
                0x10005318       0x18 utils/CMakeFiles/pio_ws2812_2.dir/C_/Users/dreng/source/repos/pico/pico-sdk/src/common/pico_time/time.c.obj
 .rodata.__func__.10
                0x10005330       0x15 utils/CMakeFiles/pio_ws2812_2.dir/C_/Users/dreng/source/repos/pico/pico-sdk/src/common/pico_time/time.c.obj
 *fill*         0x10005345        0x3 
 .rodata.__func__.11
                0x10005348       0x1a utils/CMakeFiles/pio_ws2812_2.dir/C_/Users/dreng/source/repos/pico/pico-sdk/src/common/pico_time/time.c.obj
 *fill*         0x10005362        0x2 
 .rodata.__func__.12
                0x10005364        0xa utils/CMakeFiles/pio_ws2812_2.dir/C_/Users/dreng/source/repos/pico/pico-sdk/src/common/pico_time/time.c.obj
 *fill*         0x1000536e        0x2 
 .rodata.__func__.3
                0x10005370       0x17 utils/CMakeFiles/pio_ws2812_2.dir/C_/Users/dreng/source/repos/pico/pico-sdk/src/common/pico_time/time.c.obj
 *fill*         0x10005387        0x1 
 .rodata.__func__.4
                0x10005388       0x12 utils/CMakeFiles/pio_ws2812_2.dir/C_/Users/dreng/source/repos/pico/pico-sdk/src/common/pico_time/time.c.obj
 *fill*         0x1000539a        0x2 
 .rodata.__func__.5
                0x1000539c        0xd utils/CMakeFiles/pio_ws2812_2.dir/C_/Users/dreng/source/repos/pico/pico-sdk/src/common/pico_time/time.c.obj
 *fill*         0x100053a9        0x3 
 .rodata.__func__.6
                0x100053ac       0x12 utils/CMakeFiles/pio_ws2812_2.dir/C_/Users/dreng/source/repos/pico/pico-sdk/src/common/pico_time/time.c.obj
 *fill*         0x100053be        0x2 
 .rodata.__func__.7
                0x100053c0        0xf utils/CMakeFiles/pio_ws2812_2.dir/C_/Users/dreng/source/repos/pico/pico-sdk/src/common/pico_time/time.c.obj
 *fill*         0x100053cf        0x1 
 .rodata.__func__.8
                0x100053d0        0xc utils/CMakeFiles/pio_ws2812_2.dir/C_/Users/dreng/source/repos/pico/pico-sdk/src/common/pico_time/time.c.obj
 .rodata.__func__.9
                0x100053dc       0x15 utils/CMakeFiles/pio_ws2812_2.dir/C_/Users/dreng/source/repos/pico/pico-sdk/src/common/pico_time/time.c.obj
 *fill*         0x100053f1        0x3 
 .rodata.hardware_alarm_claim.str1.4
                0x100053f4       0x22 utils/CMakeFiles/pio_ws2812_2.dir/C_/Users/dreng/source/repos/pico/pico-sdk/src/rp2_common/hardware_timer/timer.c.obj
 *fill*         0x10005416        0x2 
 .rodata.hardware_alarm_set_target.str1.4
                0x10005418       0x74 utils/CMakeFiles/pio_ws2812_2.dir/C_/Users/dreng/source/repos/pico/pico-sdk/src/rp2_common/hardware_timer/timer.c.obj
 .rodata.__func__.0
                0x1000548c       0x1a utils/CMakeFiles/pio_ws2812_2.dir/C_/Users/dreng/source/repos/pico/pico-sdk/src/rp2_common/hardware_timer/timer.c.obj
 .rodata.ph_add_child_node.str1.4
                0x100054a6       0xa6 utils/CMakeFiles/pio_ws2812_2.dir/C_/Users/dreng/source/repos/pico/pico-sdk/src/common/pico_util/pheap.c.obj
 *fill*         0x100054a6        0x2 
 .rodata.ph_remove_any_head.str1.4
                0x100054a8       0x9c utils/CMakeFiles/pio_ws2812_2.dir/C_/Users/dreng/source/repos/pico/pico-sdk/src/common/pico_util/pheap.c.obj
                                 0xb0 (size before relaxing)
 .rodata.ph_remove_and_free_node.str1.4
                0x10005544       0x1e utils/CMakeFiles/pio_ws2812_2.dir/C_/Users/dreng/source/repos/pico/pico-sdk/src/common/pico_util/pheap.c.obj
                                 0x26 (size before relaxing)
 *fill*         0x10005562        0x2 
 .rodata.__func__.0
                0x10005564       0x18 utils/CMakeFiles/pio_ws2812_2.dir/C_/Users/dreng/source/repos/pico/pico-sdk/src/common/pico_util/pheap.c.obj
 .rodata.__func__.1
                0x1000557c       0x13 utils/CMakeFiles/pio_ws2812_2.dir/C_/Users/dreng/source/repos/pico/pico-sdk/src/common/pico_util/pheap.c.obj
 *fill*         0x1000558f        0x1 
 .rodata.__func__.2
                0x10005590       0x12 utils/CMakeFiles/pio_ws2812_2.dir/C_/Users/dreng/source/repos/pico/pico-sdk/src/common/pico_util/pheap.c.obj
 *fill*         0x100055a2        0x2 
 .rodata.__func__.3
                0x100055a4        0xc utils/CMakeFiles/pio_ws2812_2.dir/C_/Users/dreng/source/repos/pico/pico-sdk/src/common/pico_util/pheap.c.obj
 .rodata.clock_configure.str1.4
                0x100055b0       0x66 utils/CMakeFiles/pio_ws2812_2.dir/C_/Users/dreng/source/repos/pico/pico-sdk/src/rp2_common/hardware_clocks/clocks.c.obj
 *fill*         0x10005616        0x2 
 .rodata.__func__.1
                0x10005618       0x10 utils/CMakeFiles/pio_ws2812_2.dir/C_/Users/dreng/source/repos/pico/pico-sdk/src/rp2_common/hardware_clocks/clocks.c.obj
 .rodata.pll_init.str1.4
                0x10005628      0x12f utils/CMakeFiles/pio_ws2812_2.dir/C_/Users/dreng/source/repos/pico/pico-sdk/src/rp2_common/hardware_pll/pll.c.obj
 *fill*         0x10005757        0x1 
 .rodata.__func__.0
                0x10005758        0x9 utils/CMakeFiles/pio_ws2812_2.dir/C_/Users/dreng/source/repos/pico/pico-sdk/src/rp2_common/hardware_pll/pll.c.obj
 *fill*         0x10005761        0x3 
 .rodata.__assert_func.str1.4
                0x10005764       0x3f utils/CMakeFiles/pio_ws2812_2.dir/C_/Users/dreng/source/repos/pico/pico-sdk/src/rp2_common/pico_runtime/runtime.c.obj
                                 0x43 (size before relaxing)
 *fill*         0x100057a3        0x1 
 .rodata.runtime_init.str1.4
                0x100057a4       0x70 utils/CMakeFiles/pio_ws2812_2.dir/C_/Users/dreng/source/repos/pico/pico-sdk/src/rp2_common/pico_runtime/runtime.c.obj
 .rodata.panic.str1.4
                0x10005814       0x12 utils/CMakeFiles/pio_ws2812_2.dir/C_/Users/dreng/source/repos/pico/pico-sdk/src/rp2_common/pico_runtime/runtime.c.obj
 *fill*         0x10005826        0x2 
 .rodata.__func__.2
                0x10005828        0xd utils/CMakeFiles/pio_ws2812_2.dir/C_/Users/dreng/source/repos/pico/pico-sdk/src/rp2_common/pico_runtime/runtime.c.obj
 *fill*         0x10005835        0x3 
 .rodata._ftoa.str1.4
                0x10005838       0x15 utils/CMakeFiles/pio_ws2812_2.dir/C_/Users/dreng/source/repos/pico/pico-sdk/src/rp2_common/pico_printf/printf.c.obj
 *fill*         0x1000584d        0x3 
 .rodata._vsnprintf
                0x10005850      0x1e0 utils/CMakeFiles/pio_ws2812_2.dir/C_/Users/dreng/source/repos/pico/pico-sdk/src/rp2_common/pico_printf/printf.c.obj
 .rodata.pow10.0
                0x10005a30       0x50 utils/CMakeFiles/pio_ws2812_2.dir/C_/Users/dreng/source/repos/pico/pico-sdk/src/rp2_common/pico_printf/printf.c.obj
 .rodata.__aeabi_double_init.str1.4
                0x10005a80       0xb7 utils/CMakeFiles/pio_ws2812_2.dir/C_/Users/dreng/source/repos/pico/pico-sdk/src/rp2_common/pico_double/double_init_rom.c.obj
 *fill*         0x10005b37        0x1 
 .rodata.__func__.0
                0x10005b38       0x14 utils/CMakeFiles/pio_ws2812_2.dir/C_/Users/dreng/source/repos/pico/pico-sdk/src/rp2_common/pico_double/double_init_rom.c.obj
 .rodata.__aeabi_float_init.str1.4
                0x10005b4c       0x89 utils/CMakeFiles/pio_ws2812_2.dir/C_/Users/dreng/source/repos/pico/pico-sdk/src/rp2_common/pico_float/float_init_rom.c.obj
                                 0x8d (size before relaxing)
 *fill*         0x10005bd5        0x3 
 .rodata.__func__.0
                0x10005bd8       0x13 utils/CMakeFiles/pio_ws2812_2.dir/C_/Users/dreng/source/repos/pico/pico-sdk/src/rp2_common/pico_float/float_init_rom.c.obj
 *fill*         0x10005beb        0x1 
 .rodata.str1.4
                0x10005bec       0x44 utils/CMakeFiles/pio_ws2812_2.dir/C_/Users/dreng/source/repos/pico/pico-sdk/src/rp2_common/pico_standard_link/binary_info.c.obj
 .rodata.__bi_44
                0x10005c30        0xc utils/CMakeFiles/pio_ws2812_2.dir/C_/Users/dreng/source/repos/pico/pico-sdk/src/rp2_common/pico_standard_link/binary_info.c.obj
 .rodata.__bi_75
                0x10005c3c        0xc utils/CMakeFiles/pio_ws2812_2.dir/C_/Users/dreng/source/repos/pico/pico-sdk/src/rp2_common/pico_standard_link/binary_info.c.obj
 .rodata.__bi_81
                0x10005c48        0xc utils/CMakeFiles/pio_ws2812_2.dir/C_/Users/dreng/source/repos/pico/pico-sdk/src/rp2_common/pico_standard_link/binary_info.c.obj
 .rodata.stdout_serialize_begin.str1.4
                0x10005c54       0x70 utils/CMakeFiles/pio_ws2812_2.dir/C_/Users/dreng/source/repos/pico/pico-sdk/src/rp2_common/pico_stdio/stdio.c.obj
 .rodata.__func__.3
                0x10005c54       0x15 utils/CMakeFiles/pio_ws2812_2.dir/C_/Users/dreng/source/repos/pico/pico-sdk/src/rp2_common/pico_stdio/stdio.c.obj
 *fill*         0x10005c69        0x3 
 .rodata.crlf_str.2
                0x10005c6c        0x2 utils/CMakeFiles/pio_ws2812_2.dir/C_/Users/dreng/source/repos/pico/pico-sdk/src/rp2_common/pico_stdio/stdio.c.obj
 *fill*         0x10005c6e        0x2 
 .rodata.str1.4
                0x10005c70       0x2c utils/CMakeFiles/pio_ws2812_2.dir/C_/Users/dreng/source/repos/pico/pico-sdk/src/rp2_common/pico_stdio_uart/stdio_uart.c.obj
 .rodata.__bi_33.4
                0x10005c9c        0xc utils/CMakeFiles/pio_ws2812_2.dir/C_/Users/dreng/source/repos/pico/pico-sdk/src/rp2_common/pico_stdio_uart/stdio_uart.c.obj
 .rodata.__bi_34.5
                0x10005ca8        0x8 utils/CMakeFiles/pio_ws2812_2.dir/C_/Users/dreng/source/repos/pico/pico-sdk/src/rp2_common/pico_stdio_uart/stdio_uart.c.obj
 .rodata._pio_find_offset_for_program.str1.4
                0x10005cb0       0x78 utils/CMakeFiles/pio_ws2812_2.dir/C_/Users/dreng/source/repos/pico/pico-sdk/src/rp2_common/hardware_pio/pio.c.obj
 .rodata._pio_add_program_at_offset.str1.4
                0x10005d28       0x11 utils/CMakeFiles/pio_ws2812_2.dir/C_/Users/dreng/source/repos/pico/pico-sdk/src/rp2_common/hardware_pio/pio.c.obj
 *fill*         0x10005d39        0x3 
 .rodata.__func__.1
                0x10005d3c       0x1d utils/CMakeFiles/pio_ws2812_2.dir/C_/Users/dreng/source/repos/pico/pico-sdk/src/rp2_common/hardware_pio/pio.c.obj
                0x10005d5c                . = ALIGN (0x4)
 *fill*         0x10005d59        0x3 
 *(SORT_BY_ALIGNMENT(SORT_BY_NAME(.flashdata*)))
                0x10005d5c                . = ALIGN (0x4)

.rel.dyn        0x10005d5c        0x0
 .rel.iplt      0x10005d5c        0x0 c:/progra~1/raspbe~1/picosd~1.0/gcc-ar~1/bin/../lib/gcc/arm-none-eabi/10.3.1/thumb/v6-m/nofp/crtbegin.o

.ARM.extab
 *(.ARM.extab* .gnu.linkonce.armextab.*)
                0x10005d5c                __exidx_start = .

.ARM.exidx
 *(.ARM.exidx* .gnu.linkonce.armexidx.*)
                0x10005d5c                __exidx_end = .
                0x10005d5c                . = ALIGN (0x4)
                0x10005d5c                __binary_info_start = .

.binary_info    0x10005d5c       0x24
 *(.binary_info.keep.*)
 .binary_info.keep.__bi_ptr22
                0x10005d5c        0x4 utils/CMakeFiles/pio_ws2812_2.dir/C_/Users/dreng/source/repos/pico/pico-sdk/src/rp2_common/pico_standard_link/binary_info.c.obj
 .binary_info.keep.__bi_ptr30
                0x10005d60        0x4 utils/CMakeFiles/pio_ws2812_2.dir/C_/Users/dreng/source/repos/pico/pico-sdk/src/rp2_common/pico_standard_link/binary_info.c.obj
 .binary_info.keep.__bi_ptr38
                0x10005d64        0x4 utils/CMakeFiles/pio_ws2812_2.dir/C_/Users/dreng/source/repos/pico/pico-sdk/src/rp2_common/pico_standard_link/binary_info.c.obj
 .binary_info.keep.__bi_ptr44
                0x10005d68        0x4 utils/CMakeFiles/pio_ws2812_2.dir/C_/Users/dreng/source/repos/pico/pico-sdk/src/rp2_common/pico_standard_link/binary_info.c.obj
 .binary_info.keep.__bi_ptr50
                0x10005d6c        0x4 utils/CMakeFiles/pio_ws2812_2.dir/C_/Users/dreng/source/repos/pico/pico-sdk/src/rp2_common/pico_standard_link/binary_info.c.obj
 .binary_info.keep.__bi_ptr75
                0x10005d70        0x4 utils/CMakeFiles/pio_ws2812_2.dir/C_/Users/dreng/source/repos/pico/pico-sdk/src/rp2_common/pico_standard_link/binary_info.c.obj
 .binary_info.keep.__bi_ptr81
                0x10005d74        0x4 utils/CMakeFiles/pio_ws2812_2.dir/C_/Users/dreng/source/repos/pico/pico-sdk/src/rp2_common/pico_standard_link/binary_info.c.obj
 *(.binary_info.*)
 .binary_info.__bi_ptr33
                0x10005d78        0x4 utils/CMakeFiles/pio_ws2812_2.dir/C_/Users/dreng/source/repos/pico/pico-sdk/src/rp2_common/pico_stdio_uart/stdio_uart.c.obj
 .binary_info.__bi_ptr34
                0x10005d7c        0x4 utils/CMakeFiles/pio_ws2812_2.dir/C_/Users/dreng/source/repos/pico/pico-sdk/src/rp2_common/pico_stdio_uart/stdio_uart.c.obj
                0x10005d80                __binary_info_end = .
                0x10005d80                . = ALIGN (0x4)
                0x10005d80                __etext = .

.ram_vector_table
                0x20000000       0xc0
 *(.ram_vector_table)
 .ram_vector_table
                0x20000000       0xc0 utils/CMakeFiles/pio_ws2812_2.dir/C_/Users/dreng/source/repos/pico/pico-sdk/src/rp2_common/pico_runtime/runtime.c.obj
                0x20000000                ram_vector_table

.data           0x200000c0      0x244 load address 0x10005d80
                0x200000c0                __data_start__ = .
 *(vtable)
 *(.time_critical*)
 .time_critical.mutex_try_enter
                0x200000c0       0x46 utils/CMakeFiles/pio_ws2812_2.dir/C_/Users/dreng/source/repos/pico/pico-sdk/src/common/pico_sync/mutex.c.obj
                0x200000c0                mutex_try_enter
 *fill*         0x20000106        0x2 
 .time_critical.mutex_enter_block_until
                0x20000108       0x8c utils/CMakeFiles/pio_ws2812_2.dir/C_/Users/dreng/source/repos/pico/pico-sdk/src/common/pico_sync/mutex.c.obj
                0x20000108                mutex_enter_block_until
 .time_critical.mutex_try_enter_block_until
                0x20000194       0x34 utils/CMakeFiles/pio_ws2812_2.dir/C_/Users/dreng/source/repos/pico/pico-sdk/src/common/pico_sync/mutex.c.obj
                0x20000194                mutex_try_enter_block_until
 .time_critical.mutex_exit
                0x200001c8       0x4c utils/CMakeFiles/pio_ws2812_2.dir/C_/Users/dreng/source/repos/pico/pico-sdk/src/common/pico_sync/mutex.c.obj
                0x200001c8                mutex_exit
 *(.text*)
 .text          0x20000214        0x4 c:/progra~1/raspbe~1/picosd~1.0/gcc-ar~1/bin/../lib/gcc/arm-none-eabi/10.3.1/thumb/v6-m/nofp\libgcc.a(_dvmd_tls.o)
                0x20000214                __aeabi_idiv0
                0x20000214                __aeabi_ldiv0
 .text.__stub   0x20000218       0x20 linker stubs
                0x20000238                . = ALIGN (0x4)
 *(.rodata*)
                0x20000238                . = ALIGN (0x4)
 *(.data*)
 .data.striped_spin_lock_num
                0x20000238        0x1 utils/CMakeFiles/pio_ws2812_2.dir/C_/Users/dreng/source/repos/pico/pico-sdk/src/rp2_common/hardware_sync/sync.c.obj
 *fill*         0x20000239        0x3 
 .data          0x2000023c       0x48 utils/CMakeFiles/pio_ws2812_2.dir/C_/Users/dreng/source/repos/pico/pico-sdk/src/rp2_common/hardware_irq/irq_handler_chain.S.obj
                0x2000023c                irq_handler_chain_slots
                0x2000026c                irq_handler_chain_first_slot
                0x20000276                irq_handler_chain_remove_tail
 .data.default_alarm_pool
                0x20000284       0x18 utils/CMakeFiles/pio_ws2812_2.dir/C_/Users/dreng/source/repos/pico/pico-sdk/src/common/pico_time/time.c.obj
 .data.default_alarm_pool_heap
                0x2000029c       0x10 utils/CMakeFiles/pio_ws2812_2.dir/C_/Users/dreng/source/repos/pico/pico-sdk/src/common/pico_time/time.c.obj
 *fill*         0x200002ac        0x4 
 .data.aeabi_bits_funcs
                0x200002b0       0x10 utils/CMakeFiles/pio_ws2812_2.dir/C_/Users/dreng/source/repos/pico/pico-sdk/src/rp2_common/pico_bit_ops/bit_ops_aeabi.S.obj
                0x200002b0                aeabi_bits_funcs
                0x200002c0                aeabi_bits_funcs_end
 .data.aeabi_mem_funcs
                0x200002c0       0x10 utils/CMakeFiles/pio_ws2812_2.dir/C_/Users/dreng/source/repos/pico/pico-sdk/src/rp2_common/pico_mem_ops/mem_ops_aeabi.S.obj
                0x200002c0                aeabi_mem_funcs
                0x200002d0                aeabi_mem_funcs_end
 .data.stdio_uart
                0x200002d0       0x18 utils/CMakeFiles/pio_ws2812_2.dir/C_/Users/dreng/source/repos/pico/pico-sdk/src/rp2_common/pico_stdio_uart/stdio_uart.c.obj
                0x200002d0                stdio_uart
                0x200002e8                . = ALIGN (0x4)
 *(.after_data.*)
                0x200002e8                . = ALIGN (0x4)
                0x200002e8                PROVIDE (__mutex_array_start = .)
 *(SORT_BY_NAME(.mutex_array.*))
 *(.mutex_array)
 .mutex_array   0x200002e8        0x8 utils/CMakeFiles/pio_ws2812_2.dir/C_/Users/dreng/source/repos/pico/pico-sdk/src/rp2_common/pico_stdio/stdio.c.obj
                0x200002f0                PROVIDE (__mutex_array_end = .)
                0x200002f0                . = ALIGN (0x4)
                0x200002f0                PROVIDE (__preinit_array_start = .)
 *(SORT_BY_NAME(.preinit_array.*))
 .preinit_array.00001
                0x200002f0        0x4 utils/CMakeFiles/pio_ws2812_2.dir/C_/Users/dreng/source/repos/pico/pico-sdk/src/rp2_common/pico_mem_ops/mem_ops_aeabi.S.obj
 .preinit_array.00010
                0x200002f4        0x4 utils/CMakeFiles/pio_ws2812_2.dir/C_/Users/dreng/source/repos/pico/pico-sdk/src/rp2_common/pico_bit_ops/bit_ops_aeabi.S.obj
 .preinit_array.00020
                0x200002f8        0x4 utils/CMakeFiles/pio_ws2812_2.dir/C_/Users/dreng/source/repos/pico/pico-sdk/src/rp2_common/pico_double/double_aeabi.S.obj
 .preinit_array.00020
                0x200002fc        0x4 utils/CMakeFiles/pio_ws2812_2.dir/C_/Users/dreng/source/repos/pico/pico-sdk/src/rp2_common/pico_float/float_aeabi.S.obj
 *(.preinit_array)
                0x20000300                PROVIDE (__preinit_array_end = .)
                0x20000300                . = ALIGN (0x4)
                0x20000300                PROVIDE (__init_array_start = .)
 *(SORT_BY_NAME(.init_array.*))
 *(.init_array)
 .init_array    0x20000300        0x4 c:/progra~1/raspbe~1/picosd~1.0/gcc-ar~1/bin/../lib/gcc/arm-none-eabi/10.3.1/thumb/v6-m/nofp/crtbegin.o
                0x20000304                PROVIDE (__init_array_end = .)
                0x20000304                . = ALIGN (0x4)
                [!provide]                PROVIDE (__fini_array_start = .)
 *(SORT_BY_NAME(.fini_array.*))
 *(.fini_array)
                [!provide]                PROVIDE (__fini_array_end = .)
 *(.jcr)
                0x20000304                . = ALIGN (0x4)
                0x20000304                __data_end__ = .

.igot.plt       0x20000304        0x0 load address 0x10005fc4
 .igot.plt      0x20000304        0x0 c:/progra~1/raspbe~1/picosd~1.0/gcc-ar~1/bin/../lib/gcc/arm-none-eabi/10.3.1/thumb/v6-m/nofp/crtbegin.o

.uninitialized_data
                0x20000304        0x0 load address 0x10005fc4
                0x20000304                . = ALIGN (0x4)
 *(.uninitialized_data*)

.scratch_x      0x20040000        0x0 load address 0x10005fc4
                0x20040000                __scratch_x_start__ = .
 *(.scratch_x.*)
                0x20040000                . = ALIGN (0x4)
                0x20040000                __scratch_x_end__ = .
                0x10005fc4                __scratch_x_source__ = LOADADDR (.scratch_x)

.scratch_y      0x20041000        0x0 load address 0x10005fc4
                0x20041000                __scratch_y_start__ = .
 *(.scratch_y.*)
                0x20041000                . = ALIGN (0x4)
                0x20041000                __scratch_y_end__ = .
                0x10005fc4                __scratch_y_source__ = LOADADDR (.scratch_y)

.bss            0x20000308      0x5f4
                0x20000308                . = ALIGN (0x4)
                0x20000308                __bss_start__ = .
 *(SORT_BY_ALIGNMENT(SORT_BY_NAME(.bss*)))
 .bss.default_alarm_pool_entries
                0x20000308      0x100 utils/CMakeFiles/pio_ws2812_2.dir/C_/Users/dreng/source/repos/pico/pico-sdk/src/common/pico_time/time.c.obj
 .bss           0x20000408       0x1c c:/progra~1/raspbe~1/picosd~1.0/gcc-ar~1/bin/../lib/gcc/arm-none-eabi/10.3.1/thumb/v6-m/nofp/crtbegin.o
 .bss._used_instruction_space
                0x20000424        0x8 utils/CMakeFiles/pio_ws2812_2.dir/C_/Users/dreng/source/repos/pico/pico-sdk/src/rp2_common/hardware_pio/pio.c.obj
 .bss.alarm_callbacks
                0x2000042c       0x10 utils/CMakeFiles/pio_ws2812_2.dir/C_/Users/dreng/source/repos/pico/pico-sdk/src/rp2_common/hardware_timer/timer.c.obj
 .bss.chars_available_callback
                0x2000043c        0x4 utils/CMakeFiles/pio_ws2812_2.dir/C_/Users/dreng/source/repos/pico/pico-sdk/src/rp2_common/pico_stdio_uart/stdio_uart.c.obj
 .bss.chars_available_param
                0x20000440        0x4 utils/CMakeFiles/pio_ws2812_2.dir/C_/Users/dreng/source/repos/pico/pico-sdk/src/rp2_common/pico_stdio_uart/stdio_uart.c.obj
 .bss.configured_freq
                0x20000444       0x28 utils/CMakeFiles/pio_ws2812_2.dir/C_/Users/dreng/source/repos/pico/pico-sdk/src/rp2_common/hardware_clocks/clocks.c.obj
 .bss.default_alarm_pool_entry_ids_high
                0x2000046c       0x10 utils/CMakeFiles/pio_ws2812_2.dir/C_/Users/dreng/source/repos/pico/pico-sdk/src/common/pico_time/time.c.obj
 .bss.default_alarm_pool_heap_nodes
                0x2000047c       0x30 utils/CMakeFiles/pio_ws2812_2.dir/C_/Users/dreng/source/repos/pico/pico-sdk/src/common/pico_time/time.c.obj
 .bss.display   0x200004ac      0x214 utils/CMakeFiles/pio_ws2812_2.dir/ws2812.c.obj
                0x200004ac                display
 .bss.drivers   0x200006c0        0x4 utils/CMakeFiles/pio_ws2812_2.dir/C_/Users/dreng/source/repos/pico/pico-sdk/src/rp2_common/pico_stdio/stdio.c.obj
 .bss.filter    0x200006c4        0x4 utils/CMakeFiles/pio_ws2812_2.dir/C_/Users/dreng/source/repos/pico/pico-sdk/src/rp2_common/pico_stdio/stdio.c.obj
 .bss.pools     0x200006c8       0x10 utils/CMakeFiles/pio_ws2812_2.dir/C_/Users/dreng/source/repos/pico/pico-sdk/src/common/pico_time/time.c.obj
 .bss.sd_table  0x200006d8      0x100 utils/CMakeFiles/pio_ws2812_2.dir/C_/Users/dreng/source/repos/pico/pico-sdk/src/rp2_common/pico_double/double_init_rom.c.obj
                0x200006d8                sd_table
 .bss.sf_clz_func
                0x200007d8        0x4 utils/CMakeFiles/pio_ws2812_2.dir/C_/Users/dreng/source/repos/pico/pico-sdk/src/rp2_common/pico_double/double_init_rom.c.obj
                0x200007d8                sf_clz_func
 .bss.sf_table  0x200007dc      0x100 utils/CMakeFiles/pio_ws2812_2.dir/C_/Users/dreng/source/repos/pico/pico-sdk/src/rp2_common/pico_float/float_init_rom.c.obj
                0x200007dc                sf_table
 .bss.sleep_notifier
                0x200008dc        0x4 utils/CMakeFiles/pio_ws2812_2.dir/C_/Users/dreng/source/repos/pico/pico-sdk/src/common/pico_time/time.c.obj
 .bss.target_hi
                0x200008e0       0x10 utils/CMakeFiles/pio_ws2812_2.dir/C_/Users/dreng/source/repos/pico/pico-sdk/src/rp2_common/hardware_timer/timer.c.obj
 .bss.uart_char_to_line_feed
                0x200008f0        0x4 utils/CMakeFiles/pio_ws2812_2.dir/C_/Users/dreng/source/repos/pico/pico-sdk/src/rp2_common/hardware_uart/uart.c.obj
                0x200008f0                uart_char_to_line_feed
 .bss.uart_instance
                0x200008f4        0x4 utils/CMakeFiles/pio_ws2812_2.dir/C_/Users/dreng/source/repos/pico/pico-sdk/src/rp2_common/pico_stdio_uart/stdio_uart.c.obj
 .bss.claimed   0x200008f8        0x1 utils/CMakeFiles/pio_ws2812_2.dir/C_/Users/dreng/source/repos/pico/pico-sdk/src/rp2_common/hardware_timer/timer.c.obj
 .bss.irq_hander_chain_free_slot_head
                0x200008f9        0x1 utils/CMakeFiles/pio_ws2812_2.dir/C_/Users/dreng/source/repos/pico/pico-sdk/src/rp2_common/hardware_irq/irq.c.obj
 .bss.timer_callbacks_pending
                0x200008fa        0x1 utils/CMakeFiles/pio_ws2812_2.dir/C_/Users/dreng/source/repos/pico/pico-sdk/src/rp2_common/hardware_timer/timer.c.obj
 *(COMMON)
                0x200008fc                . = ALIGN (0x4)
 *fill*         0x200008fb        0x1 
                0x200008fc                __bss_end__ = .

.heap           0x200008fc      0x800
                0x200008fc                __end__ = .
                0x200008fc                end = __end__
 *(.heap*)
 .heap          0x200008fc      0x800 utils/CMakeFiles/pio_ws2812_2.dir/C_/Users/dreng/source/repos/pico/pico-sdk/src/rp2_common/pico_standard_link/crt0.S.obj
                0x200010fc                __HeapLimit = .

.stack1_dummy   0x20040000        0x0
 *(.stack1*)

.stack_dummy    0x20041000      0x800
 *(.stack*)
 .stack         0x20041000      0x800 utils/CMakeFiles/pio_ws2812_2.dir/C_/Users/dreng/source/repos/pico/pico-sdk/src/rp2_common/pico_standard_link/crt0.S.obj

.flash_end      0x10005fc4        0x0
                0x10005fc4                __flash_binary_end = .
                0x20040000                __StackLimit = (ORIGIN (RAM) + LENGTH (RAM))
                0x20041000                __StackOneTop = (ORIGIN (SCRATCH_X) + LENGTH (SCRATCH_X))
                0x20042000                __StackTop = (ORIGIN (SCRATCH_Y) + LENGTH (SCRATCH_Y))
                0x20041000                __StackOneBottom = (__StackOneTop - SIZEOF (.stack1_dummy))
                0x20041800                __StackBottom = (__StackTop - SIZEOF (.stack_dummy))
                0x20042000                PROVIDE (__stack = __StackTop)
                0x00000001                ASSERT ((__StackLimit >= __HeapLimit), region RAM overflowed)
                0x00000001                ASSERT (((__binary_info_header_end - __logical_binary_start) <= 0x100), Binary info must be in first 256 bytes of the binary)
LOAD utils/CMakeFiles/pio_ws2812_2.dir/ws2812.c.obj
LOAD utils/CMakeFiles/pio_ws2812_2.dir/C_/Users/dreng/source/repos/pico/pico-sdk/src/rp2_common/pico_stdlib/stdlib.c.obj
LOAD utils/CMakeFiles/pio_ws2812_2.dir/C_/Users/dreng/source/repos/pico/pico-sdk/src/rp2_common/hardware_gpio/gpio.c.obj
LOAD utils/CMakeFiles/pio_ws2812_2.dir/C_/Users/dreng/source/repos/pico/pico-sdk/src/rp2_common/pico_platform/platform.c.obj
LOAD utils/CMakeFiles/pio_ws2812_2.dir/C_/Users/dreng/source/repos/pico/pico-sdk/src/rp2_common/hardware_claim/claim.c.obj
LOAD utils/CMakeFiles/pio_ws2812_2.dir/C_/Users/dreng/source/repos/pico/pico-sdk/src/rp2_common/hardware_sync/sync.c.obj
LOAD utils/CMakeFiles/pio_ws2812_2.dir/C_/Users/dreng/source/repos/pico/pico-sdk/src/rp2_common/hardware_irq/irq.c.obj
LOAD utils/CMakeFiles/pio_ws2812_2.dir/C_/Users/dreng/source/repos/pico/pico-sdk/src/rp2_common/hardware_irq/irq_handler_chain.S.obj
LOAD utils/CMakeFiles/pio_ws2812_2.dir/C_/Users/dreng/source/repos/pico/pico-sdk/src/common/pico_sync/sem.c.obj
LOAD utils/CMakeFiles/pio_ws2812_2.dir/C_/Users/dreng/source/repos/pico/pico-sdk/src/common/pico_sync/lock_core.c.obj
LOAD utils/CMakeFiles/pio_ws2812_2.dir/C_/Users/dreng/source/repos/pico/pico-sdk/src/common/pico_sync/mutex.c.obj
LOAD utils/CMakeFiles/pio_ws2812_2.dir/C_/Users/dreng/source/repos/pico/pico-sdk/src/common/pico_sync/critical_section.c.obj
LOAD utils/CMakeFiles/pio_ws2812_2.dir/C_/Users/dreng/source/repos/pico/pico-sdk/src/common/pico_time/time.c.obj
LOAD utils/CMakeFiles/pio_ws2812_2.dir/C_/Users/dreng/source/repos/pico/pico-sdk/src/common/pico_time/timeout_helper.c.obj
LOAD utils/CMakeFiles/pio_ws2812_2.dir/C_/Users/dreng/source/repos/pico/pico-sdk/src/rp2_common/hardware_timer/timer.c.obj
LOAD utils/CMakeFiles/pio_ws2812_2.dir/C_/Users/dreng/source/repos/pico/pico-sdk/src/common/pico_util/datetime.c.obj
LOAD utils/CMakeFiles/pio_ws2812_2.dir/C_/Users/dreng/source/repos/pico/pico-sdk/src/common/pico_util/pheap.c.obj
LOAD utils/CMakeFiles/pio_ws2812_2.dir/C_/Users/dreng/source/repos/pico/pico-sdk/src/common/pico_util/queue.c.obj
LOAD utils/CMakeFiles/pio_ws2812_2.dir/C_/Users/dreng/source/repos/pico/pico-sdk/src/rp2_common/hardware_uart/uart.c.obj
LOAD utils/CMakeFiles/pio_ws2812_2.dir/C_/Users/dreng/source/repos/pico/pico-sdk/src/rp2_common/hardware_clocks/clocks.c.obj
LOAD utils/CMakeFiles/pio_ws2812_2.dir/C_/Users/dreng/source/repos/pico/pico-sdk/src/rp2_common/hardware_pll/pll.c.obj
LOAD utils/CMakeFiles/pio_ws2812_2.dir/C_/Users/dreng/source/repos/pico/pico-sdk/src/rp2_common/hardware_vreg/vreg.c.obj
LOAD utils/CMakeFiles/pio_ws2812_2.dir/C_/Users/dreng/source/repos/pico/pico-sdk/src/rp2_common/hardware_watchdog/watchdog.c.obj
LOAD utils/CMakeFiles/pio_ws2812_2.dir/C_/Users/dreng/source/repos/pico/pico-sdk/src/rp2_common/hardware_xosc/xosc.c.obj
LOAD utils/CMakeFiles/pio_ws2812_2.dir/C_/Users/dreng/source/repos/pico/pico-sdk/src/rp2_common/hardware_divider/divider.S.obj
LOAD utils/CMakeFiles/pio_ws2812_2.dir/C_/Users/dreng/source/repos/pico/pico-sdk/src/rp2_common/pico_runtime/runtime.c.obj
LOAD utils/CMakeFiles/pio_ws2812_2.dir/C_/Users/dreng/source/repos/pico/pico-sdk/src/rp2_common/pico_printf/printf.c.obj
LOAD utils/CMakeFiles/pio_ws2812_2.dir/C_/Users/dreng/source/repos/pico/pico-sdk/src/rp2_common/pico_bit_ops/bit_ops_aeabi.S.obj
LOAD utils/CMakeFiles/pio_ws2812_2.dir/C_/Users/dreng/source/repos/pico/pico-sdk/src/rp2_common/pico_bootrom/bootrom.c.obj
LOAD utils/CMakeFiles/pio_ws2812_2.dir/C_/Users/dreng/source/repos/pico/pico-sdk/src/rp2_common/pico_divider/divider.S.obj
LOAD utils/CMakeFiles/pio_ws2812_2.dir/C_/Users/dreng/source/repos/pico/pico-sdk/src/rp2_common/pico_double/double_aeabi.S.obj
LOAD utils/CMakeFiles/pio_ws2812_2.dir/C_/Users/dreng/source/repos/pico/pico-sdk/src/rp2_common/pico_double/double_init_rom.c.obj
LOAD utils/CMakeFiles/pio_ws2812_2.dir/C_/Users/dreng/source/repos/pico/pico-sdk/src/rp2_common/pico_double/double_math.c.obj
LOAD utils/CMakeFiles/pio_ws2812_2.dir/C_/Users/dreng/source/repos/pico/pico-sdk/src/rp2_common/pico_double/double_v1_rom_shim.S.obj
LOAD utils/CMakeFiles/pio_ws2812_2.dir/C_/Users/dreng/source/repos/pico/pico-sdk/src/rp2_common/pico_int64_ops/pico_int64_ops_aeabi.S.obj
LOAD utils/CMakeFiles/pio_ws2812_2.dir/C_/Users/dreng/source/repos/pico/pico-sdk/src/rp2_common/pico_float/float_aeabi.S.obj
LOAD utils/CMakeFiles/pio_ws2812_2.dir/C_/Users/dreng/source/repos/pico/pico-sdk/src/rp2_common/pico_float/float_init_rom.c.obj
LOAD utils/CMakeFiles/pio_ws2812_2.dir/C_/Users/dreng/source/repos/pico/pico-sdk/src/rp2_common/pico_float/float_math.c.obj
LOAD utils/CMakeFiles/pio_ws2812_2.dir/C_/Users/dreng/source/repos/pico/pico-sdk/src/rp2_common/pico_float/float_v1_rom_shim.S.obj
LOAD utils/CMakeFiles/pio_ws2812_2.dir/C_/Users/dreng/source/repos/pico/pico-sdk/src/rp2_common/pico_malloc/pico_malloc.c.obj
LOAD utils/CMakeFiles/pio_ws2812_2.dir/C_/Users/dreng/source/repos/pico/pico-sdk/src/rp2_common/pico_mem_ops/mem_ops_aeabi.S.obj
LOAD utils/CMakeFiles/pio_ws2812_2.dir/C_/Users/dreng/source/repos/pico/pico-sdk/src/rp2_common/pico_standard_link/crt0.S.obj
LOAD utils/CMakeFiles/pio_ws2812_2.dir/C_/Users/dreng/source/repos/pico/pico-sdk/src/rp2_common/pico_standard_link/new_delete.cpp.obj
LOAD utils/CMakeFiles/pio_ws2812_2.dir/C_/Users/dreng/source/repos/pico/pico-sdk/src/rp2_common/pico_standard_link/binary_info.c.obj
LOAD utils/CMakeFiles/pio_ws2812_2.dir/C_/Users/dreng/source/repos/pico/pico-sdk/src/rp2_common/pico_stdio/stdio.c.obj
LOAD utils/CMakeFiles/pio_ws2812_2.dir/C_/Users/dreng/source/repos/pico/pico-sdk/src/rp2_common/pico_stdio_uart/stdio_uart.c.obj
LOAD utils/CMakeFiles/pio_ws2812_2.dir/C_/Users/dreng/source/repos/pico/pico-sdk/src/rp2_common/hardware_pio/pio.c.obj
LOAD C:\Users\dreng\AppData\Local\Temp\ccsQExRk.o
LOAD c:/progra~1/raspbe~1/picosd~1.0/gcc-ar~1/bin/../lib/gcc/arm-none-eabi/10.3.1/../../../../arm-none-eabi/lib/thumb/v6-m/nofp\libstdc++.a
LOAD c:/progra~1/raspbe~1/picosd~1.0/gcc-ar~1/bin/../lib/gcc/arm-none-eabi/10.3.1/../../../../arm-none-eabi/lib/thumb/v6-m/nofp\libm.a
START GROUP
LOAD c:/progra~1/raspbe~1/picosd~1.0/gcc-ar~1/bin/../lib/gcc/arm-none-eabi/10.3.1/thumb/v6-m/nofp\libgcc.a
LOAD c:/progra~1/raspbe~1/picosd~1.0/gcc-ar~1/bin/../lib/gcc/arm-none-eabi/10.3.1/../../../../arm-none-eabi/lib/thumb/v6-m/nofp\libg.a
LOAD c:/progra~1/raspbe~1/picosd~1.0/gcc-ar~1/bin/../lib/gcc/arm-none-eabi/10.3.1/../../../../arm-none-eabi/lib/thumb/v6-m/nofp\libc.a
END GROUP
START GROUP
LOAD c:/progra~1/raspbe~1/picosd~1.0/gcc-ar~1/bin/../lib/gcc/arm-none-eabi/10.3.1/thumb/v6-m/nofp\libgcc.a
LOAD c:/progra~1/raspbe~1/picosd~1.0/gcc-ar~1/bin/../lib/gcc/arm-none-eabi/10.3.1/../../../../arm-none-eabi/lib/thumb/v6-m/nofp\libc.a
LOAD c:/progra~1/raspbe~1/picosd~1.0/gcc-ar~1/bin/../lib/gcc/arm-none-eabi/10.3.1/../../../../arm-none-eabi/lib/thumb/v6-m/nofp\libnosys.a
END GROUP
LOAD c:/progra~1/raspbe~1/picosd~1.0/gcc-ar~1/bin/../lib/gcc/arm-none-eabi/10.3.1/thumb/v6-m/nofp/crtend.o
LOAD c:/progra~1/raspbe~1/picosd~1.0/gcc-ar~1/bin/../lib/gcc/arm-none-eabi/10.3.1/thumb/v6-m/nofp/crtn.o
OUTPUT(utils\pio_ws2812_2.elf elf32-littlearm)
LOAD linker stubs

.ARM.attributes
                0x00000000       0x28
 .ARM.attributes
                0x00000000       0x1e c:/progra~1/raspbe~1/picosd~1.0/gcc-ar~1/bin/../lib/gcc/arm-none-eabi/10.3.1/thumb/v6-m/nofp/crti.o
 .ARM.attributes
                0x0000001e       0x2c c:/progra~1/raspbe~1/picosd~1.0/gcc-ar~1/bin/../lib/gcc/arm-none-eabi/10.3.1/thumb/v6-m/nofp/crtbegin.o
 .ARM.attributes
                0x0000004a       0x2c utils/CMakeFiles/pio_ws2812_2.dir/ws2812.c.obj
 .ARM.attributes
                0x00000076       0x2c utils/CMakeFiles/pio_ws2812_2.dir/C_/Users/dreng/source/repos/pico/pico-sdk/src/rp2_common/hardware_gpio/gpio.c.obj
 .ARM.attributes
                0x000000a2       0x2c utils/CMakeFiles/pio_ws2812_2.dir/C_/Users/dreng/source/repos/pico/pico-sdk/src/rp2_common/pico_platform/platform.c.obj
 .ARM.attributes
                0x000000ce       0x2c utils/CMakeFiles/pio_ws2812_2.dir/C_/Users/dreng/source/repos/pico/pico-sdk/src/rp2_common/hardware_claim/claim.c.obj
 .ARM.attributes
                0x000000fa       0x2c utils/CMakeFiles/pio_ws2812_2.dir/C_/Users/dreng/source/repos/pico/pico-sdk/src/rp2_common/hardware_sync/sync.c.obj
 .ARM.attributes
                0x00000126       0x2c utils/CMakeFiles/pio_ws2812_2.dir/C_/Users/dreng/source/repos/pico/pico-sdk/src/rp2_common/hardware_irq/irq.c.obj
 .ARM.attributes
                0x00000152       0x22 utils/CMakeFiles/pio_ws2812_2.dir/C_/Users/dreng/source/repos/pico/pico-sdk/src/rp2_common/hardware_irq/irq_handler_chain.S.obj
 .ARM.attributes
                0x00000174       0x2c utils/CMakeFiles/pio_ws2812_2.dir/C_/Users/dreng/source/repos/pico/pico-sdk/src/common/pico_sync/lock_core.c.obj
 .ARM.attributes
                0x000001a0       0x2c utils/CMakeFiles/pio_ws2812_2.dir/C_/Users/dreng/source/repos/pico/pico-sdk/src/common/pico_sync/mutex.c.obj
 .ARM.attributes
                0x000001cc       0x2c utils/CMakeFiles/pio_ws2812_2.dir/C_/Users/dreng/source/repos/pico/pico-sdk/src/common/pico_time/time.c.obj
 .ARM.attributes
                0x000001f8       0x2c utils/CMakeFiles/pio_ws2812_2.dir/C_/Users/dreng/source/repos/pico/pico-sdk/src/rp2_common/hardware_timer/timer.c.obj
 .ARM.attributes
                0x00000224       0x2c utils/CMakeFiles/pio_ws2812_2.dir/C_/Users/dreng/source/repos/pico/pico-sdk/src/common/pico_util/pheap.c.obj
 .ARM.attributes
                0x00000250       0x2c utils/CMakeFiles/pio_ws2812_2.dir/C_/Users/dreng/source/repos/pico/pico-sdk/src/rp2_common/hardware_uart/uart.c.obj
 .ARM.attributes
                0x0000027c       0x2c utils/CMakeFiles/pio_ws2812_2.dir/C_/Users/dreng/source/repos/pico/pico-sdk/src/rp2_common/hardware_clocks/clocks.c.obj
 .ARM.attributes
                0x000002a8       0x2c utils/CMakeFiles/pio_ws2812_2.dir/C_/Users/dreng/source/repos/pico/pico-sdk/src/rp2_common/hardware_pll/pll.c.obj
 .ARM.attributes
                0x000002d4       0x2c utils/CMakeFiles/pio_ws2812_2.dir/C_/Users/dreng/source/repos/pico/pico-sdk/src/rp2_common/hardware_watchdog/watchdog.c.obj
 .ARM.attributes
                0x00000300       0x2c utils/CMakeFiles/pio_ws2812_2.dir/C_/Users/dreng/source/repos/pico/pico-sdk/src/rp2_common/hardware_xosc/xosc.c.obj
 .ARM.attributes
                0x0000032c       0x2c utils/CMakeFiles/pio_ws2812_2.dir/C_/Users/dreng/source/repos/pico/pico-sdk/src/rp2_common/pico_runtime/runtime.c.obj
 .ARM.attributes
                0x00000358       0x2c utils/CMakeFiles/pio_ws2812_2.dir/C_/Users/dreng/source/repos/pico/pico-sdk/src/rp2_common/pico_printf/printf.c.obj
 .ARM.attributes
                0x00000384       0x22 utils/CMakeFiles/pio_ws2812_2.dir/C_/Users/dreng/source/repos/pico/pico-sdk/src/rp2_common/pico_bit_ops/bit_ops_aeabi.S.obj
 .ARM.attributes
                0x000003a6       0x2c utils/CMakeFiles/pio_ws2812_2.dir/C_/Users/dreng/source/repos/pico/pico-sdk/src/rp2_common/pico_bootrom/bootrom.c.obj
 .ARM.attributes
                0x000003d2       0x22 utils/CMakeFiles/pio_ws2812_2.dir/C_/Users/dreng/source/repos/pico/pico-sdk/src/rp2_common/pico_divider/divider.S.obj
 .ARM.attributes
                0x000003f4       0x22 utils/CMakeFiles/pio_ws2812_2.dir/C_/Users/dreng/source/repos/pico/pico-sdk/src/rp2_common/pico_double/double_aeabi.S.obj
 .ARM.attributes
                0x00000416       0x2c utils/CMakeFiles/pio_ws2812_2.dir/C_/Users/dreng/source/repos/pico/pico-sdk/src/rp2_common/pico_double/double_init_rom.c.obj
 .ARM.attributes
                0x00000442       0x22 utils/CMakeFiles/pio_ws2812_2.dir/C_/Users/dreng/source/repos/pico/pico-sdk/src/rp2_common/pico_double/double_v1_rom_shim.S.obj
 .ARM.attributes
                0x00000464       0x22 utils/CMakeFiles/pio_ws2812_2.dir/C_/Users/dreng/source/repos/pico/pico-sdk/src/rp2_common/pico_int64_ops/pico_int64_ops_aeabi.S.obj
 .ARM.attributes
                0x00000486       0x22 utils/CMakeFiles/pio_ws2812_2.dir/C_/Users/dreng/source/repos/pico/pico-sdk/src/rp2_common/pico_float/float_aeabi.S.obj
 .ARM.attributes
                0x000004a8       0x2c utils/CMakeFiles/pio_ws2812_2.dir/C_/Users/dreng/source/repos/pico/pico-sdk/src/rp2_common/pico_float/float_init_rom.c.obj
 .ARM.attributes
                0x000004d4       0x22 utils/CMakeFiles/pio_ws2812_2.dir/C_/Users/dreng/source/repos/pico/pico-sdk/src/rp2_common/pico_float/float_v1_rom_shim.S.obj
 .ARM.attributes
                0x000004f6       0x22 utils/CMakeFiles/pio_ws2812_2.dir/C_/Users/dreng/source/repos/pico/pico-sdk/src/rp2_common/pico_mem_ops/mem_ops_aeabi.S.obj
 .ARM.attributes
                0x00000518       0x22 utils/CMakeFiles/pio_ws2812_2.dir/C_/Users/dreng/source/repos/pico/pico-sdk/src/rp2_common/pico_standard_link/crt0.S.obj
 .ARM.attributes
                0x0000053a       0x2c utils/CMakeFiles/pio_ws2812_2.dir/C_/Users/dreng/source/repos/pico/pico-sdk/src/rp2_common/pico_standard_link/binary_info.c.obj
 .ARM.attributes
                0x00000566       0x2c utils/CMakeFiles/pio_ws2812_2.dir/C_/Users/dreng/source/repos/pico/pico-sdk/src/rp2_common/pico_stdio/stdio.c.obj
 .ARM.attributes
                0x00000592       0x2c utils/CMakeFiles/pio_ws2812_2.dir/C_/Users/dreng/source/repos/pico/pico-sdk/src/rp2_common/pico_stdio_uart/stdio_uart.c.obj
 .ARM.attributes
                0x000005be       0x2c utils/CMakeFiles/pio_ws2812_2.dir/C_/Users/dreng/source/repos/pico/pico-sdk/src/rp2_common/hardware_pio/pio.c.obj
 .ARM.attributes
                0x000005ea       0x22 C:\Users\dreng\AppData\Local\Temp\ccsQExRk.o
 .ARM.attributes
                0x0000060c       0x1e c:/progra~1/raspbe~1/picosd~1.0/gcc-ar~1/bin/../lib/gcc/arm-none-eabi/10.3.1/thumb/v6-m/nofp\libgcc.a(_dvmd_tls.o)
 .ARM.attributes
                0x0000062a       0x2c c:/progra~1/raspbe~1/picosd~1.0/gcc-ar~1/bin/../lib/gcc/arm-none-eabi/10.3.1/../../../../arm-none-eabi/lib/thumb/v6-m/nofp\libg.a(lib_a-strlen-stub.o)

.comment        0x00000000       0x49
 .comment       0x00000000       0x49 utils/CMakeFiles/pio_ws2812_2.dir/ws2812.c.obj
                                 0x4a (size before relaxing)
 .comment       0x00000049       0x4a utils/CMakeFiles/pio_ws2812_2.dir/C_/Users/dreng/source/repos/pico/pico-sdk/src/rp2_common/hardware_gpio/gpio.c.obj
 .comment       0x00000049       0x4a utils/CMakeFiles/pio_ws2812_2.dir/C_/Users/dreng/source/repos/pico/pico-sdk/src/rp2_common/pico_platform/platform.c.obj
 .comment       0x00000049       0x4a utils/CMakeFiles/pio_ws2812_2.dir/C_/Users/dreng/source/repos/pico/pico-sdk/src/rp2_common/hardware_claim/claim.c.obj
 .comment       0x00000049       0x4a utils/CMakeFiles/pio_ws2812_2.dir/C_/Users/dreng/source/repos/pico/pico-sdk/src/rp2_common/hardware_sync/sync.c.obj
 .comment       0x00000049       0x4a utils/CMakeFiles/pio_ws2812_2.dir/C_/Users/dreng/source/repos/pico/pico-sdk/src/rp2_common/hardware_irq/irq.c.obj
 .comment       0x00000049       0x4a utils/CMakeFiles/pio_ws2812_2.dir/C_/Users/dreng/source/repos/pico/pico-sdk/src/common/pico_sync/lock_core.c.obj
 .comment       0x00000049       0x4a utils/CMakeFiles/pio_ws2812_2.dir/C_/Users/dreng/source/repos/pico/pico-sdk/src/common/pico_sync/mutex.c.obj
 .comment       0x00000049       0x4a utils/CMakeFiles/pio_ws2812_2.dir/C_/Users/dreng/source/repos/pico/pico-sdk/src/common/pico_time/time.c.obj
 .comment       0x00000049       0x4a utils/CMakeFiles/pio_ws2812_2.dir/C_/Users/dreng/source/repos/pico/pico-sdk/src/rp2_common/hardware_timer/timer.c.obj
 .comment       0x00000049       0x4a utils/CMakeFiles/pio_ws2812_2.dir/C_/Users/dreng/source/repos/pico/pico-sdk/src/common/pico_util/pheap.c.obj
 .comment       0x00000049       0x4a utils/CMakeFiles/pio_ws2812_2.dir/C_/Users/dreng/source/repos/pico/pico-sdk/src/rp2_common/hardware_uart/uart.c.obj
 .comment       0x00000049       0x4a utils/CMakeFiles/pio_ws2812_2.dir/C_/Users/dreng/source/repos/pico/pico-sdk/src/rp2_common/hardware_clocks/clocks.c.obj
 .comment       0x00000049       0x4a utils/CMakeFiles/pio_ws2812_2.dir/C_/Users/dreng/source/repos/pico/pico-sdk/src/rp2_common/hardware_pll/pll.c.obj
 .comment       0x00000049       0x4a utils/CMakeFiles/pio_ws2812_2.dir/C_/Users/dreng/source/repos/pico/pico-sdk/src/rp2_common/hardware_watchdog/watchdog.c.obj
 .comment       0x00000049       0x4a utils/CMakeFiles/pio_ws2812_2.dir/C_/Users/dreng/source/repos/pico/pico-sdk/src/rp2_common/hardware_xosc/xosc.c.obj
 .comment       0x00000049       0x4a utils/CMakeFiles/pio_ws2812_2.dir/C_/Users/dreng/source/repos/pico/pico-sdk/src/rp2_common/pico_runtime/runtime.c.obj
 .comment       0x00000049       0x4a utils/CMakeFiles/pio_ws2812_2.dir/C_/Users/dreng/source/repos/pico/pico-sdk/src/rp2_common/pico_printf/printf.c.obj
 .comment       0x00000049       0x4a utils/CMakeFiles/pio_ws2812_2.dir/C_/Users/dreng/source/repos/pico/pico-sdk/src/rp2_common/pico_bootrom/bootrom.c.obj
 .comment       0x00000049       0x4a utils/CMakeFiles/pio_ws2812_2.dir/C_/Users/dreng/source/repos/pico/pico-sdk/src/rp2_common/pico_double/double_init_rom.c.obj
 .comment       0x00000049       0x4a utils/CMakeFiles/pio_ws2812_2.dir/C_/Users/dreng/source/repos/pico/pico-sdk/src/rp2_common/pico_float/float_init_rom.c.obj
 .comment       0x00000049       0x4a utils/CMakeFiles/pio_ws2812_2.dir/C_/Users/dreng/source/repos/pico/pico-sdk/src/rp2_common/pico_standard_link/binary_info.c.obj
 .comment       0x00000049       0x4a utils/CMakeFiles/pio_ws2812_2.dir/C_/Users/dreng/source/repos/pico/pico-sdk/src/rp2_common/pico_stdio/stdio.c.obj
 .comment       0x00000049       0x4a utils/CMakeFiles/pio_ws2812_2.dir/C_/Users/dreng/source/repos/pico/pico-sdk/src/rp2_common/pico_stdio_uart/stdio_uart.c.obj
 .comment       0x00000049       0x4a utils/CMakeFiles/pio_ws2812_2.dir/C_/Users/dreng/source/repos/pico/pico-sdk/src/rp2_common/hardware_pio/pio.c.obj

.debug_info     0x00000000    0x18805
 .debug_info    0x00000000     0x14bc utils/CMakeFiles/pio_ws2812_2.dir/ws2812.c.obj
 .debug_info    0x000014bc     0x16d8 utils/CMakeFiles/pio_ws2812_2.dir/C_/Users/dreng/source/repos/pico/pico-sdk/src/rp2_common/hardware_gpio/gpio.c.obj
 .debug_info    0x00002b94      0x1e3 utils/CMakeFiles/pio_ws2812_2.dir/C_/Users/dreng/source/repos/pico/pico-sdk/src/rp2_common/pico_platform/platform.c.obj
 .debug_info    0x00002d77      0x6bc utils/CMakeFiles/pio_ws2812_2.dir/C_/Users/dreng/source/repos/pico/pico-sdk/src/rp2_common/hardware_claim/claim.c.obj
 .debug_info    0x00003433      0x58e utils/CMakeFiles/pio_ws2812_2.dir/C_/Users/dreng/source/repos/pico/pico-sdk/src/rp2_common/hardware_sync/sync.c.obj
 .debug_info    0x000039c1     0x1c9c utils/CMakeFiles/pio_ws2812_2.dir/C_/Users/dreng/source/repos/pico/pico-sdk/src/rp2_common/hardware_irq/irq.c.obj
 .debug_info    0x0000565d      0x1a4 utils/CMakeFiles/pio_ws2812_2.dir/C_/Users/dreng/source/repos/pico/pico-sdk/src/common/pico_sync/lock_core.c.obj
 .debug_info    0x00005801     0x20d3 utils/CMakeFiles/pio_ws2812_2.dir/C_/Users/dreng/source/repos/pico/pico-sdk/src/common/pico_sync/mutex.c.obj
 .debug_info    0x000078d4     0x4066 utils/CMakeFiles/pio_ws2812_2.dir/C_/Users/dreng/source/repos/pico/pico-sdk/src/common/pico_time/time.c.obj
 .debug_info    0x0000b93a     0x13ee utils/CMakeFiles/pio_ws2812_2.dir/C_/Users/dreng/source/repos/pico/pico-sdk/src/rp2_common/hardware_timer/timer.c.obj
 .debug_info    0x0000cd28     0x123b utils/CMakeFiles/pio_ws2812_2.dir/C_/Users/dreng/source/repos/pico/pico-sdk/src/common/pico_util/pheap.c.obj
 .debug_info    0x0000df63      0xb65 utils/CMakeFiles/pio_ws2812_2.dir/C_/Users/dreng/source/repos/pico/pico-sdk/src/rp2_common/hardware_uart/uart.c.obj
 .debug_info    0x0000eac8      0xf8d utils/CMakeFiles/pio_ws2812_2.dir/C_/Users/dreng/source/repos/pico/pico-sdk/src/rp2_common/hardware_clocks/clocks.c.obj
 .debug_info    0x0000fa55      0x51b utils/CMakeFiles/pio_ws2812_2.dir/C_/Users/dreng/source/repos/pico/pico-sdk/src/rp2_common/hardware_pll/pll.c.obj
 .debug_info    0x0000ff70      0x4ee utils/CMakeFiles/pio_ws2812_2.dir/C_/Users/dreng/source/repos/pico/pico-sdk/src/rp2_common/hardware_watchdog/watchdog.c.obj
 .debug_info    0x0001045e      0x1d8 utils/CMakeFiles/pio_ws2812_2.dir/C_/Users/dreng/source/repos/pico/pico-sdk/src/rp2_common/hardware_xosc/xosc.c.obj
 .debug_info    0x00010636     0x1028 utils/CMakeFiles/pio_ws2812_2.dir/C_/Users/dreng/source/repos/pico/pico-sdk/src/rp2_common/pico_runtime/runtime.c.obj
 .debug_info    0x0001165e     0x1a5f utils/CMakeFiles/pio_ws2812_2.dir/C_/Users/dreng/source/repos/pico/pico-sdk/src/rp2_common/pico_printf/printf.c.obj
 .debug_info    0x000130bd       0x22 utils/CMakeFiles/pio_ws2812_2.dir/C_/Users/dreng/source/repos/pico/pico-sdk/src/rp2_common/pico_bit_ops/bit_ops_aeabi.S.obj
 .debug_info    0x000130df      0x27c utils/CMakeFiles/pio_ws2812_2.dir/C_/Users/dreng/source/repos/pico/pico-sdk/src/rp2_common/pico_bootrom/bootrom.c.obj
 .debug_info    0x0001335b       0x22 utils/CMakeFiles/pio_ws2812_2.dir/C_/Users/dreng/source/repos/pico/pico-sdk/src/rp2_common/pico_divider/divider.S.obj
 .debug_info    0x0001337d       0x22 utils/CMakeFiles/pio_ws2812_2.dir/C_/Users/dreng/source/repos/pico/pico-sdk/src/rp2_common/pico_double/double_aeabi.S.obj
 .debug_info    0x0001339f      0x2d1 utils/CMakeFiles/pio_ws2812_2.dir/C_/Users/dreng/source/repos/pico/pico-sdk/src/rp2_common/pico_double/double_init_rom.c.obj
 .debug_info    0x00013670       0x22 utils/CMakeFiles/pio_ws2812_2.dir/C_/Users/dreng/source/repos/pico/pico-sdk/src/rp2_common/pico_double/double_v1_rom_shim.S.obj
 .debug_info    0x00013692       0x26 utils/CMakeFiles/pio_ws2812_2.dir/C_/Users/dreng/source/repos/pico/pico-sdk/src/rp2_common/pico_int64_ops/pico_int64_ops_aeabi.S.obj
 .debug_info    0x000136b8       0x22 utils/CMakeFiles/pio_ws2812_2.dir/C_/Users/dreng/source/repos/pico/pico-sdk/src/rp2_common/pico_float/float_aeabi.S.obj
 .debug_info    0x000136da      0x2eb utils/CMakeFiles/pio_ws2812_2.dir/C_/Users/dreng/source/repos/pico/pico-sdk/src/rp2_common/pico_float/float_init_rom.c.obj
 .debug_info    0x000139c5       0x22 utils/CMakeFiles/pio_ws2812_2.dir/C_/Users/dreng/source/repos/pico/pico-sdk/src/rp2_common/pico_float/float_v1_rom_shim.S.obj
 .debug_info    0x000139e7       0x22 utils/CMakeFiles/pio_ws2812_2.dir/C_/Users/dreng/source/repos/pico/pico-sdk/src/rp2_common/pico_mem_ops/mem_ops_aeabi.S.obj
 .debug_info    0x00013a09       0x22 utils/CMakeFiles/pio_ws2812_2.dir/C_/Users/dreng/source/repos/pico/pico-sdk/src/rp2_common/pico_standard_link/crt0.S.obj
 .debug_info    0x00013a2b      0x2f6 utils/CMakeFiles/pio_ws2812_2.dir/C_/Users/dreng/source/repos/pico/pico-sdk/src/rp2_common/pico_standard_link/binary_info.c.obj
 .debug_info    0x00013d21     0x1821 utils/CMakeFiles/pio_ws2812_2.dir/C_/Users/dreng/source/repos/pico/pico-sdk/src/rp2_common/pico_stdio/stdio.c.obj
 .debug_info    0x00015542     0x1044 utils/CMakeFiles/pio_ws2812_2.dir/C_/Users/dreng/source/repos/pico/pico-sdk/src/rp2_common/pico_stdio_uart/stdio_uart.c.obj
 .debug_info    0x00016586     0x227f utils/CMakeFiles/pio_ws2812_2.dir/C_/Users/dreng/source/repos/pico/pico-sdk/src/rp2_common/hardware_pio/pio.c.obj

.debug_abbrev   0x00000000     0x48ea